******************************************************************************
                  TI ARM Linker PC v20.2.7                     
******************************************************************************
>> Linked Wed Jan 25 09:01:19 2023

OUTPUT FILE NAME:   <dsp_FFT_radix2.out>
ENTRY POINT SYMBOL: "_c_int00_noargs"  address: 00010285


MEMORY CONFIGURATION

         name            origin    length      used     unused   attr    fill
----------------------  --------  ---------  --------  --------  ----  --------
  FLASH                 00000000   00100000  0001937a  000e6c86  R  X
  SRAM                  20000000   00040000  000110ec  0002ef14  RW X


SEGMENT ALLOCATION MAP

run origin  load origin   length   init length attrs members
----------  ----------- ---------- ----------- ----- -------
00000000    00000000    00019380   00019380    r-x
  00000000    00000000    00000208   00000208    r-- .intvecs
  00000208    00000208    0000c388   0000c388    r-- .const
  0000c590    0000c590    000040ca   000040ca    r-x .text
  00010660    00010660    00008d20   00008d20    r-- .cinit
20000000    20000000    000110f0   00000000    rw-
  20000000    20000000    000101fc   00000000    rw- .data
  20010200    20010200    00000900   00000000    rw- .sysmem
  20010b00    20010b00    00000400   00000000    rw- .stack
  20010f00    20010f00    000001f0   00000000    rw- .bss


SECTION ALLOCATION MAP

 output                                  attributes/
section   page    origin      length       input sections
--------  ----  ----------  ----------   ----------------
.intvecs   0    00000000    00000208     
                  00000000    00000208     tm4c129encpdt_startup_ccs.obj (.intvecs)

.const     0    00000208    0000c388     
                  00000208    00008000     twiddleFactor.obj (.const:twiddleFactor_8192)
                  00008208    00004000     bit_reversal.obj (.const:bit_reversal_8192)
                  0000c208    00000120     driverlib.lib : sysctl.obj (.const:g_pppui32XTALtoVCO)
                  0000c328    00000101     rtsv7M4_T_le_v4SPD16_eabi.lib : ctype.c.obj (.const:.string:_ctypes_)
                  0000c429    00000003     --HOLE-- [fill = 0]
                  0000c42c    00000090     driverlib.lib : gpio.obj (.const:g_pui32GPIOBaseAddrs)
                  0000c4bc    0000006c                   : sysctl.obj (.const:g_pui32Xtals)
                  0000c528    00000030                   : sysctl.obj (.const:g_sXTALtoMEMTIM)
                  0000c558    00000012     uartstdio.obj (.const:.string)
                  0000c56a    00000002     --HOLE-- [fill = 0]
                  0000c56c    0000000c     uartstdio.obj (.const:g_ui32UARTBase)
                  0000c578    0000000c     uartstdio.obj (.const:g_ui32UARTPeriph)
                  0000c584    00000008     driverlib.lib : sysctl.obj (.const)
                  0000c58c    00000004     uartstdio.obj (.const)

.text      0    0000c590    000040ca     
                  0000c590    00000a4e     rtsv7M4_T_le_v4SPD16_eabi.lib : _printfi.c.obj (.text:__TI_printfi)
                  0000cfde    00000002                                   : _lock.c.obj (.text:_nop)
                  0000cfe0    0000049c     uartstdio.obj (.text)
                  0000d47c    00000284     fft_dif.obj (.text)
                  0000d700    00000284     main.obj (.text)
                  0000d984    00000270     rtsv7M4_T_le_v4SPD16_eabi.lib : _printfi.c.obj (.text:_pconv_a)
                  0000dbf4    00000204     driverlib.lib : sysctl.obj (.text:SysCtlClockFreqSet)
                  0000ddf8    000001d0     rtsv7M4_T_le_v4SPD16_eabi.lib : _printfi.c.obj (.text:_pconv_g)
                  0000dfc8    000001b6                                   : fd_add_t2.asm.obj (.text)
                  0000e17e    00000002                                   : div0.asm.obj (.text)
                  0000e180    00000158                                   : e_sqrt.c.obj (.text:sqrt)
                  0000e2d8    0000013c                                   : _printfi.c.obj (.text:_pconv_e)
                  0000e414    00000136                                   : fd_div_t2.asm.obj (.text)
                  0000e54a    00000132     driverlib.lib : gpio.obj (.text:GPIOPadConfigSet)
                  0000e67c    00000124     rtsv7M4_T_le_v4SPD16_eabi.lib : _printfi.c.obj (.text:fcvt)
                  0000e7a0    00000124     mydevices.obj (.text)
                  0000e8c4    00000114     rtsv7M4_T_le_v4SPD16_eabi.lib : fputs.c.obj (.text:fputs)
                  0000e9d8    00000110                                   : fopen.c.obj (.text:_openfile)
                  0000eae8    00000110                                   : s_scalbn.c.obj (.text:scalbn)
                  0000ebf8    00000100                                   : memory.c.obj (.text:aligned_alloc)
                  0000ecf8    000000fc                                   : fd_mul_t2.asm.obj (.text)
                  0000edf4    000000f4     complex_typedefs.obj (.text)
                  0000eee8    000000e4     rtsv7M4_T_le_v4SPD16_eabi.lib : memory.c.obj (.text:free)
                  0000efcc    000000dc                                   : setvbuf.c.obj (.text:setvbuf)
                  0000f0a8    000000bc                                   : open.c.obj (.text:open)
                  0000f164    000000b8                                   : add_device.c.obj (.text:add_device)
                  0000f21c    000000b1                                   : _printfi.c.obj (.text:_ltostr)
                  0000f2cd    00000003     --HOLE-- [fill = 0]
                  0000f2d0    0000009c                                   : fopen.c.obj (.text:fopen)
                  0000f36c    0000009c                                   : memcpy_t2.asm.obj (.text)
                  0000f408    00000096                                   : ull_div_t2.asm.obj (.text)
                  0000f49e    00000002     --HOLE-- [fill = 0]
                  0000f4a0    0000008c                                   : fputc.c.obj (.text:fputc)
                  0000f52c    00000086                                   : fd_cmp_t2.asm.obj (.text:__aeabi_cdcmple)
                  0000f5b2    00000086                                   : fd_cmp_t2.asm.obj (.text:__aeabi_cdrcmple)
                  0000f638    0000007a                                   : memset_t2.asm.obj (.text)
                  0000f6b2    00000002     --HOLE-- [fill = 0]
                  0000f6b4    00000074                                   : fclose.c.obj (.text:__TI_closefile)
                  0000f728    00000070                                   : memory.c.obj (.text:split)
                  0000f798    0000006e                                   : _printfi.c.obj (.text:_mcpy)
                  0000f806    00000002     --HOLE-- [fill = 0]
                  0000f808    0000006c                                   : hostrename.c.obj (.text:HOSTrename)
                  0000f874    00000068                                   : hostlseek.c.obj (.text:HOSTlseek)
                  0000f8dc    00000068                                   : copy_decompress_lzss.c.obj (.text:decompress:lzss:__TI_decompress_lzss)
                  0000f944    00000068                                   : printf.c.obj (.text:printf)
                  0000f9ac    00000064                                   : s_frexp.c.obj (.text:frexp)
                  0000fa10    00000064                                   : fseek.c.obj (.text:fseek)
                  0000fa74    00000062                                   : _io_perm.c.obj (.text:__TI_wrt_ok)
                  0000fad6    00000002     --HOLE-- [fill = 0]
                  0000fad8    00000060                                   : hostopen.c.obj (.text:HOSTopen)
                  0000fb38    0000005c                                   : close.c.obj (.text:close)
                  0000fb94    00000058                                   : hostread.c.obj (.text:HOSTread)
                  0000fbec    00000058                                   : hostwrite.c.obj (.text:HOSTwrite)
                  0000fc44    00000056                                   : _printfi.c.obj (.text:_pconv_f)
                  0000fc9a    00000054                                   : _ltoa.c.obj (.text:__TI_ltoa)
                  0000fcee    00000052                                   : _printfi.c.obj (.text:_ecpy)
                  0000fd40    0000004c                                   : fflush.c.obj (.text:__TI_doflush)
                  0000fd8c    0000004c                                   : atoi.c.obj (.text:atoi)
                  0000fdd8    00000048     driverlib.lib : gpio.obj (.text:GPIOPinConfigure)
                  0000fe20    00000048                   : sysctl.obj (.text:_SysCtlFrequencyGet)
                  0000fe68    00000048     rtsv7M4_T_le_v4SPD16_eabi.lib : exit.c.obj (.text:exit)
                  0000feb0    00000048                                   : fd_toi_t2.asm.obj (.text)
                  0000fef8    00000046     driverlib.lib : uart.obj (.text:UARTConfigSetExpClk)
                  0000ff3e    00000002     --HOLE-- [fill = 0]
                  0000ff40    00000044     rtsv7M4_T_le_v4SPD16_eabi.lib : hostclose.c.obj (.text:HOSTclose)
                  0000ff84    00000044                                   : hostunlink.c.obj (.text:HOSTunlink)
                  0000ffc8    00000044                                   : autoinit.c.obj (.text:__TI_auto_init_nobinit_nopinit:__TI_auto_init_nobinit_nopinit)
                  0001000c    00000044                                   : getdevice.c.obj (.text:getdevice)
                  00010050    00000040                                   : u_divt2.asm.obj (.text)
                  00010090    0000003e                                   : _printfi.c.obj (.text:_fcpy)
                  000100ce    00000002     --HOLE-- [fill = 0]
                  000100d0    00000038     driverlib.lib : sysctl.obj (.text:SysCtlPeripheralPresent)
                  00010108    00000038                   : sysctl.obj (.text:SysCtlPeripheralReady)
                  00010140    00000038     rtsv7M4_T_le_v4SPD16_eabi.lib : trgmsg.c.obj (.text:__TI_writemsg)
                  00010178    00000038                                   : fs_tod_t2.asm.obj (.text)
                  000101b0    00000036                                   : strncpy.c.obj (.text:strncpy)
                  000101e6    00000002     --HOLE-- [fill = 0]
                  000101e8    00000034     driverlib.lib : sysctl.obj (.text:SysCtlPeripheralEnable)
                  0001021c    00000034     rtsv7M4_T_le_v4SPD16_eabi.lib : fopen.c.obj (.text:__TI_cleanup)
                  00010250    00000034                                   : trgmsg.c.obj (.text:__TI_readmsg)
                  00010284    00000034                                   : boot_cortex_m.c.obj (.text:_c_int00_noargs:_c_int00_noargs)
                  000102b8    00000034                                   : fopen.c.obj (.text:freopen)
                  000102ec    00000030                                   : getdevice.c.obj (.text:finddevice)
                  0001031c    0000002e                                   : i_tofd_t2.asm.obj (.text)
                  0001034a    00000002     --HOLE-- [fill = 0]
                  0001034c    0000002c                                   : unlink.c.obj (.text:unlink)
                  00010378    0000002a     driverlib.lib : gpio.obj (.text:GPIODirModeSet)
                  000103a2    00000002     --HOLE-- [fill = 0]
                  000103a4    00000028     rtsv7M4_T_le_v4SPD16_eabi.lib : memory.c.obj (.text:free_list_insert)
                  000103cc    00000028                                   : lseek.c.obj (.text:lseek)
                  000103f4    00000028                                   : write.c.obj (.text:write)
                  0001041c    00000020     driverlib.lib : uart.obj (.text:UARTDisable)
                  0001043c    00000020                   : sysctl.obj (.text:_SysCtlMemTimingGet)
                  0001045c    00000020     rtsv7M4_T_le_v4SPD16_eabi.lib : memchr.c.obj (.text:memchr)
                  0001047c    00000020                                   : u_tofd_t2.asm.obj (.text)
                  0001049c    0000001c                                   : copy_zero_init.c.obj (.text:decompress:ZI:__TI_zero_init_nomemset:__TI_zero_init_nomemset)
                  000104b8    0000001c                                   : memory.c.obj (.text:free_list_remove)
                  000104d4    0000001c                                   : memccpy.c.obj (.text:memccpy)
                  000104f0    0000001a                                   : s_copysign.c.obj (.text:copysign)
                  0001050a    00000018     driverlib.lib : gpio.obj (.text:GPIOPinTypeGPIOOutput)
                  00010522    00000018     rtsv7M4_T_le_v4SPD16_eabi.lib : strcmp.c.obj (.text:strcmp)
                  0001053a    00000016                                   : strchr.c.obj (.text:strchr)
                  00010550    00000014     driverlib.lib : systick.obj (.text:SysTickEnable)
                  00010564    00000014                   : uart.obj (.text:UARTEnable)
                  00010578    00000014     rtsv7M4_T_le_v4SPD16_eabi.lib : strcpy.c.obj (.text:strcpy)
                  0001058c    00000014                                   : strlen.c.obj (.text:strlen)
                  000105a0    00000012     driverlib.lib : gpio.obj (.text:GPIOPinTypeGPIOInput)
                  000105b2    00000012                   : gpio.obj (.text:GPIOPinTypeUART)
                  000105c4    00000012     rtsv7M4_T_le_v4SPD16_eabi.lib : wcslen.c.obj (.text:wcslen)
                  000105d6    00000002     --HOLE-- [fill = 0]
                  000105d8    00000010     driverlib.lib : fpu.obj (.text:FPUEnable)
                  000105e8    00000010                   : systick.obj (.text:SysTickPeriodSet)
                  000105f8    0000000e     rtsv7M4_T_le_v4SPD16_eabi.lib : copy_decompress_none.c.obj (.text:decompress:none:__TI_decompress_none)
                  00010606    00000002     --HOLE-- [fill = 0]
                  00010608    0000000c     driverlib.lib : systick.obj (.text:SysTickValueGet)
                  00010614    0000000c     tm4c129encpdt_startup_ccs.obj (.text)
                  00010620    0000000a     driverlib.lib : uart.obj (.text:UARTCharGet)
                  0001062a    0000000a                   : uart.obj (.text:UARTCharPut)
                  00010634    00000008     rtsv7M4_T_le_v4SPD16_eabi.lib : errno.c.obj (.text:__aeabi_errno_addr)
                  0001063c    00000008                                   : memory.c.obj (.text:malloc)
                  00010644    00000006     driverlib.lib : gpio.obj (.text:GPIOPinWrite)
                  0001064a    00000004     rtsv7M4_T_le_v4SPD16_eabi.lib : printf.c.obj (.text:_outc)
                  0001064e    00000004                                   : printf.c.obj (.text:_outs)
                  00010652    00000004                                   : pre_init.c.obj (.text:_system_pre_init)
                  00010656    00000004                                   : exit.c.obj (.text:abort:abort)

.cinit     0    00010660    00008d20     
                  00010660    00008cf6     (.cinit..data.load) [load image, compression = lzss]
                  00019356    00000002     --HOLE-- [fill = 0]
                  00019358    0000000c     (__TI_handler_table)
                  00019364    00000004     --HOLE-- [fill = 0]
                  00019368    00000008     (.cinit..bss.load) [load image, compression = zero_init]
                  00019370    00000010     (__TI_cinit_table)

.init_array 
*          0    00000000    00000000     UNINITIALIZED

.data      0    20000000    000101fc     UNINITIALIZED
                  20000000    00010000     signals.obj (.data:signal_gen_8192)
                  20010000    000000f0     rtsv7M4_T_le_v4SPD16_eabi.lib : defs.c.obj (.data:_ftable)
                  200100f0    00000078                                   : host_device.c.obj (.data:_device)
                  20010168    00000050                                   : host_device.c.obj (.data:_stream)
                  200101b8    00000010                                   : defs.c.obj (.data)
                  200101c8    0000000c                                   : exit.c.obj (.data:$O1$$)
                  200101d4    00000008                                   : _lock.c.obj (.data:$O1$$)
                  200101dc    00000008                                   : memory.c.obj (.data:$O1$$)
                  200101e4    00000005     uartstdio.obj (.data)
                  200101e9    00000003     --HOLE--
                  200101ec    00000004     rtsv7M4_T_le_v4SPD16_eabi.lib : add_device.c.obj (.data)
                  200101f0    00000004                                   : errno.c.obj (.data)
                  200101f4    00000004                                   : fopen.c.obj (.data)
                  200101f8    00000004                                   : open.c.obj (.data)

.sysmem    0    20010200    00000900     UNINITIALIZED
                  20010200    00000010     rtsv7M4_T_le_v4SPD16_eabi.lib : memory.c.obj (.sysmem)
                  20010210    000008f0     --HOLE--

.stack     0    20010b00    00000400     UNINITIALIZED
                  20010b00    00000004     rtsv7M4_T_le_v4SPD16_eabi.lib : boot_cortex_m.c.obj (.stack)
                  20010b04    000003fc     --HOLE--

.bss       0    20010f00    000001f0     UNINITIALIZED
                  20010f00    00000120     rtsv7M4_T_le_v4SPD16_eabi.lib : trgmsg.c.obj (.bss:_CIOBUF_)
                  20011020    000000a0     (.common:__TI_tmpnams)
                  200110c0    0000001c     (.common:FFT_1)
                  200110dc    00000008     (.common:parmbuf)
                  200110e4    00000004     (.common:loop)
                  200110e8    00000004     (.common:status)
                  200110ec    00000004     (.common:value_e)

__llvm_prf_cnts 
*          0    20000000    00000000     UNINITIALIZED

MODULE SUMMARY

       Module                          code    ro data   rw data
       ------                          ----    -------   -------
    .\
       uartstdio.obj                   1180    46        5      
       main.obj                        644     0         40     
       tm4c129encpdt_startup_ccs.obj   12      520       0      
    +--+-------------------------------+-------+---------+---------+
       Total:                          1836    566       45     
                                                                
    .\lib_dsp\
       signals.obj                     0       0         65536  
       twiddleFactor.obj               0       32768     0      
       bit_reversal.obj                0       16384     0      
       fft_dif.obj                     644     0         0      
       complex_typedefs.obj            244     0         0      
    +--+-------------------------------+-------+---------+---------+
       Total:                          888     49152     65536  
                                                                
    .\mydevices\
       mydevices.obj                   292     0         0      
    +--+-------------------------------+-------+---------+---------+
       Total:                          292     0         0      
                                                                
    C:/ti/TivaWare_C_Series-2.1.2.111/driverlib/ccs/Debug/driverlib.lib
       sysctl.obj                      784     452       0      
       gpio.obj                        486     144       0      
       uart.obj                        142     0         0      
       systick.obj                     48      0         0      
       fpu.obj                         16      0         0      
    +--+-------------------------------+-------+---------+---------+
       Total:                          1476    596       0      
                                                                
    C:\ti\ccs1040\ccs\tools\compiler\ti-cgt-arm_20.2.7.LTS\lib\rtsv7M4_T_le_v4SPD16_eabi.lib
       _printfi.c.obj                  4851    0         0      
       memory.c.obj                    672     0         8      
       fopen.c.obj                     532     0         4      
       fd_add_t2.asm.obj               438     0         0      
       defs.c.obj                      0       0         416    
       trgmsg.c.obj                    108     0         288    
       e_sqrt.c.obj                    344     0         0      
       fd_div_t2.asm.obj               310     0         0      
       fputs.c.obj                     276     0         0      
       s_scalbn.c.obj                  272     0         0      
       fd_cmp_t2.asm.obj               268     0         0      
       ctype.c.obj                     0       257       0      
       fd_mul_t2.asm.obj               252     0         0      
       setvbuf.c.obj                   220     0         0      
       host_device.c.obj               0       0         200    
       open.c.obj                      188     0         4      
       add_device.c.obj                184     0         4      
       memcpy_t2.asm.obj               156     0         0      
       ull_div_t2.asm.obj              150     0         0      
       fputc.c.obj                     140     0         0      
       memset_t2.asm.obj               122     0         0      
       fclose.c.obj                    116     0         0      
       getdevice.c.obj                 116     0         0      
       printf.c.obj                    112     0         0      
       hostrename.c.obj                108     0         0      
       copy_decompress_lzss.c.obj      104     0         0      
       hostlseek.c.obj                 104     0         0      
       hostopen.c.obj                  96      0         8      
       fseek.c.obj                     100     0         0      
       s_frexp.c.obj                   100     0         0      
       _io_perm.c.obj                  98      0         0      
       close.c.obj                     92      0         0      
       exit.c.obj                      76      0         12     
       hostread.c.obj                  88      0         0      
       hostwrite.c.obj                 88      0         0      
       _ltoa.c.obj                     84      0         0      
       atoi.c.obj                      76      0         0      
       fflush.c.obj                    76      0         0      
       fd_toi_t2.asm.obj               72      0         0      
       autoinit.c.obj                  68      0         0      
       hostclose.c.obj                 68      0         0      
       hostunlink.c.obj                68      0         0      
       u_divt2.asm.obj                 64      0         0      
       fs_tod_t2.asm.obj               56      0         0      
       strncpy.c.obj                   54      0         0      
       boot_cortex_m.c.obj             52      0         0      
       i_tofd_t2.asm.obj               46      0         0      
       unlink.c.obj                    44      0         0      
       lseek.c.obj                     40      0         0      
       write.c.obj                     40      0         0      
       memchr.c.obj                    32      0         0      
       u_tofd_t2.asm.obj               32      0         0      
       copy_zero_init.c.obj            28      0         0      
       memccpy.c.obj                   28      0         0      
       s_copysign.c.obj                26      0         0      
       strcmp.c.obj                    24      0         0      
       strchr.c.obj                    22      0         0      
       strcpy.c.obj                    20      0         0      
       strlen.c.obj                    20      0         0      
       wcslen.c.obj                    18      0         0      
       copy_decompress_none.c.obj      14      0         0      
       errno.c.obj                     8       0         4      
       _lock.c.obj                     2       0         8      
       pre_init.c.obj                  4       0         0      
       div0.asm.obj                    2       0         0      
    +--+-------------------------------+-------+---------+---------+
       Total:                          12069   257       956    
                                                                
       Heap:                           0       0         2304   
       Stack:                          0       0         1024   
       Linker Generated:               0       36122     0      
    +--+-------------------------------+-------+---------+---------+
       Grand Total:                    16561   86693     69865  


LINKER GENERATED COPY TABLES

__TI_cinit_table @ 00019370 records: 2, size/record: 8, table size: 16
	.data: load addr=00010660, load size=00008cf6 bytes, run addr=20000000, run size=000101fc bytes, compression=lzss
	.bss: load addr=00019368, load size=00000008 bytes, run addr=20010f00, run size=000001f0 bytes, compression=zero_init


LINKER GENERATED HANDLER TABLE

__TI_handler_table @ 00019358 records: 3, size/record: 4, table size: 12
	index: 0, handler: __TI_decompress_lzss
	index: 1, handler: __TI_decompress_none
	index: 2, handler: __TI_zero_init


GLOBAL SYMBOLS: SORTED ALPHABETICALLY BY Name 

address   name                           
-------   ----                           
00010657  C$$EXIT                        
0001016f  C$$IO$$                        
200110c0  FFT_1                          
0000d4a5  FFT_DIF                        
0000d47d  FFT_DIF_INIT                   
000105d9  FPUEnable                      
00010379  GPIODirModeSet                 
0000e54b  GPIOPadConfigSet               
0000fdd9  GPIOPinConfigure               
000105a1  GPIOPinTypeGPIOInput           
0001050b  GPIOPinTypeGPIOOutput          
000105b3  GPIOPinTypeUART                
00010645  GPIOPinWrite                   
0000ff41  HOSTclose                      
0000f875  HOSTlseek                      
0000fad9  HOSTopen                       
0000fb95  HOSTread                       
0000f809  HOSTrename                     
0000ff85  HOSTunlink                     
0000fbed  HOSTwrite                      
0000e7a1  Init_Device                    
0000e7ff  MYDEVICE_close                 
0000e865  MYDEVICE_lseek                 
0000e7ef  MYDEVICE_open                  
0000e80b  MYDEVICE_read                  
0000e881  MYDEVICE_rename                
0000e875  MYDEVICE_unlink                
0000e837  MYDEVICE_write                 
00010615  ResetISR                       
0000dbf5  SysCtlClockFreqSet             
000101e9  SysCtlPeripheralEnable         
000100d1  SysCtlPeripheralPresent        
00010109  SysCtlPeripheralReady          
00010551  SysTickEnable                  
000105e9  SysTickPeriodSet               
00010609  SysTickValueGet                
00010621  UARTCharGet                    
0001062b  UARTCharPut                    
0000fef9  UARTConfigSetExpClk            
0001041d  UARTDisable                    
00010565  UARTEnable                     
0000cfe1  UARTStdioConfig                
0000d127  UARTgetc                       
0000d06d  UARTgets                       
0000d447  UARTprintf                     
0000d14d  UARTvprintf                    
0000d027  UARTwrite                      
20010f00  __CIOBUF_                      
20010f00  __STACK_END                    
00000400  __STACK_SIZE                   
20010d00  __STACK_TOP                    
00000900  __SYSMEM_SIZE                  
00019370  __TI_CINIT_Base                
00019380  __TI_CINIT_Limit               
00019358  __TI_Handler_Table_Base        
00019364  __TI_Handler_Table_Limit       
0000ffc9  __TI_auto_init_nobinit_nopinit 
0001021d  __TI_cleanup                   
200101c8  __TI_cleanup_ptr               
0000f6b5  __TI_closefile                 
0000f8dd  __TI_decompress_lzss           
000105f9  __TI_decompress_none           
0000fd41  __TI_doflush                   
200101cc  __TI_dtors_ptr                 
200101d0  __TI_enable_exit_profile_output
200101b8  __TI_ft_end                    
0000fc9b  __TI_ltoa                      
ffffffff  __TI_pprof_out_hndl            
0000c591  __TI_printfi                   
ffffffff  __TI_prof_data_size            
ffffffff  __TI_prof_data_start           
00010251  __TI_readmsg                   
00000000  __TI_static_base__             
20011020  __TI_tmpnams                   
00010141  __TI_writemsg                  
0000fa75  __TI_wrt_ok                    
0001049d  __TI_zero_init_nomemset        
0000f52d  __aeabi_cdcmpeq                
0000f52d  __aeabi_cdcmple                
0000f5b3  __aeabi_cdrcmple               
0000feb1  __aeabi_d2iz                   
0000dfd3  __aeabi_dadd                   
0000e415  __aeabi_ddiv                   
0000ecf9  __aeabi_dmul                   
0000dfc9  __aeabi_dsub                   
00010635  __aeabi_errno_addr             
00010179  __aeabi_f2d                    
0001031d  __aeabi_i2d                    
0000e17f  __aeabi_idiv0                  
0000e17f  __aeabi_ldiv0                  
0000f639  __aeabi_memclr                 
0000f639  __aeabi_memclr4                
0000f639  __aeabi_memclr8                
0000f36d  __aeabi_memcpy                 
0000f36d  __aeabi_memcpy4                
0000f36d  __aeabi_memcpy8                
0000f63b  __aeabi_memset                 
0000f63b  __aeabi_memset4                
0000f63b  __aeabi_memset8                
200101c4  __aeabi_stderr                 
200101bc  __aeabi_stdin                  
200101c0  __aeabi_stdout                 
0001047d  __aeabi_ui2d                   
00010051  __aeabi_uidiv                  
00010051  __aeabi_uidivmod               
0000f409  __aeabi_uldivmod               
ffffffff  __binit__                      
ffffffff  __c_args__                     
UNDEFED   __mpu_init                     
20010b00  __stack                        
20000000  __start___llvm_prf_cnts        
20000000  __stop___llvm_prf_cnts         
00010285  _c_int00_noargs                
0000c328  _ctypes_                       
200100f0  _device                        
20010000  _ftable                        
200101d4  _lock                          
0000cfdf  _nop                           
20010168  _stream                        
20010200  _sys_memory                    
UNDEFED   _system_post_cinit             
00010653  _system_pre_init               
200101d8  _unlock                        
00010657  abort                          
0000f165  add_device                     
0000ebf9  aligned_alloc                  
0000fd8d  atoi                           
ffffffff  binit                          
00008208  bit_reversal_8192              
0000fb39  close                          
0000edf5  complexMult_                   
0000ee9d  complexRest_                   
0000ee55  complexSum_                    
0000d871  configPeripherals              
000104f1  copysign                       
000104f1  copysignl                      
200101f0  errno                          
0000fe69  exit                           
000102ed  finddevice                     
0000f2d1  fopen                          
0000f4a1  fputc                          
0000e8c5  fputs                          
0000eee9  free                           
000102b9  freopen                        
0000f9ad  frexp                          
0000f9ad  frexpl                         
0000fa11  fseek                          
00000000  g_pfnVectors                   
0001000d  getdevice                      
0000eae9  ldexp                          
0000eae9  ldexpl                         
200110e4  loop                           
000103cd  lseek                          
0000d701  main                           
0001063d  malloc                         
0000ebf9  memalign                       
000104d5  memccpy                        
0001045d  memchr                         
0000f36d  memcpy                         
0000f641  memset                         
0000f0a9  open                           
200110dc  parmbuf                        
0000f945  printf                         
0000d849  pseudo_dly                     
0000f4a1  putc                           
0001034d  remove                         
0000eae9  scalbn                         
0000eae9  scalbnl                        
0000d78b  serial_plot_magFFT             
0000efcd  setvbuf                        
20000000  signal_gen_8192                
0000e181  sqrt                           
0000e181  sqrtl                          
200110e8  status                         
0001053b  strchr                         
00010523  strcmp                         
00010579  strcpy                         
0001058d  strlen                         
000101b1  strncpy                        
00000208  twiddleFactor_8192             
0001034d  unlink                         
200110ec  value_e                        
000105c5  wcslen                         
000103f5  write                          


GLOBAL SYMBOLS: SORTED BY Symbol Address 

address   name                           
-------   ----                           
00000000  __TI_static_base__             
00000000  g_pfnVectors                   
00000208  twiddleFactor_8192             
00000400  __STACK_SIZE                   
00000900  __SYSMEM_SIZE                  
00008208  bit_reversal_8192              
0000c328  _ctypes_                       
0000c591  __TI_printfi                   
0000cfdf  _nop                           
0000cfe1  UARTStdioConfig                
0000d027  UARTwrite                      
0000d06d  UARTgets                       
0000d127  UARTgetc                       
0000d14d  UARTvprintf                    
0000d447  UARTprintf                     
0000d47d  FFT_DIF_INIT                   
0000d4a5  FFT_DIF                        
0000d701  main                           
0000d78b  serial_plot_magFFT             
0000d849  pseudo_dly                     
0000d871  configPeripherals              
0000dbf5  SysCtlClockFreqSet             
0000dfc9  __aeabi_dsub                   
0000dfd3  __aeabi_dadd                   
0000e17f  __aeabi_idiv0                  
0000e17f  __aeabi_ldiv0                  
0000e181  sqrt                           
0000e181  sqrtl                          
0000e415  __aeabi_ddiv                   
0000e54b  GPIOPadConfigSet               
0000e7a1  Init_Device                    
0000e7ef  MYDEVICE_open                  
0000e7ff  MYDEVICE_close                 
0000e80b  MYDEVICE_read                  
0000e837  MYDEVICE_write                 
0000e865  MYDEVICE_lseek                 
0000e875  MYDEVICE_unlink                
0000e881  MYDEVICE_rename                
0000e8c5  fputs                          
0000eae9  ldexp                          
0000eae9  ldexpl                         
0000eae9  scalbn                         
0000eae9  scalbnl                        
0000ebf9  aligned_alloc                  
0000ebf9  memalign                       
0000ecf9  __aeabi_dmul                   
0000edf5  complexMult_                   
0000ee55  complexSum_                    
0000ee9d  complexRest_                   
0000eee9  free                           
0000efcd  setvbuf                        
0000f0a9  open                           
0000f165  add_device                     
0000f2d1  fopen                          
0000f36d  __aeabi_memcpy                 
0000f36d  __aeabi_memcpy4                
0000f36d  __aeabi_memcpy8                
0000f36d  memcpy                         
0000f409  __aeabi_uldivmod               
0000f4a1  fputc                          
0000f4a1  putc                           
0000f52d  __aeabi_cdcmpeq                
0000f52d  __aeabi_cdcmple                
0000f5b3  __aeabi_cdrcmple               
0000f639  __aeabi_memclr                 
0000f639  __aeabi_memclr4                
0000f639  __aeabi_memclr8                
0000f63b  __aeabi_memset                 
0000f63b  __aeabi_memset4                
0000f63b  __aeabi_memset8                
0000f641  memset                         
0000f6b5  __TI_closefile                 
0000f809  HOSTrename                     
0000f875  HOSTlseek                      
0000f8dd  __TI_decompress_lzss           
0000f945  printf                         
0000f9ad  frexp                          
0000f9ad  frexpl                         
0000fa11  fseek                          
0000fa75  __TI_wrt_ok                    
0000fad9  HOSTopen                       
0000fb39  close                          
0000fb95  HOSTread                       
0000fbed  HOSTwrite                      
0000fc9b  __TI_ltoa                      
0000fd41  __TI_doflush                   
0000fd8d  atoi                           
0000fdd9  GPIOPinConfigure               
0000fe69  exit                           
0000feb1  __aeabi_d2iz                   
0000fef9  UARTConfigSetExpClk            
0000ff41  HOSTclose                      
0000ff85  HOSTunlink                     
0000ffc9  __TI_auto_init_nobinit_nopinit 
0001000d  getdevice                      
00010051  __aeabi_uidiv                  
00010051  __aeabi_uidivmod               
000100d1  SysCtlPeripheralPresent        
00010109  SysCtlPeripheralReady          
00010141  __TI_writemsg                  
0001016f  C$$IO$$                        
00010179  __aeabi_f2d                    
000101b1  strncpy                        
000101e9  SysCtlPeripheralEnable         
0001021d  __TI_cleanup                   
00010251  __TI_readmsg                   
00010285  _c_int00_noargs                
000102b9  freopen                        
000102ed  finddevice                     
0001031d  __aeabi_i2d                    
0001034d  remove                         
0001034d  unlink                         
00010379  GPIODirModeSet                 
000103cd  lseek                          
000103f5  write                          
0001041d  UARTDisable                    
0001045d  memchr                         
0001047d  __aeabi_ui2d                   
0001049d  __TI_zero_init_nomemset        
000104d5  memccpy                        
000104f1  copysign                       
000104f1  copysignl                      
0001050b  GPIOPinTypeGPIOOutput          
00010523  strcmp                         
0001053b  strchr                         
00010551  SysTickEnable                  
00010565  UARTEnable                     
00010579  strcpy                         
0001058d  strlen                         
000105a1  GPIOPinTypeGPIOInput           
000105b3  GPIOPinTypeUART                
000105c5  wcslen                         
000105d9  FPUEnable                      
000105e9  SysTickPeriodSet               
000105f9  __TI_decompress_none           
00010609  SysTickValueGet                
00010615  ResetISR                       
00010621  UARTCharGet                    
0001062b  UARTCharPut                    
00010635  __aeabi_errno_addr             
0001063d  malloc                         
00010645  GPIOPinWrite                   
00010653  _system_pre_init               
00010657  C$$EXIT                        
00010657  abort                          
00019358  __TI_Handler_Table_Base        
00019364  __TI_Handler_Table_Limit       
00019370  __TI_CINIT_Base                
00019380  __TI_CINIT_Limit               
20000000  __start___llvm_prf_cnts        
20000000  __stop___llvm_prf_cnts         
20000000  signal_gen_8192                
20010000  _ftable                        
200100f0  _device                        
20010168  _stream                        
200101b8  __TI_ft_end                    
200101bc  __aeabi_stdin                  
200101c0  __aeabi_stdout                 
200101c4  __aeabi_stderr                 
200101c8  __TI_cleanup_ptr               
200101cc  __TI_dtors_ptr                 
200101d0  __TI_enable_exit_profile_output
200101d4  _lock                          
200101d8  _unlock                        
200101f0  errno                          
20010200  _sys_memory                    
20010b00  __stack                        
20010d00  __STACK_TOP                    
20010f00  __CIOBUF_                      
20010f00  __STACK_END                    
20011020  __TI_tmpnams                   
200110c0  FFT_1                          
200110dc  parmbuf                        
200110e4  loop                           
200110e8  status                         
200110ec  value_e                        
ffffffff  __TI_pprof_out_hndl            
ffffffff  __TI_prof_data_size            
ffffffff  __TI_prof_data_start           
ffffffff  __binit__                      
ffffffff  __c_args__                     
ffffffff  binit                          
UNDEFED   __mpu_init                     
UNDEFED   _system_post_cinit             

[184 symbols]
