<?xml version="1.0" encoding="ISO-8859-1" ?>
<link_info>
   <banner>TI ARM Linker PC v20.2.7.LTS</banner>
   <copyright>Copyright (c) 1996-2018 Texas Instruments Incorporated</copyright>
   <link_time>0x63d1443f</link_time>
   <link_errors>0x0</link_errors>
   <output_file>dsp_FFT_radix2.out</output_file>
   <entry_point>
      <name>_c_int00_noargs</name>
      <address>0x10285</address>
   </entry_point>
   <input_file_list>
      <input_file id="fl-2">
         <path>.\</path>
         <kind>object</kind>
         <file>main.obj</file>
         <name>main.obj</name>
      </input_file>
      <input_file id="fl-3">
         <path>.\</path>
         <kind>object</kind>
         <file>tm4c129encpdt_startup_ccs.obj</file>
         <name>tm4c129encpdt_startup_ccs.obj</name>
      </input_file>
      <input_file id="fl-4">
         <path>.\</path>
         <kind>object</kind>
         <file>uartstdio.obj</file>
         <name>uartstdio.obj</name>
      </input_file>
      <input_file id="fl-5">
         <path>.\lib_dsp\</path>
         <kind>object</kind>
         <file>bit_reversal.obj</file>
         <name>bit_reversal.obj</name>
      </input_file>
      <input_file id="fl-6">
         <path>.\lib_dsp\</path>
         <kind>object</kind>
         <file>complex_typedefs.obj</file>
         <name>complex_typedefs.obj</name>
      </input_file>
      <input_file id="fl-7">
         <path>.\lib_dsp\</path>
         <kind>object</kind>
         <file>fft_dif.obj</file>
         <name>fft_dif.obj</name>
      </input_file>
      <input_file id="fl-8">
         <path>.\lib_dsp\</path>
         <kind>object</kind>
         <file>signals.obj</file>
         <name>signals.obj</name>
      </input_file>
      <input_file id="fl-9">
         <path>.\lib_dsp\</path>
         <kind>object</kind>
         <file>twiddleFactor.obj</file>
         <name>twiddleFactor.obj</name>
      </input_file>
      <input_file id="fl-a">
         <path>.\mydevices\</path>
         <kind>object</kind>
         <file>mydevices.obj</file>
         <name>mydevices.obj</name>
      </input_file>
      <input_file id="fl-11">
         <kind>object</kind>
         <file>&lt;internal&gt;</file>
         <name>&lt;internal&gt;</name>
      </input_file>
      <input_file id="fl-12">
         <path>C:\ti\TivaWare_C_Series-2.1.2.111\driverlib\ccs\Debug\</path>
         <kind>archive</kind>
         <file>driverlib.lib</file>
         <name>fpu.obj</name>
      </input_file>
      <input_file id="fl-13">
         <path>C:\ti\TivaWare_C_Series-2.1.2.111\driverlib\ccs\Debug\</path>
         <kind>archive</kind>
         <file>driverlib.lib</file>
         <name>gpio.obj</name>
      </input_file>
      <input_file id="fl-14">
         <path>C:\ti\TivaWare_C_Series-2.1.2.111\driverlib\ccs\Debug\</path>
         <kind>archive</kind>
         <file>driverlib.lib</file>
         <name>interrupt.obj</name>
      </input_file>
      <input_file id="fl-15">
         <path>C:\ti\TivaWare_C_Series-2.1.2.111\driverlib\ccs\Debug\</path>
         <kind>archive</kind>
         <file>driverlib.lib</file>
         <name>sysctl.obj</name>
      </input_file>
      <input_file id="fl-16">
         <path>C:\ti\TivaWare_C_Series-2.1.2.111\driverlib\ccs\Debug\</path>
         <kind>archive</kind>
         <file>driverlib.lib</file>
         <name>systick.obj</name>
      </input_file>
      <input_file id="fl-17">
         <path>C:\ti\TivaWare_C_Series-2.1.2.111\driverlib\ccs\Debug\</path>
         <kind>archive</kind>
         <file>driverlib.lib</file>
         <name>uart.obj</name>
      </input_file>
      <input_file id="fl-18">
         <path>C:\ti\TivaWare_C_Series-2.1.2.111\driverlib\ccs\Debug\</path>
         <kind>archive</kind>
         <file>driverlib.lib</file>
         <name>cpu.obj</name>
      </input_file>
      <input_file id="fl-ce">
         <path>C:\ti\ccs1040\ccs\tools\compiler\ti-cgt-arm_20.2.7.LTS\lib\</path>
         <kind>archive</kind>
         <file>rtsv7M4_T_le_v4SPD16_eabi.lib</file>
         <name>e_sqrt.c.obj</name>
      </input_file>
      <input_file id="fl-cf">
         <path>C:\ti\ccs1040\ccs\tools\compiler\ti-cgt-arm_20.2.7.LTS\lib\</path>
         <kind>archive</kind>
         <file>rtsv7M4_T_le_v4SPD16_eabi.lib</file>
         <name>printf.c.obj</name>
      </input_file>
      <input_file id="fl-d0">
         <path>C:\ti\ccs1040\ccs\tools\compiler\ti-cgt-arm_20.2.7.LTS\lib\</path>
         <kind>archive</kind>
         <file>rtsv7M4_T_le_v4SPD16_eabi.lib</file>
         <name>_printfi.c.obj</name>
      </input_file>
      <input_file id="fl-d1">
         <path>C:\ti\ccs1040\ccs\tools\compiler\ti-cgt-arm_20.2.7.LTS\lib\</path>
         <kind>archive</kind>
         <file>rtsv7M4_T_le_v4SPD16_eabi.lib</file>
         <name>fopen.c.obj</name>
      </input_file>
      <input_file id="fl-d2">
         <path>C:\ti\ccs1040\ccs\tools\compiler\ti-cgt-arm_20.2.7.LTS\lib\</path>
         <kind>archive</kind>
         <file>rtsv7M4_T_le_v4SPD16_eabi.lib</file>
         <name>fputc.c.obj</name>
      </input_file>
      <input_file id="fl-d3">
         <path>C:\ti\ccs1040\ccs\tools\compiler\ti-cgt-arm_20.2.7.LTS\lib\</path>
         <kind>archive</kind>
         <file>rtsv7M4_T_le_v4SPD16_eabi.lib</file>
         <name>fputs.c.obj</name>
      </input_file>
      <input_file id="fl-d4">
         <path>C:\ti\ccs1040\ccs\tools\compiler\ti-cgt-arm_20.2.7.LTS\lib\</path>
         <kind>archive</kind>
         <file>rtsv7M4_T_le_v4SPD16_eabi.lib</file>
         <name>_io_perm.c.obj</name>
      </input_file>
      <input_file id="fl-d5">
         <path>C:\ti\ccs1040\ccs\tools\compiler\ti-cgt-arm_20.2.7.LTS\lib\</path>
         <kind>archive</kind>
         <file>rtsv7M4_T_le_v4SPD16_eabi.lib</file>
         <name>setvbuf.c.obj</name>
      </input_file>
      <input_file id="fl-d6">
         <path>C:\ti\ccs1040\ccs\tools\compiler\ti-cgt-arm_20.2.7.LTS\lib\</path>
         <kind>archive</kind>
         <file>rtsv7M4_T_le_v4SPD16_eabi.lib</file>
         <name>fd_add_t2.asm.obj</name>
      </input_file>
      <input_file id="fl-d7">
         <path>C:\ti\ccs1040\ccs\tools\compiler\ti-cgt-arm_20.2.7.LTS\lib\</path>
         <kind>archive</kind>
         <file>rtsv7M4_T_le_v4SPD16_eabi.lib</file>
         <name>fd_cmp_t2.asm.obj</name>
      </input_file>
      <input_file id="fl-d8">
         <path>C:\ti\ccs1040\ccs\tools\compiler\ti-cgt-arm_20.2.7.LTS\lib\</path>
         <kind>archive</kind>
         <file>rtsv7M4_T_le_v4SPD16_eabi.lib</file>
         <name>fd_div_t2.asm.obj</name>
      </input_file>
      <input_file id="fl-d9">
         <path>C:\ti\ccs1040\ccs\tools\compiler\ti-cgt-arm_20.2.7.LTS\lib\</path>
         <kind>archive</kind>
         <file>rtsv7M4_T_le_v4SPD16_eabi.lib</file>
         <name>fd_mul_t2.asm.obj</name>
      </input_file>
      <input_file id="fl-da">
         <path>C:\ti\ccs1040\ccs\tools\compiler\ti-cgt-arm_20.2.7.LTS\lib\</path>
         <kind>archive</kind>
         <file>rtsv7M4_T_le_v4SPD16_eabi.lib</file>
         <name>fd_toi_t2.asm.obj</name>
      </input_file>
      <input_file id="fl-db">
         <path>C:\ti\ccs1040\ccs\tools\compiler\ti-cgt-arm_20.2.7.LTS\lib\</path>
         <kind>archive</kind>
         <file>rtsv7M4_T_le_v4SPD16_eabi.lib</file>
         <name>fs_tod_t2.asm.obj</name>
      </input_file>
      <input_file id="fl-dc">
         <path>C:\ti\ccs1040\ccs\tools\compiler\ti-cgt-arm_20.2.7.LTS\lib\</path>
         <kind>archive</kind>
         <file>rtsv7M4_T_le_v4SPD16_eabi.lib</file>
         <name>i_tofd_t2.asm.obj</name>
      </input_file>
      <input_file id="fl-dd">
         <path>C:\ti\ccs1040\ccs\tools\compiler\ti-cgt-arm_20.2.7.LTS\lib\</path>
         <kind>archive</kind>
         <file>rtsv7M4_T_le_v4SPD16_eabi.lib</file>
         <name>memcpy_t2.asm.obj</name>
      </input_file>
      <input_file id="fl-de">
         <path>C:\ti\ccs1040\ccs\tools\compiler\ti-cgt-arm_20.2.7.LTS\lib\</path>
         <kind>archive</kind>
         <file>rtsv7M4_T_le_v4SPD16_eabi.lib</file>
         <name>u_tofd_t2.asm.obj</name>
      </input_file>
      <input_file id="fl-df">
         <path>C:\ti\ccs1040\ccs\tools\compiler\ti-cgt-arm_20.2.7.LTS\lib\</path>
         <kind>archive</kind>
         <file>rtsv7M4_T_le_v4SPD16_eabi.lib</file>
         <name>memset_t2.asm.obj</name>
      </input_file>
      <input_file id="fl-e0">
         <path>C:\ti\ccs1040\ccs\tools\compiler\ti-cgt-arm_20.2.7.LTS\lib\</path>
         <kind>archive</kind>
         <file>rtsv7M4_T_le_v4SPD16_eabi.lib</file>
         <name>u_divt2.asm.obj</name>
      </input_file>
      <input_file id="fl-e1">
         <path>C:\ti\ccs1040\ccs\tools\compiler\ti-cgt-arm_20.2.7.LTS\lib\</path>
         <kind>archive</kind>
         <file>rtsv7M4_T_le_v4SPD16_eabi.lib</file>
         <name>ull_div_t2.asm.obj</name>
      </input_file>
      <input_file id="fl-e2">
         <path>C:\ti\ccs1040\ccs\tools\compiler\ti-cgt-arm_20.2.7.LTS\lib\</path>
         <kind>archive</kind>
         <file>rtsv7M4_T_le_v4SPD16_eabi.lib</file>
         <name>copy_zero_init.c.obj</name>
      </input_file>
      <input_file id="fl-e3">
         <path>C:\ti\ccs1040\ccs\tools\compiler\ti-cgt-arm_20.2.7.LTS\lib\</path>
         <kind>archive</kind>
         <file>rtsv7M4_T_le_v4SPD16_eabi.lib</file>
         <name>copy_decompress_none.c.obj</name>
      </input_file>
      <input_file id="fl-e4">
         <path>C:\ti\ccs1040\ccs\tools\compiler\ti-cgt-arm_20.2.7.LTS\lib\</path>
         <kind>archive</kind>
         <file>rtsv7M4_T_le_v4SPD16_eabi.lib</file>
         <name>copy_decompress_lzss.c.obj</name>
      </input_file>
      <input_file id="fl-e5">
         <path>C:\ti\ccs1040\ccs\tools\compiler\ti-cgt-arm_20.2.7.LTS\lib\</path>
         <kind>archive</kind>
         <file>rtsv7M4_T_le_v4SPD16_eabi.lib</file>
         <name>exit.c.obj</name>
      </input_file>
      <input_file id="fl-e6">
         <path>C:\ti\ccs1040\ccs\tools\compiler\ti-cgt-arm_20.2.7.LTS\lib\</path>
         <kind>archive</kind>
         <file>rtsv7M4_T_le_v4SPD16_eabi.lib</file>
         <name>_lock.c.obj</name>
      </input_file>
      <input_file id="fl-e7">
         <path>C:\ti\ccs1040\ccs\tools\compiler\ti-cgt-arm_20.2.7.LTS\lib\</path>
         <kind>archive</kind>
         <file>rtsv7M4_T_le_v4SPD16_eabi.lib</file>
         <name>_ltoa.c.obj</name>
      </input_file>
      <input_file id="fl-e8">
         <path>C:\ti\ccs1040\ccs\tools\compiler\ti-cgt-arm_20.2.7.LTS\lib\</path>
         <kind>archive</kind>
         <file>rtsv7M4_T_le_v4SPD16_eabi.lib</file>
         <name>atoi.c.obj</name>
      </input_file>
      <input_file id="fl-e9">
         <path>C:\ti\ccs1040\ccs\tools\compiler\ti-cgt-arm_20.2.7.LTS\lib\</path>
         <kind>archive</kind>
         <file>rtsv7M4_T_le_v4SPD16_eabi.lib</file>
         <name>ctype.c.obj</name>
      </input_file>
      <input_file id="fl-ea">
         <path>C:\ti\ccs1040\ccs\tools\compiler\ti-cgt-arm_20.2.7.LTS\lib\</path>
         <kind>archive</kind>
         <file>rtsv7M4_T_le_v4SPD16_eabi.lib</file>
         <name>defs.c.obj</name>
      </input_file>
      <input_file id="fl-eb">
         <path>C:\ti\ccs1040\ccs\tools\compiler\ti-cgt-arm_20.2.7.LTS\lib\</path>
         <kind>archive</kind>
         <file>rtsv7M4_T_le_v4SPD16_eabi.lib</file>
         <name>memccpy.c.obj</name>
      </input_file>
      <input_file id="fl-ec">
         <path>C:\ti\ccs1040\ccs\tools\compiler\ti-cgt-arm_20.2.7.LTS\lib\</path>
         <kind>archive</kind>
         <file>rtsv7M4_T_le_v4SPD16_eabi.lib</file>
         <name>memchr.c.obj</name>
      </input_file>
      <input_file id="fl-ed">
         <path>C:\ti\ccs1040\ccs\tools\compiler\ti-cgt-arm_20.2.7.LTS\lib\</path>
         <kind>archive</kind>
         <file>rtsv7M4_T_le_v4SPD16_eabi.lib</file>
         <name>memory.c.obj</name>
      </input_file>
      <input_file id="fl-ee">
         <path>C:\ti\ccs1040\ccs\tools\compiler\ti-cgt-arm_20.2.7.LTS\lib\</path>
         <kind>archive</kind>
         <file>rtsv7M4_T_le_v4SPD16_eabi.lib</file>
         <name>strchr.c.obj</name>
      </input_file>
      <input_file id="fl-ef">
         <path>C:\ti\ccs1040\ccs\tools\compiler\ti-cgt-arm_20.2.7.LTS\lib\</path>
         <kind>archive</kind>
         <file>rtsv7M4_T_le_v4SPD16_eabi.lib</file>
         <name>strlen.c.obj</name>
      </input_file>
      <input_file id="fl-f0">
         <path>C:\ti\ccs1040\ccs\tools\compiler\ti-cgt-arm_20.2.7.LTS\lib\</path>
         <kind>archive</kind>
         <file>rtsv7M4_T_le_v4SPD16_eabi.lib</file>
         <name>boot_cortex_m.c.obj</name>
      </input_file>
      <input_file id="fl-f1">
         <path>C:\ti\ccs1040\ccs\tools\compiler\ti-cgt-arm_20.2.7.LTS\lib\</path>
         <kind>archive</kind>
         <file>rtsv7M4_T_le_v4SPD16_eabi.lib</file>
         <name>write.c.obj</name>
      </input_file>
      <input_file id="fl-f2">
         <path>C:\ti\ccs1040\ccs\tools\compiler\ti-cgt-arm_20.2.7.LTS\lib\</path>
         <kind>archive</kind>
         <file>rtsv7M4_T_le_v4SPD16_eabi.lib</file>
         <name>host_device.c.obj</name>
      </input_file>
      <input_file id="fl-f3">
         <path>C:\ti\ccs1040\ccs\tools\compiler\ti-cgt-arm_20.2.7.LTS\lib\</path>
         <kind>archive</kind>
         <file>rtsv7M4_T_le_v4SPD16_eabi.lib</file>
         <name>open.c.obj</name>
      </input_file>
      <input_file id="fl-f4">
         <path>C:\ti\ccs1040\ccs\tools\compiler\ti-cgt-arm_20.2.7.LTS\lib\</path>
         <kind>archive</kind>
         <file>rtsv7M4_T_le_v4SPD16_eabi.lib</file>
         <name>add_device.c.obj</name>
      </input_file>
      <input_file id="fl-f5">
         <path>C:\ti\ccs1040\ccs\tools\compiler\ti-cgt-arm_20.2.7.LTS\lib\</path>
         <kind>archive</kind>
         <file>rtsv7M4_T_le_v4SPD16_eabi.lib</file>
         <name>errno.c.obj</name>
      </input_file>
      <input_file id="fl-f6">
         <path>C:\ti\ccs1040\ccs\tools\compiler\ti-cgt-arm_20.2.7.LTS\lib\</path>
         <kind>archive</kind>
         <file>rtsv7M4_T_le_v4SPD16_eabi.lib</file>
         <name>wcslen.c.obj</name>
      </input_file>
      <input_file id="fl-f7">
         <path>C:\ti\ccs1040\ccs\tools\compiler\ti-cgt-arm_20.2.7.LTS\lib\</path>
         <kind>archive</kind>
         <file>rtsv7M4_T_le_v4SPD16_eabi.lib</file>
         <name>s_frexp.c.obj</name>
      </input_file>
      <input_file id="fl-f8">
         <path>C:\ti\ccs1040\ccs\tools\compiler\ti-cgt-arm_20.2.7.LTS\lib\</path>
         <kind>archive</kind>
         <file>rtsv7M4_T_le_v4SPD16_eabi.lib</file>
         <name>s_scalbn.c.obj</name>
      </input_file>
      <input_file id="fl-f9">
         <path>C:\ti\ccs1040\ccs\tools\compiler\ti-cgt-arm_20.2.7.LTS\lib\</path>
         <kind>archive</kind>
         <file>rtsv7M4_T_le_v4SPD16_eabi.lib</file>
         <name>fclose.c.obj</name>
      </input_file>
      <input_file id="fl-fa">
         <path>C:\ti\ccs1040\ccs\tools\compiler\ti-cgt-arm_20.2.7.LTS\lib\</path>
         <kind>archive</kind>
         <file>rtsv7M4_T_le_v4SPD16_eabi.lib</file>
         <name>fflush.c.obj</name>
      </input_file>
      <input_file id="fl-fb">
         <path>C:\ti\ccs1040\ccs\tools\compiler\ti-cgt-arm_20.2.7.LTS\lib\</path>
         <kind>archive</kind>
         <file>rtsv7M4_T_le_v4SPD16_eabi.lib</file>
         <name>fseek.c.obj</name>
      </input_file>
      <input_file id="fl-fc">
         <path>C:\ti\ccs1040\ccs\tools\compiler\ti-cgt-arm_20.2.7.LTS\lib\</path>
         <kind>archive</kind>
         <file>rtsv7M4_T_le_v4SPD16_eabi.lib</file>
         <name>getdevice.c.obj</name>
      </input_file>
      <input_file id="fl-fd">
         <path>C:\ti\ccs1040\ccs\tools\compiler\ti-cgt-arm_20.2.7.LTS\lib\</path>
         <kind>archive</kind>
         <file>rtsv7M4_T_le_v4SPD16_eabi.lib</file>
         <name>div0.asm.obj</name>
      </input_file>
      <input_file id="fl-fe">
         <path>C:\ti\ccs1040\ccs\tools\compiler\ti-cgt-arm_20.2.7.LTS\lib\</path>
         <kind>archive</kind>
         <file>rtsv7M4_T_le_v4SPD16_eabi.lib</file>
         <name>autoinit.c.obj</name>
      </input_file>
      <input_file id="fl-ff">
         <path>C:\ti\ccs1040\ccs\tools\compiler\ti-cgt-arm_20.2.7.LTS\lib\</path>
         <kind>archive</kind>
         <file>rtsv7M4_T_le_v4SPD16_eabi.lib</file>
         <name>pre_init.c.obj</name>
      </input_file>
      <input_file id="fl-100">
         <path>C:\ti\ccs1040\ccs\tools\compiler\ti-cgt-arm_20.2.7.LTS\lib\</path>
         <kind>archive</kind>
         <file>rtsv7M4_T_le_v4SPD16_eabi.lib</file>
         <name>cpy_tbl.c.obj</name>
      </input_file>
      <input_file id="fl-101">
         <path>C:\ti\ccs1040\ccs\tools\compiler\ti-cgt-arm_20.2.7.LTS\lib\</path>
         <kind>archive</kind>
         <file>rtsv7M4_T_le_v4SPD16_eabi.lib</file>
         <name>args_main.c.obj</name>
      </input_file>
      <input_file id="fl-102">
         <path>C:\ti\ccs1040\ccs\tools\compiler\ti-cgt-arm_20.2.7.LTS\lib\</path>
         <kind>archive</kind>
         <file>rtsv7M4_T_le_v4SPD16_eabi.lib</file>
         <name>strcmp.c.obj</name>
      </input_file>
      <input_file id="fl-103">
         <path>C:\ti\ccs1040\ccs\tools\compiler\ti-cgt-arm_20.2.7.LTS\lib\</path>
         <kind>archive</kind>
         <file>rtsv7M4_T_le_v4SPD16_eabi.lib</file>
         <name>strncpy.c.obj</name>
      </input_file>
      <input_file id="fl-104">
         <path>C:\ti\ccs1040\ccs\tools\compiler\ti-cgt-arm_20.2.7.LTS\lib\</path>
         <kind>archive</kind>
         <file>rtsv7M4_T_le_v4SPD16_eabi.lib</file>
         <name>hostclose.c.obj</name>
      </input_file>
      <input_file id="fl-105">
         <path>C:\ti\ccs1040\ccs\tools\compiler\ti-cgt-arm_20.2.7.LTS\lib\</path>
         <kind>archive</kind>
         <file>rtsv7M4_T_le_v4SPD16_eabi.lib</file>
         <name>hostlseek.c.obj</name>
      </input_file>
      <input_file id="fl-106">
         <path>C:\ti\ccs1040\ccs\tools\compiler\ti-cgt-arm_20.2.7.LTS\lib\</path>
         <kind>archive</kind>
         <file>rtsv7M4_T_le_v4SPD16_eabi.lib</file>
         <name>hostopen.c.obj</name>
      </input_file>
      <input_file id="fl-107">
         <path>C:\ti\ccs1040\ccs\tools\compiler\ti-cgt-arm_20.2.7.LTS\lib\</path>
         <kind>archive</kind>
         <file>rtsv7M4_T_le_v4SPD16_eabi.lib</file>
         <name>hostread.c.obj</name>
      </input_file>
      <input_file id="fl-108">
         <path>C:\ti\ccs1040\ccs\tools\compiler\ti-cgt-arm_20.2.7.LTS\lib\</path>
         <kind>archive</kind>
         <file>rtsv7M4_T_le_v4SPD16_eabi.lib</file>
         <name>hostrename.c.obj</name>
      </input_file>
      <input_file id="fl-109">
         <path>C:\ti\ccs1040\ccs\tools\compiler\ti-cgt-arm_20.2.7.LTS\lib\</path>
         <kind>archive</kind>
         <file>rtsv7M4_T_le_v4SPD16_eabi.lib</file>
         <name>hostunlink.c.obj</name>
      </input_file>
      <input_file id="fl-10a">
         <path>C:\ti\ccs1040\ccs\tools\compiler\ti-cgt-arm_20.2.7.LTS\lib\</path>
         <kind>archive</kind>
         <file>rtsv7M4_T_le_v4SPD16_eabi.lib</file>
         <name>hostwrite.c.obj</name>
      </input_file>
      <input_file id="fl-10b">
         <path>C:\ti\ccs1040\ccs\tools\compiler\ti-cgt-arm_20.2.7.LTS\lib\</path>
         <kind>archive</kind>
         <file>rtsv7M4_T_le_v4SPD16_eabi.lib</file>
         <name>trgmsg.c.obj</name>
      </input_file>
      <input_file id="fl-10c">
         <path>C:\ti\ccs1040\ccs\tools\compiler\ti-cgt-arm_20.2.7.LTS\lib\</path>
         <kind>archive</kind>
         <file>rtsv7M4_T_le_v4SPD16_eabi.lib</file>
         <name>remove.c.obj</name>
      </input_file>
      <input_file id="fl-10d">
         <path>C:\ti\ccs1040\ccs\tools\compiler\ti-cgt-arm_20.2.7.LTS\lib\</path>
         <kind>archive</kind>
         <file>rtsv7M4_T_le_v4SPD16_eabi.lib</file>
         <name>lseek.c.obj</name>
      </input_file>
      <input_file id="fl-10e">
         <path>C:\ti\ccs1040\ccs\tools\compiler\ti-cgt-arm_20.2.7.LTS\lib\</path>
         <kind>archive</kind>
         <file>rtsv7M4_T_le_v4SPD16_eabi.lib</file>
         <name>close.c.obj</name>
      </input_file>
      <input_file id="fl-10f">
         <path>C:\ti\ccs1040\ccs\tools\compiler\ti-cgt-arm_20.2.7.LTS\lib\</path>
         <kind>archive</kind>
         <file>rtsv7M4_T_le_v4SPD16_eabi.lib</file>
         <name>s_copysign.c.obj</name>
      </input_file>
      <input_file id="fl-110">
         <path>C:\ti\ccs1040\ccs\tools\compiler\ti-cgt-arm_20.2.7.LTS\lib\</path>
         <kind>archive</kind>
         <file>rtsv7M4_T_le_v4SPD16_eabi.lib</file>
         <name>strcpy.c.obj</name>
      </input_file>
      <input_file id="fl-111">
         <path>C:\ti\ccs1040\ccs\tools\compiler\ti-cgt-arm_20.2.7.LTS\lib\</path>
         <kind>archive</kind>
         <file>rtsv7M4_T_le_v4SPD16_eabi.lib</file>
         <name>unlink.c.obj</name>
      </input_file>
   </input_file_list>
   <object_component_list>
      <object_component id="oc-12">
         <name>.intvecs</name>
         <load_address>0x0</load_address>
         <run_address>0x0</run_address>
         <size>0x208</size>
         <input_file_ref idref="fl-3"/>
      </object_component>
      <object_component id="oc-1fd">
         <name>.text:__TI_printfi</name>
         <load_address>0xc590</load_address>
         <run_address>0xc590</run_address>
         <size>0xa4e</size>
         <input_file_ref idref="fl-d0"/>
      </object_component>
      <object_component id="oc-342">
         <name>.text:_nop</name>
         <load_address>0xcfde</load_address>
         <run_address>0xcfde</run_address>
         <size>0x2</size>
         <input_file_ref idref="fl-e6"/>
      </object_component>
      <object_component id="oc-156">
         <name>.text</name>
         <load_address>0xcfe0</load_address>
         <run_address>0xcfe0</run_address>
         <size>0x49c</size>
         <input_file_ref idref="fl-4"/>
      </object_component>
      <object_component id="oc-e8">
         <name>.text</name>
         <load_address>0xd47c</load_address>
         <run_address>0xd47c</run_address>
         <size>0x284</size>
         <input_file_ref idref="fl-7"/>
      </object_component>
      <object_component id="oc-a2">
         <name>.text</name>
         <load_address>0xd700</load_address>
         <run_address>0xd700</run_address>
         <size>0x284</size>
         <input_file_ref idref="fl-2"/>
      </object_component>
      <object_component id="oc-324">
         <name>.text:_pconv_a</name>
         <load_address>0xd984</load_address>
         <run_address>0xd984</run_address>
         <size>0x270</size>
         <input_file_ref idref="fl-d0"/>
      </object_component>
      <object_component id="oc-11a">
         <name>.text:SysCtlClockFreqSet</name>
         <load_address>0xdbf4</load_address>
         <run_address>0xdbf4</run_address>
         <size>0x204</size>
         <input_file_ref idref="fl-15"/>
      </object_component>
      <object_component id="oc-312">
         <name>.text:_pconv_g</name>
         <load_address>0xddf8</load_address>
         <run_address>0xddf8</run_address>
         <size>0x1d0</size>
         <input_file_ref idref="fl-d0"/>
      </object_component>
      <object_component id="oc-21a">
         <name>.text</name>
         <load_address>0xdfc8</load_address>
         <run_address>0xdfc8</run_address>
         <size>0x1b6</size>
         <input_file_ref idref="fl-d6"/>
      </object_component>
      <object_component id="oc-38f">
         <name>.text</name>
         <load_address>0xe17e</load_address>
         <run_address>0xe17e</run_address>
         <size>0x2</size>
         <input_file_ref idref="fl-fd"/>
      </object_component>
      <object_component id="oc-105">
         <name>.text:sqrt</name>
         <load_address>0xe180</load_address>
         <run_address>0xe180</run_address>
         <size>0x158</size>
         <input_file_ref idref="fl-ce"/>
      </object_component>
      <object_component id="oc-31e">
         <name>.text:_pconv_e</name>
         <load_address>0xe2d8</load_address>
         <run_address>0xe2d8</run_address>
         <size>0x13c</size>
         <input_file_ref idref="fl-d0"/>
      </object_component>
      <object_component id="oc-115">
         <name>.text</name>
         <load_address>0xe414</load_address>
         <run_address>0xe414</run_address>
         <size>0x136</size>
         <input_file_ref idref="fl-d8"/>
      </object_component>
      <object_component id="oc-138">
         <name>.text:GPIOPadConfigSet</name>
         <load_address>0xe54a</load_address>
         <run_address>0xe54a</run_address>
         <size>0x132</size>
         <input_file_ref idref="fl-13"/>
      </object_component>
      <object_component id="oc-466">
         <name>.text:fcvt</name>
         <load_address>0xe67c</load_address>
         <run_address>0xe67c</run_address>
         <size>0x124</size>
         <input_file_ref idref="fl-d0"/>
      </object_component>
      <object_component id="oc-e2">
         <name>.text</name>
         <load_address>0xe7a0</load_address>
         <run_address>0xe7a0</run_address>
         <size>0x124</size>
         <input_file_ref idref="fl-a"/>
      </object_component>
      <object_component id="oc-34c">
         <name>.text:fputs</name>
         <load_address>0xe8c4</load_address>
         <run_address>0xe8c4</run_address>
         <size>0x114</size>
         <input_file_ref idref="fl-d3"/>
      </object_component>
      <object_component id="oc-2b9">
         <name>.text:_openfile</name>
         <load_address>0xe9d8</load_address>
         <run_address>0xe9d8</run_address>
         <size>0x110</size>
         <input_file_ref idref="fl-d1"/>
      </object_component>
      <object_component id="oc-47a">
         <name>.text:scalbn</name>
         <load_address>0xeae8</load_address>
         <run_address>0xeae8</run_address>
         <size>0x110</size>
         <input_file_ref idref="fl-f8"/>
      </object_component>
      <object_component id="oc-425">
         <name>.text:aligned_alloc</name>
         <load_address>0xebf8</load_address>
         <run_address>0xebf8</run_address>
         <size>0x100</size>
         <input_file_ref idref="fl-ed"/>
      </object_component>
      <object_component id="oc-10b">
         <name>.text</name>
         <load_address>0xecf8</load_address>
         <run_address>0xecf8</run_address>
         <size>0xfc</size>
         <input_file_ref idref="fl-d9"/>
      </object_component>
      <object_component id="oc-1e7">
         <name>.text</name>
         <load_address>0xedf4</load_address>
         <run_address>0xedf4</run_address>
         <size>0xf4</size>
         <input_file_ref idref="fl-6"/>
      </object_component>
      <object_component id="oc-2cc">
         <name>.text:free</name>
         <load_address>0xeee8</load_address>
         <run_address>0xeee8</run_address>
         <size>0xe4</size>
         <input_file_ref idref="fl-ed"/>
      </object_component>
      <object_component id="oc-1d7">
         <name>.text:setvbuf</name>
         <load_address>0xefcc</load_address>
         <run_address>0xefcc</run_address>
         <size>0xdc</size>
         <input_file_ref idref="fl-d5"/>
      </object_component>
      <object_component id="oc-3f8">
         <name>.text:open</name>
         <load_address>0xf0a8</load_address>
         <run_address>0xf0a8</run_address>
         <size>0xbc</size>
         <input_file_ref idref="fl-f3"/>
      </object_component>
      <object_component id="oc-1c5">
         <name>.text:add_device</name>
         <load_address>0xf164</load_address>
         <run_address>0xf164</run_address>
         <size>0xb8</size>
         <input_file_ref idref="fl-f4"/>
      </object_component>
      <object_component id="oc-307">
         <name>.text:_ltostr</name>
         <load_address>0xf21c</load_address>
         <run_address>0xf21c</run_address>
         <size>0xb1</size>
         <input_file_ref idref="fl-d0"/>
      </object_component>
      <object_component id="oc-1cb">
         <name>.text:fopen</name>
         <load_address>0xf2d0</load_address>
         <run_address>0xf2d0</run_address>
         <size>0x9c</size>
         <input_file_ref idref="fl-d1"/>
      </object_component>
      <object_component id="oc-3e">
         <name>.text</name>
         <load_address>0xf36c</load_address>
         <run_address>0xf36c</run_address>
         <size>0x9c</size>
         <input_file_ref idref="fl-dd"/>
      </object_component>
      <object_component id="oc-43d">
         <name>.text</name>
         <load_address>0xf408</load_address>
         <run_address>0xf408</run_address>
         <size>0x96</size>
         <input_file_ref idref="fl-e1"/>
      </object_component>
      <object_component id="oc-353">
         <name>.text:fputc</name>
         <load_address>0xf4a0</load_address>
         <run_address>0xf4a0</run_address>
         <size>0x8c</size>
         <input_file_ref idref="fl-d2"/>
      </object_component>
      <object_component id="oc-30d">
         <name>.text:__aeabi_cdcmple</name>
         <load_address>0xf52c</load_address>
         <run_address>0xf52c</run_address>
         <size>0x86</size>
         <input_file_ref idref="fl-d7"/>
      </object_component>
      <object_component id="oc-444">
         <name>.text:__aeabi_cdrcmple</name>
         <load_address>0xf5b2</load_address>
         <run_address>0xf5b2</run_address>
         <size>0x86</size>
         <input_file_ref idref="fl-d7"/>
      </object_component>
      <object_component id="oc-96">
         <name>.text</name>
         <load_address>0xf638</load_address>
         <run_address>0xf638</run_address>
         <size>0x7a</size>
         <input_file_ref idref="fl-df"/>
      </object_component>
      <object_component id="oc-2c5">
         <name>.text:__TI_closefile</name>
         <load_address>0xf6b4</load_address>
         <run_address>0xf6b4</run_address>
         <size>0x74</size>
         <input_file_ref idref="fl-f9"/>
      </object_component>
      <object_component id="oc-510">
         <name>.text:split</name>
         <load_address>0xf728</load_address>
         <run_address>0xf728</run_address>
         <size>0x70</size>
         <input_file_ref idref="fl-ed"/>
      </object_component>
      <object_component id="oc-45f">
         <name>.text:_mcpy</name>
         <load_address>0xf798</load_address>
         <run_address>0xf798</run_address>
         <size>0x6e</size>
         <input_file_ref idref="fl-d0"/>
      </object_component>
      <object_component id="oc-3e3">
         <name>.text:HOSTrename</name>
         <load_address>0xf808</load_address>
         <run_address>0xf808</run_address>
         <size>0x6c</size>
         <input_file_ref idref="fl-108"/>
      </object_component>
      <object_component id="oc-3d7">
         <name>.text:HOSTlseek</name>
         <load_address>0xf874</load_address>
         <run_address>0xf874</run_address>
         <size>0x68</size>
         <input_file_ref idref="fl-105"/>
      </object_component>
      <object_component id="oc-15">
         <name>.text:decompress:lzss:__TI_decompress_lzss</name>
         <load_address>0xf8dc</load_address>
         <run_address>0xf8dc</run_address>
         <size>0x68</size>
         <input_file_ref idref="fl-e4"/>
      </object_component>
      <object_component id="oc-fa">
         <name>.text:printf</name>
         <load_address>0xf944</load_address>
         <run_address>0xf944</run_address>
         <size>0x68</size>
         <input_file_ref idref="fl-cf"/>
      </object_component>
      <object_component id="oc-474">
         <name>.text:frexp</name>
         <load_address>0xf9ac</load_address>
         <run_address>0xf9ac</run_address>
         <size>0x64</size>
         <input_file_ref idref="fl-f7"/>
      </object_component>
      <object_component id="oc-549">
         <name>.text:fseek</name>
         <load_address>0xfa10</load_address>
         <run_address>0xfa10</run_address>
         <size>0x64</size>
         <input_file_ref idref="fl-fb"/>
      </object_component>
      <object_component id="oc-49f">
         <name>.text:__TI_wrt_ok</name>
         <load_address>0xfa74</load_address>
         <run_address>0xfa74</run_address>
         <size>0x62</size>
         <input_file_ref idref="fl-d4"/>
      </object_component>
      <object_component id="oc-3bf">
         <name>.text:HOSTopen</name>
         <load_address>0xfad8</load_address>
         <run_address>0xfad8</run_address>
         <size>0x60</size>
         <input_file_ref idref="fl-106"/>
      </object_component>
      <object_component id="oc-409">
         <name>.text:close</name>
         <load_address>0xfb38</load_address>
         <run_address>0xfb38</run_address>
         <size>0x5c</size>
         <input_file_ref idref="fl-10e"/>
      </object_component>
      <object_component id="oc-3cb">
         <name>.text:HOSTread</name>
         <load_address>0xfb94</load_address>
         <run_address>0xfb94</run_address>
         <size>0x58</size>
         <input_file_ref idref="fl-107"/>
      </object_component>
      <object_component id="oc-3d1">
         <name>.text:HOSTwrite</name>
         <load_address>0xfbec</load_address>
         <run_address>0xfbec</run_address>
         <size>0x58</size>
         <input_file_ref idref="fl-10a"/>
      </object_component>
      <object_component id="oc-318">
         <name>.text:_pconv_f</name>
         <load_address>0xfc44</load_address>
         <run_address>0xfc44</run_address>
         <size>0x56</size>
         <input_file_ref idref="fl-d0"/>
      </object_component>
      <object_component id="oc-44e">
         <name>.text:__TI_ltoa</name>
         <load_address>0xfc9a</load_address>
         <run_address>0xfc9a</run_address>
         <size>0x54</size>
         <input_file_ref idref="fl-e7"/>
      </object_component>
      <object_component id="oc-459">
         <name>.text:_ecpy</name>
         <load_address>0xfcee</load_address>
         <run_address>0xfcee</run_address>
         <size>0x52</size>
         <input_file_ref idref="fl-d0"/>
      </object_component>
      <object_component id="oc-403">
         <name>.text:__TI_doflush</name>
         <load_address>0xfd40</load_address>
         <run_address>0xfd40</run_address>
         <size>0x4c</size>
         <input_file_ref idref="fl-fa"/>
      </object_component>
      <object_component id="oc-301">
         <name>.text:atoi</name>
         <load_address>0xfd8c</load_address>
         <run_address>0xfd8c</run_address>
         <size>0x4c</size>
         <input_file_ref idref="fl-e8"/>
      </object_component>
      <object_component id="oc-144">
         <name>.text:GPIOPinConfigure</name>
         <load_address>0xfdd8</load_address>
         <run_address>0xfdd8</run_address>
         <size>0x48</size>
         <input_file_ref idref="fl-13"/>
      </object_component>
      <object_component id="oc-235">
         <name>.text:_SysCtlFrequencyGet</name>
         <load_address>0xfe20</load_address>
         <run_address>0xfe20</run_address>
         <size>0x48</size>
         <input_file_ref idref="fl-15"/>
      </object_component>
      <object_component id="oc-17b">
         <name>.text:exit</name>
         <load_address>0xfe68</load_address>
         <run_address>0xfe68</run_address>
         <size>0x48</size>
         <input_file_ref idref="fl-e5"/>
      </object_component>
      <object_component id="oc-449">
         <name>.text</name>
         <load_address>0xfeb0</load_address>
         <run_address>0xfeb0</run_address>
         <size>0x48</size>
         <input_file_ref idref="fl-da"/>
      </object_component>
      <object_component id="oc-14a">
         <name>.text:UARTConfigSetExpClk</name>
         <load_address>0xfef8</load_address>
         <run_address>0xfef8</run_address>
         <size>0x46</size>
         <input_file_ref idref="fl-17"/>
      </object_component>
      <object_component id="oc-3c5">
         <name>.text:HOSTclose</name>
         <load_address>0xff40</load_address>
         <run_address>0xff40</run_address>
         <size>0x44</size>
         <input_file_ref idref="fl-104"/>
      </object_component>
      <object_component id="oc-3dd">
         <name>.text:HOSTunlink</name>
         <load_address>0xff84</load_address>
         <run_address>0xff84</run_address>
         <size>0x44</size>
         <input_file_ref idref="fl-109"/>
      </object_component>
      <object_component id="oc-181">
         <name>.text:__TI_auto_init_nobinit_nopinit:__TI_auto_init_nobinit_nopinit</name>
         <load_address>0xffc8</load_address>
         <run_address>0xffc8</run_address>
         <size>0x44</size>
         <input_file_ref idref="fl-fe"/>
      </object_component>
      <object_component id="oc-4f7">
         <name>.text:getdevice</name>
         <load_address>0x1000c</load_address>
         <run_address>0x1000c</run_address>
         <size>0x44</size>
         <input_file_ref idref="fl-fc"/>
      </object_component>
      <object_component id="oc-27a">
         <name>.text</name>
         <load_address>0x10050</load_address>
         <run_address>0x10050</run_address>
         <size>0x40</size>
         <input_file_ref idref="fl-e0"/>
      </object_component>
      <object_component id="oc-46c">
         <name>.text:_fcpy</name>
         <load_address>0x10090</load_address>
         <run_address>0x10090</run_address>
         <size>0x3e</size>
         <input_file_ref idref="fl-d0"/>
      </object_component>
      <object_component id="oc-25f">
         <name>.text:SysCtlPeripheralPresent</name>
         <load_address>0x100d0</load_address>
         <run_address>0x100d0</run_address>
         <size>0x38</size>
         <input_file_ref idref="fl-15"/>
      </object_component>
      <object_component id="oc-126">
         <name>.text:SysCtlPeripheralReady</name>
         <load_address>0x10108</load_address>
         <run_address>0x10108</run_address>
         <size>0x38</size>
         <input_file_ref idref="fl-15"/>
      </object_component>
      <object_component id="oc-4ce">
         <name>.text:__TI_writemsg</name>
         <load_address>0x10140</load_address>
         <run_address>0x10140</run_address>
         <size>0x38</size>
         <input_file_ref idref="fl-10b"/>
      </object_component>
      <object_component id="oc-100">
         <name>.text</name>
         <load_address>0x10178</load_address>
         <run_address>0x10178</run_address>
         <size>0x38</size>
         <input_file_ref idref="fl-db"/>
      </object_component>
      <object_component id="oc-2ad">
         <name>.text:strncpy</name>
         <load_address>0x101b0</load_address>
         <run_address>0x101b0</run_address>
         <size>0x36</size>
         <input_file_ref idref="fl-103"/>
      </object_component>
      <object_component id="oc-120">
         <name>.text:SysCtlPeripheralEnable</name>
         <load_address>0x101e8</load_address>
         <run_address>0x101e8</run_address>
         <size>0x34</size>
         <input_file_ref idref="fl-15"/>
      </object_component>
      <object_component id="oc-2d8">
         <name>.text:__TI_cleanup</name>
         <load_address>0x1021c</load_address>
         <run_address>0x1021c</run_address>
         <size>0x34</size>
         <input_file_ref idref="fl-d1"/>
      </object_component>
      <object_component id="oc-4d4">
         <name>.text:__TI_readmsg</name>
         <load_address>0x10250</load_address>
         <run_address>0x10250</run_address>
         <size>0x34</size>
         <input_file_ref idref="fl-10b"/>
      </object_component>
      <object_component id="oc-5c">
         <name>.text:_c_int00_noargs:_c_int00_noargs</name>
         <load_address>0x10284</load_address>
         <run_address>0x10284</run_address>
         <size>0x34</size>
         <input_file_ref idref="fl-f0"/>
      </object_component>
      <object_component id="oc-1d1">
         <name>.text:freopen</name>
         <load_address>0x102b8</load_address>
         <run_address>0x102b8</run_address>
         <size>0x34</size>
         <input_file_ref idref="fl-d1"/>
      </object_component>
      <object_component id="oc-2a7">
         <name>.text:finddevice</name>
         <load_address>0x102ec</load_address>
         <run_address>0x102ec</run_address>
         <size>0x30</size>
         <input_file_ref idref="fl-fc"/>
      </object_component>
      <object_component id="oc-454">
         <name>.text</name>
         <load_address>0x1031c</load_address>
         <run_address>0x1031c</run_address>
         <size>0x2e</size>
         <input_file_ref idref="fl-dc"/>
      </object_component>
      <object_component id="oc-40f">
         <name>.text:unlink</name>
         <load_address>0x1034c</load_address>
         <run_address>0x1034c</run_address>
         <size>0x2c</size>
         <input_file_ref idref="fl-111"/>
      </object_component>
      <object_component id="oc-248">
         <name>.text:GPIODirModeSet</name>
         <load_address>0x10378</load_address>
         <run_address>0x10378</run_address>
         <size>0x2a</size>
         <input_file_ref idref="fl-13"/>
      </object_component>
      <object_component id="oc-41e">
         <name>.text:free_list_insert</name>
         <load_address>0x103a4</load_address>
         <run_address>0x103a4</run_address>
         <size>0x28</size>
         <input_file_ref idref="fl-ed"/>
      </object_component>
      <object_component id="oc-58e">
         <name>.text:lseek</name>
         <load_address>0x103cc</load_address>
         <run_address>0x103cc</run_address>
         <size>0x28</size>
         <input_file_ref idref="fl-10d"/>
      </object_component>
      <object_component id="oc-4ab">
         <name>.text:write</name>
         <load_address>0x103f4</load_address>
         <run_address>0x103f4</run_address>
         <size>0x28</size>
         <input_file_ref idref="fl-f1"/>
      </object_component>
      <object_component id="oc-256">
         <name>.text:UARTDisable</name>
         <load_address>0x1041c</load_address>
         <run_address>0x1041c</run_address>
         <size>0x20</size>
         <input_file_ref idref="fl-17"/>
      </object_component>
      <object_component id="oc-22f">
         <name>.text:_SysCtlMemTimingGet</name>
         <load_address>0x1043c</load_address>
         <run_address>0x1043c</run_address>
         <size>0x20</size>
         <input_file_ref idref="fl-15"/>
      </object_component>
      <object_component id="oc-4a5">
         <name>.text:memchr</name>
         <load_address>0x1045c</load_address>
         <run_address>0x1045c</run_address>
         <size>0x20</size>
         <input_file_ref idref="fl-ec"/>
      </object_component>
      <object_component id="oc-110">
         <name>.text</name>
         <load_address>0x1047c</load_address>
         <run_address>0x1047c</run_address>
         <size>0x20</size>
         <input_file_ref idref="fl-de"/>
      </object_component>
      <object_component id="oc-4a">
         <name>.text:decompress:ZI:__TI_zero_init_nomemset:__TI_zero_init_nomemset</name>
         <load_address>0x1049c</load_address>
         <run_address>0x1049c</run_address>
         <size>0x1c</size>
         <input_file_ref idref="fl-e2"/>
      </object_component>
      <object_component id="oc-418">
         <name>.text:free_list_remove</name>
         <load_address>0x104b8</load_address>
         <run_address>0x104b8</run_address>
         <size>0x1c</size>
         <input_file_ref idref="fl-ed"/>
      </object_component>
      <object_component id="oc-32a">
         <name>.text:memccpy</name>
         <load_address>0x104d4</load_address>
         <run_address>0x104d4</run_address>
         <size>0x1c</size>
         <input_file_ref idref="fl-eb"/>
      </object_component>
      <object_component id="oc-531">
         <name>.text:copysign</name>
         <load_address>0x104f0</load_address>
         <run_address>0x104f0</run_address>
         <size>0x1a</size>
         <input_file_ref idref="fl-10f"/>
      </object_component>
      <object_component id="oc-12c">
         <name>.text:GPIOPinTypeGPIOOutput</name>
         <load_address>0x1050a</load_address>
         <run_address>0x1050a</run_address>
         <size>0x18</size>
         <input_file_ref idref="fl-13"/>
      </object_component>
      <object_component id="oc-3b5">
         <name>.text:strcmp</name>
         <load_address>0x10522</load_address>
         <run_address>0x10522</run_address>
         <size>0x18</size>
         <input_file_ref idref="fl-102"/>
      </object_component>
      <object_component id="oc-480">
         <name>.text:strchr</name>
         <load_address>0x1053a</load_address>
         <run_address>0x1053a</run_address>
         <size>0x16</size>
         <input_file_ref idref="fl-ee"/>
      </object_component>
      <object_component id="oc-162">
         <name>.text:SysTickEnable</name>
         <load_address>0x10550</load_address>
         <run_address>0x10550</run_address>
         <size>0x14</size>
         <input_file_ref idref="fl-16"/>
      </object_component>
      <object_component id="oc-150">
         <name>.text:UARTEnable</name>
         <load_address>0x10564</load_address>
         <run_address>0x10564</run_address>
         <size>0x14</size>
         <input_file_ref idref="fl-17"/>
      </object_component>
      <object_component id="oc-4e8">
         <name>.text:strcpy</name>
         <load_address>0x10578</load_address>
         <run_address>0x10578</run_address>
         <size>0x14</size>
         <input_file_ref idref="fl-110"/>
      </object_component>
      <object_component id="oc-2fb">
         <name>.text:strlen</name>
         <load_address>0x1058c</load_address>
         <run_address>0x1058c</run_address>
         <size>0x14</size>
         <input_file_ref idref="fl-ef"/>
      </object_component>
      <object_component id="oc-132">
         <name>.text:GPIOPinTypeGPIOInput</name>
         <load_address>0x105a0</load_address>
         <run_address>0x105a0</run_address>
         <size>0x12</size>
         <input_file_ref idref="fl-13"/>
      </object_component>
      <object_component id="oc-13e">
         <name>.text:GPIOPinTypeUART</name>
         <load_address>0x105b2</load_address>
         <run_address>0x105b2</run_address>
         <size>0x12</size>
         <input_file_ref idref="fl-13"/>
      </object_component>
      <object_component id="oc-330">
         <name>.text:wcslen</name>
         <load_address>0x105c4</load_address>
         <run_address>0x105c4</run_address>
         <size>0x12</size>
         <input_file_ref idref="fl-f6"/>
      </object_component>
      <object_component id="oc-dc">
         <name>.text:FPUEnable</name>
         <load_address>0x105d8</load_address>
         <run_address>0x105d8</run_address>
         <size>0x10</size>
         <input_file_ref idref="fl-12"/>
      </object_component>
      <object_component id="oc-15c">
         <name>.text:SysTickPeriodSet</name>
         <load_address>0x105e8</load_address>
         <run_address>0x105e8</run_address>
         <size>0x10</size>
         <input_file_ref idref="fl-16"/>
      </object_component>
      <object_component id="oc-1b">
         <name>.text:decompress:none:__TI_decompress_none</name>
         <load_address>0x105f8</load_address>
         <run_address>0x105f8</run_address>
         <size>0xe</size>
         <input_file_ref idref="fl-e3"/>
      </object_component>
      <object_component id="oc-f4">
         <name>.text:SysTickValueGet</name>
         <load_address>0x10608</load_address>
         <run_address>0x10608</run_address>
         <size>0xc</size>
         <input_file_ref idref="fl-16"/>
      </object_component>
      <object_component id="oc-2a">
         <name>.text</name>
         <load_address>0x10614</load_address>
         <run_address>0x10614</run_address>
         <size>0xc</size>
         <input_file_ref idref="fl-3"/>
      </object_component>
      <object_component id="oc-26b">
         <name>.text:UARTCharGet</name>
         <load_address>0x10620</load_address>
         <run_address>0x10620</run_address>
         <size>0xa</size>
         <input_file_ref idref="fl-17"/>
      </object_component>
      <object_component id="oc-265">
         <name>.text:UARTCharPut</name>
         <load_address>0x1062a</load_address>
         <run_address>0x1062a</run_address>
         <size>0xa</size>
         <input_file_ref idref="fl-17"/>
      </object_component>
      <object_component id="oc-21f">
         <name>.text:__aeabi_errno_addr</name>
         <load_address>0x10634</load_address>
         <run_address>0x10634</run_address>
         <size>0x8</size>
         <input_file_ref idref="fl-f5"/>
      </object_component>
      <object_component id="oc-2d2">
         <name>.text:malloc</name>
         <load_address>0x1063c</load_address>
         <run_address>0x1063c</run_address>
         <size>0x8</size>
         <input_file_ref idref="fl-ed"/>
      </object_component>
      <object_component id="oc-ee">
         <name>.text:GPIOPinWrite</name>
         <load_address>0x10644</load_address>
         <run_address>0x10644</run_address>
         <size>0x6</size>
         <input_file_ref idref="fl-13"/>
      </object_component>
      <object_component id="oc-20c">
         <name>.text:_outc</name>
         <load_address>0x1064a</load_address>
         <run_address>0x1064a</run_address>
         <size>0x4</size>
         <input_file_ref idref="fl-cf"/>
      </object_component>
      <object_component id="oc-206">
         <name>.text:_outs</name>
         <load_address>0x1064e</load_address>
         <run_address>0x1064e</run_address>
         <size>0x4</size>
         <input_file_ref idref="fl-cf"/>
      </object_component>
      <object_component id="oc-9c">
         <name>.text:_system_pre_init</name>
         <load_address>0x10652</load_address>
         <run_address>0x10652</run_address>
         <size>0x4</size>
         <input_file_ref idref="fl-ff"/>
      </object_component>
      <object_component id="oc-175">
         <name>.text:abort:abort</name>
         <load_address>0x10656</load_address>
         <run_address>0x10656</run_address>
         <size>0x4</size>
         <input_file_ref idref="fl-e5"/>
      </object_component>
      <object_component id="oc-1ed">
         <name>.const:twiddleFactor_8192</name>
         <load_address>0x208</load_address>
         <run_address>0x208</run_address>
         <size>0x8000</size>
         <input_file_ref idref="fl-9"/>
      </object_component>
      <object_component id="oc-1f0">
         <name>.const:bit_reversal_8192</name>
         <load_address>0x8208</load_address>
         <run_address>0x8208</run_address>
         <size>0x4000</size>
         <input_file_ref idref="fl-5"/>
      </object_component>
      <object_component id="oc-23e">
         <name>.const:g_pppui32XTALtoVCO</name>
         <load_address>0xc208</load_address>
         <run_address>0xc208</run_address>
         <size>0x120</size>
         <input_file_ref idref="fl-15"/>
      </object_component>
      <object_component id="oc-438">
         <name>.const:.string:_ctypes_</name>
         <load_address>0xc328</load_address>
         <run_address>0xc328</run_address>
         <size>0x101</size>
         <input_file_ref idref="fl-e9"/>
      </object_component>
      <object_component id="oc-252">
         <name>.const:g_pui32GPIOBaseAddrs</name>
         <load_address>0xc42c</load_address>
         <run_address>0xc42c</run_address>
         <size>0x90</size>
         <input_file_ref idref="fl-13"/>
      </object_component>
      <object_component id="oc-23b">
         <name>.const:g_pui32Xtals</name>
         <load_address>0xc4bc</load_address>
         <run_address>0xc4bc</run_address>
         <size>0x6c</size>
         <input_file_ref idref="fl-15"/>
      </object_component>
      <object_component id="oc-36e">
         <name>.const:g_sXTALtoMEMTIM</name>
         <load_address>0xc528</load_address>
         <run_address>0xc528</run_address>
         <size>0x30</size>
         <input_file_ref idref="fl-15"/>
      </object_component>
      <object_component id="oc-395">
         <name>.const:.string</name>
         <load_address>0xc558</load_address>
         <run_address>0xc558</run_address>
         <size>0x12</size>
         <input_file_ref idref="fl-4"/>
      </object_component>
      <object_component id="oc-277">
         <name>.const:g_ui32UARTBase</name>
         <load_address>0xc56c</load_address>
         <run_address>0xc56c</run_address>
         <size>0xc</size>
         <input_file_ref idref="fl-4"/>
      </object_component>
      <object_component id="oc-271">
         <name>.const:g_ui32UARTPeriph</name>
         <load_address>0xc578</load_address>
         <run_address>0xc578</run_address>
         <size>0xc</size>
         <input_file_ref idref="fl-4"/>
      </object_component>
      <object_component id="oc-241">
         <name>.const</name>
         <load_address>0xc584</load_address>
         <run_address>0xc584</run_address>
         <size>0x8</size>
         <input_file_ref idref="fl-15"/>
      </object_component>
      <object_component id="oc-27f">
         <name>.const</name>
         <load_address>0xc58c</load_address>
         <run_address>0xc58c</run_address>
         <size>0x4</size>
         <input_file_ref idref="fl-4"/>
      </object_component>
      <object_component id="oc-5d1">
         <name>.cinit..data.load</name>
         <load_address>0x10660</load_address>
         <run_address>0x10660</run_address>
         <size>0x8cf6</size>
      </object_component>
      <object_component id="oc-5cf">
         <name>__TI_handler_table</name>
         <load_address>0x19358</load_address>
         <run_address>0x19358</run_address>
         <size>0xc</size>
      </object_component>
      <object_component id="oc-5d2">
         <name>.cinit..bss.load</name>
         <load_address>0x19368</load_address>
         <run_address>0x19368</run_address>
         <size>0x8</size>
      </object_component>
      <object_component id="oc-5d0">
         <name>__TI_cinit_table</name>
         <load_address>0x19370</load_address>
         <run_address>0x19370</run_address>
         <size>0x10</size>
      </object_component>
      <object_component id="oc-274">
         <name>.data</name>
         <load_address>0x200101e4</load_address>
         <run_address>0x200101e4</run_address>
         <size>0x5</size>
         <input_file_ref idref="fl-4"/>
      </object_component>
      <object_component id="oc-16a">
         <name>.data:signal_gen_8192</name>
         <load_address>0x20000000</load_address>
         <run_address>0x20000000</run_address>
         <size>0x10000</size>
         <input_file_ref idref="fl-8"/>
      </object_component>
      <object_component id="oc-2bf">
         <name>.data</name>
         <load_address>0x200101f4</load_address>
         <run_address>0x200101f4</run_address>
         <size>0x4</size>
         <input_file_ref idref="fl-d1"/>
      </object_component>
      <object_component id="oc-28b">
         <name>.data:$O1$$</name>
         <load_address>0x200101c8</load_address>
         <run_address>0x200101c8</run_address>
         <size>0xc</size>
         <input_file_ref idref="fl-e5"/>
      </object_component>
      <object_component id="oc-203">
         <name>.data:$O1$$</name>
         <load_address>0x200101d4</load_address>
         <run_address>0x200101d4</run_address>
         <size>0x8</size>
         <input_file_ref idref="fl-e6"/>
      </object_component>
      <object_component id="oc-1dd">
         <name>.data:_ftable</name>
         <load_address>0x20010000</load_address>
         <run_address>0x20010000</run_address>
         <size>0xf0</size>
         <input_file_ref idref="fl-ea"/>
      </object_component>
      <object_component id="oc-2c0">
         <name>.data</name>
         <load_address>0x200101b8</load_address>
         <run_address>0x200101b8</run_address>
         <size>0x10</size>
         <input_file_ref idref="fl-ea"/>
      </object_component>
      <object_component id="oc-50b">
         <name>.data:$O1$$</name>
         <load_address>0x200101dc</load_address>
         <run_address>0x200101dc</run_address>
         <size>0x8</size>
         <input_file_ref idref="fl-ed"/>
      </object_component>
      <object_component id="oc-2b4">
         <name>.data:_device</name>
         <load_address>0x200100f0</load_address>
         <run_address>0x200100f0</run_address>
         <size>0x78</size>
         <input_file_ref idref="fl-f2"/>
      </object_component>
      <object_component id="oc-4fe">
         <name>.data:_stream</name>
         <load_address>0x20010168</load_address>
         <run_address>0x20010168</run_address>
         <size>0x50</size>
         <input_file_ref idref="fl-f2"/>
      </object_component>
      <object_component id="oc-4fd">
         <name>.data</name>
         <load_address>0x200101f8</load_address>
         <run_address>0x200101f8</run_address>
         <size>0x4</size>
         <input_file_ref idref="fl-f3"/>
      </object_component>
      <object_component id="oc-2b3">
         <name>.data</name>
         <load_address>0x200101ec</load_address>
         <run_address>0x200101ec</run_address>
         <size>0x4</size>
         <input_file_ref idref="fl-f4"/>
      </object_component>
      <object_component id="oc-362">
         <name>.data</name>
         <load_address>0x200101f0</load_address>
         <run_address>0x200101f0</run_address>
         <size>0x4</size>
         <input_file_ref idref="fl-f5"/>
      </object_component>
      <object_component id="oc-55a">
         <name>.bss:_CIOBUF_</name>
         <uninitialized>true</uninitialized>
         <run_address>0x20010f00</run_address>
         <size>0x120</size>
         <input_file_ref idref="fl-10b"/>
      </object_component>
      <object_component id="oc-168">
         <name>.common:status</name>
         <uninitialized>true</uninitialized>
         <run_address>0x200110e8</run_address>
         <size>0x4</size>
      </object_component>
      <object_component id="oc-169">
         <name>.common:FFT_1</name>
         <uninitialized>true</uninitialized>
         <run_address>0x200110c0</run_address>
         <size>0x1c</size>
      </object_component>
      <object_component id="oc-16e">
         <name>.common:loop</name>
         <uninitialized>true</uninitialized>
         <run_address>0x200110e4</run_address>
         <size>0x4</size>
      </object_component>
      <object_component id="oc-16d">
         <name>.common:value_e</name>
         <uninitialized>true</uninitialized>
         <run_address>0x200110ec</run_address>
         <size>0x4</size>
      </object_component>
      <object_component id="oc-415">
         <name>.common:__TI_tmpnams</name>
         <uninitialized>true</uninitialized>
         <run_address>0x20011020</run_address>
         <size>0xa0</size>
      </object_component>
      <object_component id="oc-4da">
         <name>.common:parmbuf</name>
         <uninitialized>true</uninitialized>
         <run_address>0x200110dc</run_address>
         <size>0x8</size>
      </object_component>
      <object_component id="oc-24">
         <name>.sysmem</name>
         <uninitialized>true</uninitialized>
         <run_address>0x20010200</run_address>
         <size>0x10</size>
         <input_file_ref idref="fl-ed"/>
      </object_component>
      <object_component id="oc-5d5">
         <name>.sysmem</name>
         <uninitialized>true</uninitialized>
         <run_address>0x20010200</run_address>
         <size>0x0</size>
      </object_component>
      <object_component id="oc-27">
         <name>.stack</name>
         <uninitialized>true</uninitialized>
         <run_address>0x20010b00</run_address>
         <size>0x4</size>
         <input_file_ref idref="fl-f0"/>
      </object_component>
      <object_component id="oc-5d4">
         <name>.stack</name>
         <uninitialized>true</uninitialized>
         <run_address>0x20010b00</run_address>
         <size>0x0</size>
      </object_component>
      <object_component id="oc-ca">
         <name>.debug_info</name>
         <load_address>0x0</load_address>
         <run_address>0x0</run_address>
         <size>0x861</size>
         <input_file_ref idref="fl-2"/>
      </object_component>
      <object_component id="oc-a3">
         <name>.debug_info</name>
         <load_address>0x861</load_address>
         <run_address>0x861</run_address>
         <size>0x57b</size>
         <input_file_ref idref="fl-2"/>
      </object_component>
      <object_component id="oc-170">
         <name>.debug_info</name>
         <load_address>0xddc</load_address>
         <run_address>0xddc</run_address>
         <size>0x1ea6</size>
         <input_file_ref idref="fl-2"/>
      </object_component>
      <object_component id="oc-1b5">
         <name>.debug_info</name>
         <load_address>0x2c82</load_address>
         <run_address>0x2c82</run_address>
         <size>0x5e</size>
         <input_file_ref idref="fl-2"/>
      </object_component>
      <object_component id="oc-1ba">
         <name>.debug_info</name>
         <load_address>0x2ce0</load_address>
         <run_address>0x2ce0</run_address>
         <size>0x13d</size>
         <input_file_ref idref="fl-2"/>
      </object_component>
      <object_component id="oc-77">
         <name>.debug_info</name>
         <load_address>0x2e1d</load_address>
         <run_address>0x2e1d</run_address>
         <size>0x26b</size>
         <input_file_ref idref="fl-2"/>
      </object_component>
      <object_component id="oc-c5">
         <name>.debug_info</name>
         <load_address>0x3088</load_address>
         <run_address>0x3088</run_address>
         <size>0x8b</size>
         <input_file_ref idref="fl-2"/>
      </object_component>
      <object_component id="oc-c0">
         <name>.debug_info</name>
         <load_address>0x3113</load_address>
         <run_address>0x3113</run_address>
         <size>0x2a4</size>
         <input_file_ref idref="fl-2"/>
      </object_component>
      <object_component id="oc-7c">
         <name>.debug_info</name>
         <load_address>0x33b7</load_address>
         <run_address>0x33b7</run_address>
         <size>0xbb</size>
         <input_file_ref idref="fl-2"/>
      </object_component>
      <object_component id="oc-2eb">
         <name>.debug_info</name>
         <load_address>0x3472</load_address>
         <run_address>0x3472</run_address>
         <size>0xcc</size>
         <input_file_ref idref="fl-2"/>
      </object_component>
      <object_component id="oc-1e2">
         <name>.debug_info</name>
         <load_address>0x353e</load_address>
         <run_address>0x353e</run_address>
         <size>0x2c</size>
         <input_file_ref idref="fl-2"/>
      </object_component>
      <object_component id="oc-214">
         <name>.debug_info</name>
         <load_address>0x356a</load_address>
         <run_address>0x356a</run_address>
         <size>0x2c</size>
         <input_file_ref idref="fl-2"/>
      </object_component>
      <object_component id="oc-1bf">
         <name>.debug_info</name>
         <load_address>0x3596</load_address>
         <run_address>0x3596</run_address>
         <size>0x35</size>
         <input_file_ref idref="fl-2"/>
      </object_component>
      <object_component id="oc-32">
         <name>.debug_info</name>
         <load_address>0x35cb</load_address>
         <run_address>0x35cb</run_address>
         <size>0x2b9</size>
         <input_file_ref idref="fl-3"/>
      </object_component>
      <object_component id="oc-13">
         <name>.debug_info</name>
         <load_address>0x3884</load_address>
         <run_address>0x3884</run_address>
         <size>0xf8</size>
         <input_file_ref idref="fl-3"/>
      </object_component>
      <object_component id="oc-2d">
         <name>.debug_info</name>
         <load_address>0x397c</load_address>
         <run_address>0x397c</run_address>
         <size>0x277</size>
         <input_file_ref idref="fl-3"/>
      </object_component>
      <object_component id="oc-39">
         <name>.debug_info</name>
         <load_address>0x3bf3</load_address>
         <run_address>0x3bf3</run_address>
         <size>0x84</size>
         <input_file_ref idref="fl-3"/>
      </object_component>
      <object_component id="oc-283">
         <name>.debug_info</name>
         <load_address>0x3c77</load_address>
         <run_address>0x3c77</run_address>
         <size>0x411</size>
         <input_file_ref idref="fl-4"/>
      </object_component>
      <object_component id="oc-275">
         <name>.debug_info</name>
         <load_address>0x4088</load_address>
         <run_address>0x4088</run_address>
         <size>0x108</size>
         <input_file_ref idref="fl-4"/>
      </object_component>
      <object_component id="oc-280">
         <name>.debug_info</name>
         <load_address>0x4190</load_address>
         <run_address>0x4190</run_address>
         <size>0x102</size>
         <input_file_ref idref="fl-4"/>
      </object_component>
      <object_component id="oc-278">
         <name>.debug_info</name>
         <load_address>0x4292</load_address>
         <run_address>0x4292</run_address>
         <size>0x110</size>
         <input_file_ref idref="fl-4"/>
      </object_component>
      <object_component id="oc-272">
         <name>.debug_info</name>
         <load_address>0x43a2</load_address>
         <run_address>0x43a2</run_address>
         <size>0x114</size>
         <input_file_ref idref="fl-4"/>
      </object_component>
      <object_component id="oc-158">
         <name>.debug_info</name>
         <load_address>0x44b6</load_address>
         <run_address>0x44b6</run_address>
         <size>0x96d</size>
         <input_file_ref idref="fl-4"/>
      </object_component>
      <object_component id="oc-2f6">
         <name>.debug_info</name>
         <load_address>0x4e23</load_address>
         <run_address>0x4e23</run_address>
         <size>0xf7</size>
         <input_file_ref idref="fl-5"/>
      </object_component>
      <object_component id="oc-1f1">
         <name>.debug_info</name>
         <load_address>0x4f1a</load_address>
         <run_address>0x4f1a</run_address>
         <size>0xfe</size>
         <input_file_ref idref="fl-5"/>
      </object_component>
      <object_component id="oc-1e9">
         <name>.debug_info</name>
         <load_address>0x5018</load_address>
         <run_address>0x5018</run_address>
         <size>0x2ed</size>
         <input_file_ref idref="fl-6"/>
      </object_component>
      <object_component id="oc-1f4">
         <name>.debug_info</name>
         <load_address>0x5305</load_address>
         <run_address>0x5305</run_address>
         <size>0x48c</size>
         <input_file_ref idref="fl-7"/>
      </object_component>
      <object_component id="oc-e9">
         <name>.debug_info</name>
         <load_address>0x5791</load_address>
         <run_address>0x5791</run_address>
         <size>0x40e</size>
         <input_file_ref idref="fl-7"/>
      </object_component>
      <object_component id="oc-289">
         <name>.debug_info</name>
         <load_address>0x5b9f</load_address>
         <run_address>0x5b9f</run_address>
         <size>0x37c</size>
         <input_file_ref idref="fl-8"/>
      </object_component>
      <object_component id="oc-16b">
         <name>.debug_info</name>
         <load_address>0x5f1b</load_address>
         <run_address>0x5f1b</run_address>
         <size>0xf4</size>
         <input_file_ref idref="fl-8"/>
      </object_component>
      <object_component id="oc-d3">
         <name>.debug_info</name>
         <load_address>0x600f</load_address>
         <run_address>0x600f</run_address>
         <size>0x2c</size>
         <input_file_ref idref="fl-8"/>
      </object_component>
      <object_component id="oc-2f3">
         <name>.debug_info</name>
         <load_address>0x603b</load_address>
         <run_address>0x603b</run_address>
         <size>0x386</size>
         <input_file_ref idref="fl-9"/>
      </object_component>
      <object_component id="oc-1ee">
         <name>.debug_info</name>
         <load_address>0x63c1</load_address>
         <run_address>0x63c1</run_address>
         <size>0x101</size>
         <input_file_ref idref="fl-9"/>
      </object_component>
      <object_component id="oc-1e1">
         <name>.debug_info</name>
         <load_address>0x64c2</load_address>
         <run_address>0x64c2</run_address>
         <size>0x4c0</size>
         <input_file_ref idref="fl-a"/>
      </object_component>
      <object_component id="oc-e4">
         <name>.debug_info</name>
         <load_address>0x6982</load_address>
         <run_address>0x6982</run_address>
         <size>0x757</size>
         <input_file_ref idref="fl-a"/>
      </object_component>
      <object_component id="oc-de">
         <name>.debug_info</name>
         <load_address>0x70d9</load_address>
         <run_address>0x70d9</run_address>
         <size>0x20d</size>
         <input_file_ref idref="fl-12"/>
      </object_component>
      <object_component id="oc-1f6">
         <name>.debug_info</name>
         <load_address>0x72e6</load_address>
         <run_address>0x72e6</run_address>
         <size>0x18b</size>
         <input_file_ref idref="fl-12"/>
      </object_component>
      <object_component id="oc-1fb">
         <name>.debug_info</name>
         <load_address>0x7471</load_address>
         <run_address>0x7471</run_address>
         <size>0x230</size>
         <input_file_ref idref="fl-13"/>
      </object_component>
      <object_component id="oc-253">
         <name>.debug_info</name>
         <load_address>0x76a1</load_address>
         <run_address>0x76a1</run_address>
         <size>0x15b</size>
         <input_file_ref idref="fl-13"/>
      </object_component>
      <object_component id="oc-f0">
         <name>.debug_info</name>
         <load_address>0x77fc</load_address>
         <run_address>0x77fc</run_address>
         <size>0x2a3</size>
         <input_file_ref idref="fl-13"/>
      </object_component>
      <object_component id="oc-24a">
         <name>.debug_info</name>
         <load_address>0x7a9f</load_address>
         <run_address>0x7a9f</run_address>
         <size>0x2b3</size>
         <input_file_ref idref="fl-13"/>
      </object_component>
      <object_component id="oc-13a">
         <name>.debug_info</name>
         <load_address>0x7d52</load_address>
         <run_address>0x7d52</run_address>
         <size>0x316</size>
         <input_file_ref idref="fl-13"/>
      </object_component>
      <object_component id="oc-140">
         <name>.debug_info</name>
         <load_address>0x8068</load_address>
         <run_address>0x8068</run_address>
         <size>0x27b</size>
         <input_file_ref idref="fl-13"/>
      </object_component>
      <object_component id="oc-12e">
         <name>.debug_info</name>
         <load_address>0x82e3</load_address>
         <run_address>0x82e3</run_address>
         <size>0x2b7</size>
         <input_file_ref idref="fl-13"/>
      </object_component>
      <object_component id="oc-134">
         <name>.debug_info</name>
         <load_address>0x859a</load_address>
         <run_address>0x859a</run_address>
         <size>0x285</size>
         <input_file_ref idref="fl-13"/>
      </object_component>
      <object_component id="oc-146">
         <name>.debug_info</name>
         <load_address>0x881f</load_address>
         <run_address>0x881f</run_address>
         <size>0x280</size>
         <input_file_ref idref="fl-13"/>
      </object_component>
      <object_component id="oc-245">
         <name>.debug_info</name>
         <load_address>0x8a9f</load_address>
         <run_address>0x8a9f</run_address>
         <size>0x27f</size>
         <input_file_ref idref="fl-15"/>
      </object_component>
      <object_component id="oc-23c">
         <name>.debug_info</name>
         <load_address>0x8d1e</load_address>
         <run_address>0x8d1e</run_address>
         <size>0x14d</size>
         <input_file_ref idref="fl-15"/>
      </object_component>
      <object_component id="oc-23f">
         <name>.debug_info</name>
         <load_address>0x8e6b</load_address>
         <run_address>0x8e6b</run_address>
         <size>0x159</size>
         <input_file_ref idref="fl-15"/>
      </object_component>
      <object_component id="oc-36f">
         <name>.debug_info</name>
         <load_address>0x8fc4</load_address>
         <run_address>0x8fc4</run_address>
         <size>0x153</size>
         <input_file_ref idref="fl-15"/>
      </object_component>
      <object_component id="oc-242">
         <name>.debug_info</name>
         <load_address>0x9117</load_address>
         <run_address>0x9117</run_address>
         <size>0x160</size>
         <input_file_ref idref="fl-15"/>
      </object_component>
      <object_component id="oc-12a">
         <name>.debug_info</name>
         <load_address>0x9277</load_address>
         <run_address>0x9277</run_address>
         <size>0x27f</size>
         <input_file_ref idref="fl-15"/>
      </object_component>
      <object_component id="oc-263">
         <name>.debug_info</name>
         <load_address>0x94f6</load_address>
         <run_address>0x94f6</run_address>
         <size>0x283</size>
         <input_file_ref idref="fl-15"/>
      </object_component>
      <object_component id="oc-124">
         <name>.debug_info</name>
         <load_address>0x9779</load_address>
         <run_address>0x9779</run_address>
         <size>0x27d</size>
         <input_file_ref idref="fl-15"/>
      </object_component>
      <object_component id="oc-233">
         <name>.debug_info</name>
         <load_address>0x99f6</load_address>
         <run_address>0x99f6</run_address>
         <size>0x270</size>
         <input_file_ref idref="fl-15"/>
      </object_component>
      <object_component id="oc-239">
         <name>.debug_info</name>
         <load_address>0x9c66</load_address>
         <run_address>0x9c66</run_address>
         <size>0x2ba</size>
         <input_file_ref idref="fl-15"/>
      </object_component>
      <object_component id="oc-11e">
         <name>.debug_info</name>
         <load_address>0x9f20</load_address>
         <run_address>0x9f20</run_address>
         <size>0x4cf</size>
         <input_file_ref idref="fl-15"/>
      </object_component>
      <object_component id="oc-37b">
         <name>.debug_info</name>
         <load_address>0xa3ef</load_address>
         <run_address>0xa3ef</run_address>
         <size>0x5f</size>
         <input_file_ref idref="fl-15"/>
      </object_component>
      <object_component id="oc-285">
         <name>.debug_info</name>
         <load_address>0xa44e</load_address>
         <run_address>0xa44e</run_address>
         <size>0x19d</size>
         <input_file_ref idref="fl-16"/>
      </object_component>
      <object_component id="oc-f8">
         <name>.debug_info</name>
         <load_address>0xa5eb</load_address>
         <run_address>0xa5eb</run_address>
         <size>0x22c</size>
         <input_file_ref idref="fl-16"/>
      </object_component>
      <object_component id="oc-160">
         <name>.debug_info</name>
         <load_address>0xa817</load_address>
         <run_address>0xa817</run_address>
         <size>0x261</size>
         <input_file_ref idref="fl-16"/>
      </object_component>
      <object_component id="oc-165">
         <name>.debug_info</name>
         <load_address>0xaa78</load_address>
         <run_address>0xaa78</run_address>
         <size>0x221</size>
         <input_file_ref idref="fl-16"/>
      </object_component>
      <object_component id="oc-25d">
         <name>.debug_info</name>
         <load_address>0xac99</load_address>
         <run_address>0xac99</run_address>
         <size>0x227</size>
         <input_file_ref idref="fl-17"/>
      </object_component>
      <object_component id="oc-151">
         <name>.debug_info</name>
         <load_address>0xaec0</load_address>
         <run_address>0xaec0</run_address>
         <size>0x247</size>
         <input_file_ref idref="fl-17"/>
      </object_component>
      <object_component id="oc-257">
         <name>.debug_info</name>
         <load_address>0xb107</load_address>
         <run_address>0xb107</run_address>
         <size>0x249</size>
         <input_file_ref idref="fl-17"/>
      </object_component>
      <object_component id="oc-14b">
         <name>.debug_info</name>
         <load_address>0xb350</load_address>
         <run_address>0xb350</run_address>
         <size>0x326</size>
         <input_file_ref idref="fl-17"/>
      </object_component>
      <object_component id="oc-267">
         <name>.debug_info</name>
         <load_address>0xb676</load_address>
         <run_address>0xb676</run_address>
         <size>0x273</size>
         <input_file_ref idref="fl-17"/>
      </object_component>
      <object_component id="oc-26c">
         <name>.debug_info</name>
         <load_address>0xb8e9</load_address>
         <run_address>0xb8e9</run_address>
         <size>0x24d</size>
         <input_file_ref idref="fl-17"/>
      </object_component>
      <object_component id="oc-22b">
         <name>.debug_info</name>
         <load_address>0xbb36</load_address>
         <run_address>0xbb36</run_address>
         <size>0x2c5</size>
         <input_file_ref idref="fl-ce"/>
      </object_component>
      <object_component id="oc-106">
         <name>.debug_info</name>
         <load_address>0xbdfb</load_address>
[...]
         <object_component_ref idref="oc-126"/>
      </symbol>
      <symbol id="sm-297">
         <name>SysCtlClockFreqSet</name>
         <value>0xdbf5</value>
         <object_component_ref idref="oc-11a"/>
      </symbol>
      <symbol id="sm-2ba">
         <name>SysTickEnable</name>
         <value>0x10551</value>
         <object_component_ref idref="oc-162"/>
      </symbol>
      <symbol id="sm-2bb">
         <name>SysTickValueGet</name>
         <value>0x10609</value>
         <object_component_ref idref="oc-f4"/>
      </symbol>
      <symbol id="sm-2bc">
         <name>SysTickPeriodSet</name>
         <value>0x105e9</value>
         <object_component_ref idref="oc-15c"/>
      </symbol>
      <symbol id="sm-2ef">
         <name>UARTConfigSetExpClk</name>
         <value>0xfef9</value>
         <object_component_ref idref="oc-14a"/>
      </symbol>
      <symbol id="sm-2f0">
         <name>UARTDisable</name>
         <value>0x1041d</value>
         <object_component_ref idref="oc-256"/>
      </symbol>
      <symbol id="sm-2f1">
         <name>UARTCharPut</name>
         <value>0x1062b</value>
         <object_component_ref idref="oc-265"/>
      </symbol>
      <symbol id="sm-2f2">
         <name>UARTEnable</name>
         <value>0x10565</value>
         <object_component_ref idref="oc-150"/>
      </symbol>
      <symbol id="sm-2f3">
         <name>UARTCharGet</name>
         <value>0x10621</value>
         <object_component_ref idref="oc-26b"/>
      </symbol>
      <symbol id="sm-320">
         <name>sqrtl</name>
         <value>0xe181</value>
         <object_component_ref idref="oc-105"/>
      </symbol>
      <symbol id="sm-321">
         <name>sqrt</name>
         <value>0xe181</value>
         <object_component_ref idref="oc-105"/>
      </symbol>
      <symbol id="sm-34d">
         <name>printf</name>
         <value>0xf945</value>
         <object_component_ref idref="oc-fa"/>
      </symbol>
      <symbol id="sm-4b7">
         <name>__TI_printfi</name>
         <value>0xc591</value>
         <object_component_ref idref="oc-1fd"/>
      </symbol>
      <symbol id="sm-50e">
         <name>__TI_cleanup</name>
         <value>0x1021d</value>
         <object_component_ref idref="oc-2d8"/>
      </symbol>
      <symbol id="sm-50f">
         <name>freopen</name>
         <value>0x102b9</value>
         <object_component_ref idref="oc-1d1"/>
      </symbol>
      <symbol id="sm-510">
         <name>fopen</name>
         <value>0xf2d1</value>
         <object_component_ref idref="oc-1cb"/>
      </symbol>
      <symbol id="sm-525">
         <name>putc</name>
         <value>0xf4a1</value>
         <object_component_ref idref="oc-353"/>
      </symbol>
      <symbol id="sm-526">
         <name>fputc</name>
         <value>0xf4a1</value>
         <object_component_ref idref="oc-353"/>
      </symbol>
      <symbol id="sm-544">
         <name>fputs</name>
         <value>0xe8c5</value>
         <object_component_ref idref="oc-34c"/>
      </symbol>
      <symbol id="sm-55c">
         <name>__TI_wrt_ok</name>
         <value>0xfa75</value>
         <object_component_ref idref="oc-49f"/>
      </symbol>
      <symbol id="sm-578">
         <name>setvbuf</name>
         <value>0xefcd</value>
         <object_component_ref idref="oc-1d7"/>
      </symbol>
      <symbol id="sm-58f">
         <name>__aeabi_dsub</name>
         <value>0xdfc9</value>
         <object_component_ref idref="oc-21a"/>
      </symbol>
      <symbol id="sm-590">
         <name>__aeabi_dadd</name>
         <value>0xdfd3</value>
         <object_component_ref idref="oc-21a"/>
      </symbol>
      <symbol id="sm-5b2">
         <name>__aeabi_cdcmpeq</name>
         <value>0xf52d</value>
         <object_component_ref idref="oc-30d"/>
      </symbol>
      <symbol id="sm-5b3">
         <name>__aeabi_cdcmple</name>
         <value>0xf52d</value>
         <object_component_ref idref="oc-30d"/>
      </symbol>
      <symbol id="sm-5b4">
         <name>__aeabi_cdrcmple</name>
         <value>0xf5b3</value>
         <object_component_ref idref="oc-444"/>
      </symbol>
      <symbol id="sm-5c8">
         <name>__aeabi_ddiv</name>
         <value>0xe415</value>
         <object_component_ref idref="oc-115"/>
      </symbol>
      <symbol id="sm-5d3">
         <name>__aeabi_dmul</name>
         <value>0xecf9</value>
         <object_component_ref idref="oc-10b"/>
      </symbol>
      <symbol id="sm-5dd">
         <name>__aeabi_d2iz</name>
         <value>0xfeb1</value>
         <object_component_ref idref="oc-449"/>
      </symbol>
      <symbol id="sm-5e8">
         <name>__aeabi_f2d</name>
         <value>0x10179</value>
         <object_component_ref idref="oc-100"/>
      </symbol>
      <symbol id="sm-5f2">
         <name>__aeabi_i2d</name>
         <value>0x1031d</value>
         <object_component_ref idref="oc-454"/>
      </symbol>
      <symbol id="sm-60d">
         <name>memcpy</name>
         <value>0xf36d</value>
         <object_component_ref idref="oc-3e"/>
      </symbol>
      <symbol id="sm-60e">
         <name>__aeabi_memcpy</name>
         <value>0xf36d</value>
         <object_component_ref idref="oc-3e"/>
      </symbol>
      <symbol id="sm-60f">
         <name>__aeabi_memcpy8</name>
         <value>0xf36d</value>
         <object_component_ref idref="oc-3e"/>
      </symbol>
      <symbol id="sm-610">
         <name>__aeabi_memcpy4</name>
         <value>0xf36d</value>
         <object_component_ref idref="oc-3e"/>
      </symbol>
      <symbol id="sm-61a">
         <name>__aeabi_ui2d</name>
         <value>0x1047d</value>
         <object_component_ref idref="oc-110"/>
      </symbol>
      <symbol id="sm-629">
         <name>__aeabi_memset</name>
         <value>0xf63b</value>
         <object_component_ref idref="oc-96"/>
      </symbol>
      <symbol id="sm-62a">
         <name>memset</name>
         <value>0xf641</value>
         <object_component_ref idref="oc-96"/>
      </symbol>
      <symbol id="sm-62b">
         <name>__aeabi_memset8</name>
         <value>0xf63b</value>
         <object_component_ref idref="oc-96"/>
      </symbol>
      <symbol id="sm-62c">
         <name>__aeabi_memset4</name>
         <value>0xf63b</value>
         <object_component_ref idref="oc-96"/>
      </symbol>
      <symbol id="sm-62d">
         <name>__aeabi_memclr8</name>
         <value>0xf639</value>
         <object_component_ref idref="oc-96"/>
      </symbol>
      <symbol id="sm-62e">
         <name>__aeabi_memclr4</name>
         <value>0xf639</value>
         <object_component_ref idref="oc-96"/>
      </symbol>
      <symbol id="sm-62f">
         <name>__aeabi_memclr</name>
         <value>0xf639</value>
         <object_component_ref idref="oc-96"/>
      </symbol>
      <symbol id="sm-63e">
         <name>__aeabi_uidivmod</name>
         <value>0x10051</value>
         <object_component_ref idref="oc-27a"/>
      </symbol>
      <symbol id="sm-63f">
         <name>__aeabi_uidiv</name>
         <value>0x10051</value>
         <object_component_ref idref="oc-27a"/>
      </symbol>
      <symbol id="sm-64c">
         <name>__aeabi_uldivmod</name>
         <value>0xf409</value>
         <object_component_ref idref="oc-43d"/>
      </symbol>
      <symbol id="sm-660">
         <name>__TI_zero_init_nomemset</name>
         <value>0x1049d</value>
         <object_component_ref idref="oc-4a"/>
      </symbol>
      <symbol id="sm-677">
         <name>__TI_decompress_none</name>
         <value>0x105f9</value>
         <object_component_ref idref="oc-1b"/>
      </symbol>
      <symbol id="sm-69a">
         <name>__TI_decompress_lzss</name>
         <value>0xf8dd</value>
         <object_component_ref idref="oc-15"/>
      </symbol>
      <symbol id="sm-6c0">
         <name>C$$EXIT</name>
         <value>0x10657</value>
         <object_component_ref idref="oc-175"/>
      </symbol>
      <symbol id="sm-6c1">
         <name>abort</name>
         <value>0x10657</value>
         <object_component_ref idref="oc-175"/>
      </symbol>
      <symbol id="sm-6c2">
         <name>__TI_dtors_ptr</name>
         <value>0x200101cc</value>
         <object_component_ref idref="oc-28b"/>
      </symbol>
      <symbol id="sm-6c3">
         <name>__TI_cleanup_ptr</name>
         <value>0x200101c8</value>
         <object_component_ref idref="oc-28b"/>
      </symbol>
      <symbol id="sm-6c4">
         <name>__TI_enable_exit_profile_output</name>
         <value>0x200101d0</value>
         <object_component_ref idref="oc-28b"/>
      </symbol>
      <symbol id="sm-6c5">
         <name>exit</name>
         <value>0xfe69</value>
         <object_component_ref idref="oc-17b"/>
      </symbol>
      <symbol id="sm-6da">
         <name>_nop</name>
         <value>0xcfdf</value>
         <object_component_ref idref="oc-342"/>
      </symbol>
      <symbol id="sm-6db">
         <name>_lock</name>
         <value>0x200101d4</value>
         <object_component_ref idref="oc-203"/>
      </symbol>
      <symbol id="sm-6dc">
         <name>_unlock</name>
         <value>0x200101d8</value>
         <object_component_ref idref="oc-203"/>
      </symbol>
      <symbol id="sm-6eb">
         <name>__TI_ltoa</name>
         <value>0xfc9b</value>
         <object_component_ref idref="oc-44e"/>
      </symbol>
      <symbol id="sm-701">
         <name>atoi</name>
         <value>0xfd8d</value>
         <object_component_ref idref="oc-301"/>
      </symbol>
      <symbol id="sm-70c">
         <name>_ctypes_</name>
         <value>0xc328</value>
         <object_component_ref idref="oc-438"/>
      </symbol>
      <symbol id="sm-721">
         <name>__TI_tmpnams</name>
         <value>0x20011020</value>
      </symbol>
      <symbol id="sm-722">
         <name>__aeabi_stdout</name>
         <value>0x200101c0</value>
         <object_component_ref idref="oc-2c0"/>
      </symbol>
      <symbol id="sm-723">
         <name>__aeabi_stderr</name>
         <value>0x200101c4</value>
         <object_component_ref idref="oc-2c0"/>
      </symbol>
      <symbol id="sm-724">
         <name>__aeabi_stdin</name>
         <value>0x200101bc</value>
         <object_component_ref idref="oc-2c0"/>
      </symbol>
      <symbol id="sm-725">
         <name>_ftable</name>
         <value>0x20010000</value>
         <object_component_ref idref="oc-1dd"/>
      </symbol>
      <symbol id="sm-726">
         <name>__TI_ft_end</name>
         <value>0x200101b8</value>
         <object_component_ref idref="oc-2c0"/>
      </symbol>
      <symbol id="sm-736">
         <name>memccpy</name>
         <value>0x104d5</value>
         <object_component_ref idref="oc-32a"/>
      </symbol>
      <symbol id="sm-746">
         <name>memchr</name>
         <value>0x1045d</value>
         <object_component_ref idref="oc-4a5"/>
      </symbol>
      <symbol id="sm-7ca">
         <name>_sys_memory</name>
         <value>0x20010200</value>
         <object_component_ref idref="oc-24"/>
      </symbol>
      <symbol id="sm-7cb">
         <name>free</name>
         <value>0xeee9</value>
         <object_component_ref idref="oc-2cc"/>
      </symbol>
      <symbol id="sm-7cc">
         <name>memalign</name>
         <value>0xebf9</value>
         <object_component_ref idref="oc-425"/>
      </symbol>
      <symbol id="sm-7cd">
         <name>malloc</name>
         <value>0x1063d</value>
         <object_component_ref idref="oc-2d2"/>
      </symbol>
      <symbol id="sm-7ce">
         <name>aligned_alloc</name>
         <value>0xebf9</value>
         <object_component_ref idref="oc-425"/>
      </symbol>
      <symbol id="sm-7de">
         <name>strchr</name>
         <value>0x1053b</value>
         <object_component_ref idref="oc-480"/>
      </symbol>
      <symbol id="sm-7ec">
         <name>strlen</name>
         <value>0x1058d</value>
         <object_component_ref idref="oc-2fb"/>
      </symbol>
      <symbol id="sm-7ff">
         <name>__stack</name>
         <value>0x20010b00</value>
         <object_component_ref idref="oc-27"/>
      </symbol>
      <symbol id="sm-800">
         <name>_c_int00_noargs</name>
         <value>0x10285</value>
         <object_component_ref idref="oc-5c"/>
      </symbol>
      <symbol id="sm-815">
         <name>write</name>
         <value>0x103f5</value>
         <object_component_ref idref="oc-4ab"/>
      </symbol>
      <symbol id="sm-826">
         <name>_stream</name>
         <value>0x20010168</value>
         <object_component_ref idref="oc-4fe"/>
      </symbol>
      <symbol id="sm-827">
         <name>_device</name>
         <value>0x200100f0</value>
         <object_component_ref idref="oc-2b4"/>
      </symbol>
      <symbol id="sm-844">
         <name>open</name>
         <value>0xf0a9</value>
         <object_component_ref idref="oc-3f8"/>
      </symbol>
      <symbol id="sm-864">
         <name>add_device</name>
         <value>0xf165</value>
         <object_component_ref idref="oc-1c5"/>
      </symbol>
      <symbol id="sm-87a">
         <name>__aeabi_errno_addr</name>
         <value>0x10635</value>
         <object_component_ref idref="oc-21f"/>
      </symbol>
      <symbol id="sm-87b">
         <name>errno</name>
         <value>0x200101f0</value>
         <object_component_ref idref="oc-362"/>
      </symbol>
      <symbol id="sm-894">
         <name>wcslen</name>
         <value>0x105c5</value>
         <object_component_ref idref="oc-330"/>
      </symbol>
      <symbol id="sm-8b4">
         <name>frexpl</name>
         <value>0xf9ad</value>
         <object_component_ref idref="oc-474"/>
      </symbol>
      <symbol id="sm-8b5">
         <name>frexp</name>
         <value>0xf9ad</value>
         <object_component_ref idref="oc-474"/>
      </symbol>
      <symbol id="sm-8d2">
         <name>scalbn</name>
         <value>0xeae9</value>
         <object_component_ref idref="oc-47a"/>
      </symbol>
      <symbol id="sm-8d3">
         <name>scalbnl</name>
         <value>0xeae9</value>
         <object_component_ref idref="oc-47a"/>
      </symbol>
      <symbol id="sm-8d4">
         <name>ldexpl</name>
         <value>0xeae9</value>
         <object_component_ref idref="oc-47a"/>
      </symbol>
      <symbol id="sm-8d5">
         <name>ldexp</name>
         <value>0xeae9</value>
         <object_component_ref idref="oc-47a"/>
      </symbol>
      <symbol id="sm-8ea">
         <name>__TI_closefile</name>
         <value>0xf6b5</value>
         <object_component_ref idref="oc-2c5"/>
      </symbol>
      <symbol id="sm-8fa">
         <name>__TI_doflush</name>
         <value>0xfd41</value>
         <object_component_ref idref="oc-403"/>
      </symbol>
      <symbol id="sm-90c">
         <name>fseek</name>
         <value>0xfa11</value>
         <object_component_ref idref="oc-549"/>
      </symbol>
      <symbol id="sm-92a">
         <name>finddevice</name>
         <value>0x102ed</value>
         <object_component_ref idref="oc-2a7"/>
      </symbol>
      <symbol id="sm-92b">
         <name>getdevice</name>
         <value>0x1000d</value>
         <object_component_ref idref="oc-4f7"/>
      </symbol>
      <symbol id="sm-935">
         <name>__aeabi_idiv0</name>
         <value>0xe17f</value>
         <object_component_ref idref="oc-38f"/>
      </symbol>
      <symbol id="sm-936">
         <name>__aeabi_ldiv0</name>
         <value>0xe17f</value>
         <object_component_ref idref="oc-38f"/>
      </symbol>
      <symbol id="sm-95e">
         <name>__TI_auto_init_nobinit_nopinit</name>
         <value>0xffc9</value>
         <object_component_ref idref="oc-181"/>
      </symbol>
      <symbol id="sm-968">
         <name>_system_pre_init</name>
         <value>0x10653</value>
         <object_component_ref idref="oc-9c"/>
      </symbol>
      <symbol id="sm-979">
         <name>strcmp</name>
         <value>0x10523</value>
         <object_component_ref idref="oc-3b5"/>
      </symbol>
      <symbol id="sm-989">
         <name>strncpy</name>
         <value>0x101b1</value>
         <object_component_ref idref="oc-2ad"/>
      </symbol>
      <symbol id="sm-99a">
         <name>HOSTclose</name>
         <value>0xff41</value>
         <object_component_ref idref="oc-3c5"/>
      </symbol>
      <symbol id="sm-9ab">
         <name>HOSTlseek</name>
         <value>0xf875</value>
         <object_component_ref idref="oc-3d7"/>
      </symbol>
      <symbol id="sm-9bd">
         <name>parmbuf</name>
         <value>0x200110dc</value>
      </symbol>
      <symbol id="sm-9be">
         <name>HOSTopen</name>
         <value>0xfad9</value>
         <object_component_ref idref="oc-3bf"/>
      </symbol>
      <symbol id="sm-9cf">
         <name>HOSTread</name>
         <value>0xfb95</value>
         <object_component_ref idref="oc-3cb"/>
      </symbol>
      <symbol id="sm-9e0">
         <name>HOSTrename</name>
         <value>0xf809</value>
         <object_component_ref idref="oc-3e3"/>
      </symbol>
      <symbol id="sm-9f1">
         <name>HOSTunlink</name>
         <value>0xff85</value>
         <object_component_ref idref="oc-3dd"/>
      </symbol>
      <symbol id="sm-a02">
         <name>HOSTwrite</name>
         <value>0xfbed</value>
         <object_component_ref idref="oc-3d1"/>
      </symbol>
      <symbol id="sm-a26">
         <name>__TI_readmsg</name>
         <value>0x10251</value>
         <object_component_ref idref="oc-4d4"/>
      </symbol>
      <symbol id="sm-a27">
         <name>C$$IO$$</name>
         <value>0x1016f</value>
         <object_component_ref idref="oc-4ce"/>
      </symbol>
      <symbol id="sm-a28">
         <name>__CIOBUF_</name>
         <value>0x20010f00</value>
         <object_component_ref idref="oc-55a"/>
      </symbol>
      <symbol id="sm-a29">
         <name>__TI_writemsg</name>
         <value>0x10141</value>
         <object_component_ref idref="oc-4ce"/>
      </symbol>
      <symbol id="sm-a3a">
         <name>lseek</name>
         <value>0x103cd</value>
         <object_component_ref idref="oc-58e"/>
      </symbol>
      <symbol id="sm-a4e">
         <name>close</name>
         <value>0xfb39</value>
         <object_component_ref idref="oc-409"/>
      </symbol>
      <symbol id="sm-a58">
         <name>copysign</name>
         <value>0x104f1</value>
         <object_component_ref idref="oc-531"/>
      </symbol>
      <symbol id="sm-a59">
         <name>copysignl</name>
         <value>0x104f1</value>
         <object_component_ref idref="oc-531"/>
      </symbol>
      <symbol id="sm-a67">
         <name>strcpy</name>
         <value>0x10579</value>
         <object_component_ref idref="oc-4e8"/>
      </symbol>
      <symbol id="sm-a77">
         <name>unlink</name>
         <value>0x1034d</value>
         <object_component_ref idref="oc-40f"/>
      </symbol>
      <symbol id="sm-a78">
         <name>__TI_static_base__</name>
         <value>0x0</value>
      </symbol>
      <symbol id="sm-a7b">
         <name>__mpu_init</name>
         <value>0x0</value>
      </symbol>
      <symbol id="sm-a7c">
         <name>_system_post_cinit</name>
         <value>0x0</value>
      </symbol>
      <symbol id="sm-a7d">
         <name>remove</name>
         <value>0x1034d</value>
      </symbol>
   </symbol_table>
   <title>Link successful</title>
</link_info>
