******************************************************************************
                  TI ARM Linker PC v20.2.7                     
******************************************************************************
>> Linked Sun Nov  6 08:56:28 2022

OUTPUT FILE NAME:   <dsp_FFT.out>
ENTRY POINT SYMBOL: "_c_int00_noargs"  address: 0000490d


MEMORY CONFIGURATION

         name            origin    length      used     unused   attr    fill
----------------------  --------  ---------  --------  --------  ----  --------
  FLASH                 00000000   00100000  000189a4  000e765c  R  X
  SRAM                  20000000   00040000  000015d0  0003ea30  RW X


SEGMENT ALLOCATION MAP

run origin  load origin   length   init length attrs members
----------  ----------- ---------- ----------- ----- -------
00000000    00000000    000189a8   000189a8    r-x
  00000000    00000000    00000208   00000208    r-- .intvecs
  00000208    00000208    00004a7c   00004a7c    r-x .text
  00004c84    00004c84    00000388   00000388    r-- .const
  0000500c    0000500c    00013458   00013458    r-- .constdata
  00018464    00018464    000000c0   000000c0    r-x . text
  00018528    00018528    00000480   00000480    r-- .cinit
20000000    20000000    000015d0   00000000    rw-
  20000000    20000000    00000a08   00000000    rw- .data
  20000a08    20000a08    000005c8   00000000    rw- .bss
  20000fd0    20000fd0    00000400   00000000    rw- .sysmem
  200013d0    200013d0    00000200   00000000    rw- .stack


SECTION ALLOCATION MAP

 output                                  attributes/
section   page    origin      length       input sections
--------  ----  ----------  ----------   ----------------
.intvecs   0    00000000    00000208     
                  00000000    00000208     tm4c129encpdt_startup_ccs.obj (.intvecs)

.text      0    00000208    00004a7c     
                  00000208    00000a4e     rtsv7M4_T_le_v4SPD16_eabi.lib : _printfi.c.obj (.text:__TI_printfi)
                  00000c56    00000002                                   : _lock.c.obj (.text:_nop)
                  00000c58    00000722     arm_cortexM4lf_math.lib : arm_cfft_f32.o (.text)
                  0000137a    00000002     rtsv7M4_T_le_v4SPD16_eabi.lib : div0.asm.obj (.text)
                  0000137c    000004dc     arm_cortexM4lf_math.lib : arm_cfft_radix8_f32.o (.text)
                  00001858    0000049c     uartstdio.obj (.text)
                  00001cf4    00000270     rtsv7M4_T_le_v4SPD16_eabi.lib : _printfi.c.obj (.text:_pconv_a)
                  00001f64    00000204     driverlib.lib : sysctl.obj (.text:SysCtlClockFreqSet)
                  00002168    000001d0     rtsv7M4_T_le_v4SPD16_eabi.lib : _printfi.c.obj (.text:_pconv_g)
                  00002338    000001b6                                   : fd_add_t2.asm.obj (.text)
                  000024ee    00000002     --HOLE-- [fill = 0]
                  000024f0    00000198     main.obj (.text)
                  00002688    00000192     arm_cortexM4lf_math.lib : arm_rfft_fast_f32.o (.text)
                  0000281a    00000002     --HOLE-- [fill = 0]
                  0000281c    0000013c     rtsv7M4_T_le_v4SPD16_eabi.lib : _printfi.c.obj (.text:_pconv_e)
                  00002958    00000136                                   : fd_div_t2.asm.obj (.text)
                  00002a8e    00000132     driverlib.lib : gpio.obj (.text:GPIOPadConfigSet)
                  00002bc0    00000128     arm_cortexM4lf_math.lib : arm_rfft_fast_init_f32.o (.text)
                  00002ce8    00000124     rtsv7M4_T_le_v4SPD16_eabi.lib : _printfi.c.obj (.text:fcvt)
                  00002e0c    00000124     mydevices.obj (.text)
                  00002f30    00000114     rtsv7M4_T_le_v4SPD16_eabi.lib : fputs.c.obj (.text:fputs)
                  00003044    00000110     driverlib.lib : sysctl.obj (.text:SysCtlClockGet)
                  00003154    00000110     rtsv7M4_T_le_v4SPD16_eabi.lib : fopen.c.obj (.text:_openfile)
                  00003264    00000110                                   : s_scalbn.c.obj (.text:scalbn)
                  00003374    00000100                                   : memory.c.obj (.text:aligned_alloc)
                  00003474    000000fc                                   : fd_mul_t2.asm.obj (.text)
                  00003570    000000e4                                   : memory.c.obj (.text:free)
                  00003654    000000dc                                   : setvbuf.c.obj (.text:setvbuf)
                  00003730    000000bc                                   : open.c.obj (.text:open)
                  000037ec    000000b8                                   : add_device.c.obj (.text:add_device)
                  000038a4    000000b1                                   : _printfi.c.obj (.text:_ltostr)
                  00003955    00000003     --HOLE-- [fill = 0]
                  00003958    0000009c                                   : fopen.c.obj (.text:fopen)
                  000039f4    0000009c                                   : memcpy_t2.asm.obj (.text)
                  00003a90    00000096                                   : ull_div_t2.asm.obj (.text)
                  00003b26    00000002     --HOLE-- [fill = 0]
                  00003b28    0000008c                                   : fputc.c.obj (.text:fputc)
                  00003bb4    00000086                                   : fd_cmp_t2.asm.obj (.text:__aeabi_cdcmple)
                  00003c3a    00000086                                   : fd_cmp_t2.asm.obj (.text:__aeabi_cdrcmple)
                  00003cc0    0000007a                                   : memset_t2.asm.obj (.text)
                  00003d3a    00000002     --HOLE-- [fill = 0]
                  00003d3c    00000074                                   : fclose.c.obj (.text:__TI_closefile)
                  00003db0    00000070                                   : memory.c.obj (.text:split)
                  00003e20    0000006e                                   : _printfi.c.obj (.text:_mcpy)
                  00003e8e    00000002     --HOLE-- [fill = 0]
                  00003e90    0000006c                                   : hostrename.c.obj (.text:HOSTrename)
                  00003efc    00000068                                   : hostlseek.c.obj (.text:HOSTlseek)
                  00003f64    00000068                                   : copy_decompress_lzss.c.obj (.text:decompress:lzss:__TI_decompress_lzss)
                  00003fcc    00000068                                   : printf.c.obj (.text:printf)
                  00004034    00000064                                   : s_frexp.c.obj (.text:frexp)
                  00004098    00000064                                   : fseek.c.obj (.text:fseek)
                  000040fc    00000062                                   : _io_perm.c.obj (.text:__TI_wrt_ok)
                  0000415e    00000002     --HOLE-- [fill = 0]
                  00004160    00000060                                   : hostopen.c.obj (.text:HOSTopen)
                  000041c0    0000005c                                   : close.c.obj (.text:close)
                  0000421c    00000058                                   : hostread.c.obj (.text:HOSTread)
                  00004274    00000058                                   : hostwrite.c.obj (.text:HOSTwrite)
                  000042cc    00000056                                   : _printfi.c.obj (.text:_pconv_f)
                  00004322    00000054                                   : _ltoa.c.obj (.text:__TI_ltoa)
                  00004376    00000052                                   : _printfi.c.obj (.text:_ecpy)
                  000043c8    0000004c                                   : fflush.c.obj (.text:__TI_doflush)
                  00004414    0000004c                                   : atoi.c.obj (.text:atoi)
                  00004460    00000048     driverlib.lib : gpio.obj (.text:GPIOPinConfigure)
                  000044a8    00000048                   : sysctl.obj (.text:_SysCtlFrequencyGet)
                  000044f0    00000048     rtsv7M4_T_le_v4SPD16_eabi.lib : exit.c.obj (.text:exit)
                  00004538    00000048                                   : fd_toi_t2.asm.obj (.text)
                  00004580    00000046     driverlib.lib : uart.obj (.text:UARTConfigSetExpClk)
                  000045c6    00000002     --HOLE-- [fill = 0]
                  000045c8    00000044     rtsv7M4_T_le_v4SPD16_eabi.lib : hostclose.c.obj (.text:HOSTclose)
                  0000460c    00000044                                   : hostunlink.c.obj (.text:HOSTunlink)
                  00004650    00000044                                   : autoinit.c.obj (.text:__TI_auto_init_nobinit_nopinit:__TI_auto_init_nobinit_nopinit)
                  00004694    00000044                                   : getdevice.c.obj (.text:getdevice)
                  000046d8    00000040                                   : u_divt2.asm.obj (.text)
                  00004718    0000003e                                   : _printfi.c.obj (.text:_fcpy)
                  00004756    00000002     --HOLE-- [fill = 0]
                  00004758    00000038     driverlib.lib : sysctl.obj (.text:SysCtlPeripheralPresent)
                  00004790    00000038                   : sysctl.obj (.text:SysCtlPeripheralReady)
                  000047c8    00000038     rtsv7M4_T_le_v4SPD16_eabi.lib : trgmsg.c.obj (.text:__TI_writemsg)
                  00004800    00000038                                   : fs_tod_t2.asm.obj (.text)
                  00004838    00000036                                   : strncpy.c.obj (.text:strncpy)
                  0000486e    00000002     --HOLE-- [fill = 0]
                  00004870    00000034     driverlib.lib : sysctl.obj (.text:SysCtlPeripheralEnable)
                  000048a4    00000034     rtsv7M4_T_le_v4SPD16_eabi.lib : fopen.c.obj (.text:__TI_cleanup)
                  000048d8    00000034                                   : trgmsg.c.obj (.text:__TI_readmsg)
                  0000490c    00000034                                   : boot_cortex_m.c.obj (.text:_c_int00_noargs:_c_int00_noargs)
                  00004940    00000034                                   : fopen.c.obj (.text:freopen)
                  00004974    00000030                                   : getdevice.c.obj (.text:finddevice)
                  000049a4    0000002e                                   : i_tofd_t2.asm.obj (.text)
                  000049d2    00000002     --HOLE-- [fill = 0]
                  000049d4    0000002c                                   : unlink.c.obj (.text:unlink)
                  00004a00    0000002a     driverlib.lib : gpio.obj (.text:GPIODirModeSet)
                  00004a2a    00000002     --HOLE-- [fill = 0]
                  00004a2c    00000028     rtsv7M4_T_le_v4SPD16_eabi.lib : memory.c.obj (.text:free_list_insert)
                  00004a54    00000028                                   : lseek.c.obj (.text:lseek)
                  00004a7c    00000028                                   : write.c.obj (.text:write)
                  00004aa4    00000020     driverlib.lib : uart.obj (.text:UARTDisable)
                  00004ac4    00000020                   : sysctl.obj (.text:_SysCtlMemTimingGet)
                  00004ae4    00000020     rtsv7M4_T_le_v4SPD16_eabi.lib : memchr.c.obj (.text:memchr)
                  00004b04    0000001c                                   : memory.c.obj (.text:free_list_remove)
                  00004b20    0000001c                                   : memccpy.c.obj (.text:memccpy)
                  00004b3c    0000001a                                   : s_copysign.c.obj (.text:copysign)
                  00004b56    00000018     driverlib.lib : gpio.obj (.text:GPIOPinTypeGPIOOutput)
                  00004b6e    00000018     rtsv7M4_T_le_v4SPD16_eabi.lib : strcmp.c.obj (.text:strcmp)
                  00004b86    00000016                                   : strchr.c.obj (.text:strchr)
                  00004b9c    00000014     driverlib.lib : uart.obj (.text:UARTEnable)
                  00004bb0    00000014     rtsv7M4_T_le_v4SPD16_eabi.lib : strcpy.c.obj (.text:strcpy)
                  00004bc4    00000014                                   : strlen.c.obj (.text:strlen)
                  00004bd8    00000012     driverlib.lib : gpio.obj (.text:GPIOPinTypeGPIOInput)
                  00004bea    00000012                   : gpio.obj (.text:GPIOPinTypeUART)
                  00004bfc    00000012     rtsv7M4_T_le_v4SPD16_eabi.lib : wcslen.c.obj (.text:wcslen)
                  00004c0e    00000002     --HOLE-- [fill = 0]
                  00004c10    00000010     driverlib.lib : fpu.obj (.text:FPUEnable)
                  00004c20    0000000e     rtsv7M4_T_le_v4SPD16_eabi.lib : copy_decompress_none.c.obj (.text:decompress:none:__TI_decompress_none)
                  00004c2e    0000000c                                   : copy_zero_init.c.obj (.text:decompress:ZI:__TI_zero_init)
                  00004c3a    0000000c     tm4c129encpdt_startup_ccs.obj (.text)
                  00004c46    0000000a     driverlib.lib : uart.obj (.text:UARTCharGet)
                  00004c50    0000000a                   : uart.obj (.text:UARTCharPut)
                  00004c5a    00000002     --HOLE-- [fill = 0]
                  00004c5c    00000008     rtsv7M4_T_le_v4SPD16_eabi.lib : errno.c.obj (.text:__aeabi_errno_addr)
                  00004c64    00000008                                   : memory.c.obj (.text:malloc)
                  00004c6c    00000004                                   : printf.c.obj (.text:_outc)
                  00004c70    00000004                                   : printf.c.obj (.text:_outs)
                  00004c74    00000004                                   : pre_init.c.obj (.text:_system_pre_init)
                  00004c78    00000004                                   : exit.c.obj (.text:abort:abort)
                  00004c7c    00000008     arm_cortexM4lf_math.lib : arm_bitreversal2.o (.tramp.arm_bitreversal_32.1)

.const     0    00004c84    00000388     
                  00004c84    00000120     driverlib.lib : sysctl.obj (.const:g_pppui32XTALtoVCO)
                  00004da4    00000101     rtsv7M4_T_le_v4SPD16_eabi.lib : ctype.c.obj (.const:.string:_ctypes_)
                  00004ea5    00000003     --HOLE-- [fill = 0]
                  00004ea8    00000090     driverlib.lib : gpio.obj (.const:g_pui32GPIOBaseAddrs)
                  00004f38    0000006c                   : sysctl.obj (.const:g_pui32Xtals)
                  00004fa4    00000030                   : sysctl.obj (.const:g_sXTALtoMEMTIM)
                  00004fd4    00000012     uartstdio.obj (.const:.string)
                  00004fe6    00000002     --HOLE-- [fill = 0]
                  00004fe8    0000000c     uartstdio.obj (.const:g_ui32UARTBase)
                  00004ff4    0000000c     uartstdio.obj (.const:g_ui32UARTPeriph)
                  00005000    00000008     driverlib.lib : sysctl.obj (.const)
                  00005008    00000004     uartstdio.obj (.const)

.cinit     0    00018528    00000480     
                  00018528    0000045b     (.cinit..data.load) [load image, compression = lzss]
                  00018983    00000001     --HOLE-- [fill = 0]
                  00018984    0000000c     (__TI_handler_table)
                  00018990    00000008     (.cinit..bss.load) [load image, compression = zero_init]
                  00018998    00000010     (__TI_cinit_table)

.init_array 
*          0    00000000    00000000     UNINITIALIZED

.data      0    20000000    00000a08     UNINITIALIZED
                  20000000    00000800     signals.obj (.data:FFT_signal)
                  20000800    000000f0     rtsv7M4_T_le_v4SPD16_eabi.lib : defs.c.obj (.data:_ftable)
                  200008f0    00000078                                   : host_device.c.obj (.data:_device)
                  20000968    00000050                                   : host_device.c.obj (.data:_stream)
                  200009b8    00000010                                   : defs.c.obj (.data)
                  200009c8    0000000c                                   : exit.c.obj (.data:$O1$$)
                  200009d4    0000000c     main.obj (.data)
                  200009e0    00000008     rtsv7M4_T_le_v4SPD16_eabi.lib : _lock.c.obj (.data:$O1$$)
                  200009e8    00000008                                   : memory.c.obj (.data:$O1$$)
                  200009f0    00000005     uartstdio.obj (.data)
                  200009f5    00000003     --HOLE--
                  200009f8    00000004     rtsv7M4_T_le_v4SPD16_eabi.lib : add_device.c.obj (.data)
                  200009fc    00000004                                   : errno.c.obj (.data)
                  20000a00    00000004                                   : fopen.c.obj (.data)
                  20000a04    00000004                                   : open.c.obj (.data)

.bss       0    20000a08    000005c8     UNINITIALIZED
                  20000a08    00000400     main.obj (.bss:outputFFT)
                  20000e08    00000120     rtsv7M4_T_le_v4SPD16_eabi.lib : trgmsg.c.obj (.bss:_CIOBUF_)
                  20000f28    000000a0     (.common:__TI_tmpnams)
                  20000fc8    00000008     (.common:parmbuf)

.sysmem    0    20000fd0    00000400     UNINITIALIZED
                  20000fd0    00000010     rtsv7M4_T_le_v4SPD16_eabi.lib : memory.c.obj (.sysmem)
                  20000fe0    000003f0     --HOLE--

.stack     0    200013d0    00000200     UNINITIALIZED
                  200013d0    00000004     rtsv7M4_T_le_v4SPD16_eabi.lib : boot_cortex_m.c.obj (.stack)
                  200013d4    000001fc     --HOLE--

__llvm_prf_cnts 
*          0    20000000    00000000     UNINITIALIZED

.constdata 
*          0    0000500c    00013458     
                  0000500c    00004000     arm_cortexM4lf_math.lib : arm_common_tables.o (.constdata)
                  0000900c    00004000                             : arm_common_tables.o (.constdata)
                  0000d00c    00002000                             : arm_common_tables.o (.constdata)
                  0000f00c    00002000                             : arm_common_tables.o (.constdata)
                  0001100c    00001dc0                             : arm_common_tables.o (.constdata)
                  00012dcc    00001000                             : arm_common_tables.o (.constdata)
                  00013dcc    00001000                             : arm_common_tables.o (.constdata)
                  00014dcc    00000e10                             : arm_common_tables.o (.constdata)
                  00015bdc    00000800                             : arm_common_tables.o (.constdata)
                  000163dc    00000800                             : arm_common_tables.o (.constdata)
                  00016bdc    00000400                             : arm_common_tables.o (.constdata)
                  00016fdc    00000400                             : arm_common_tables.o (.constdata)
                  000173dc    00000380                             : arm_common_tables.o (.constdata)
                  0001775c    00000370                             : arm_common_tables.o (.constdata)
                  00017acc    00000200                             : arm_common_tables.o (.constdata)
                  00017ccc    00000200                             : arm_common_tables.o (.constdata)
                  00017ecc    000001a0                             : arm_common_tables.o (.constdata)
                  0001806c    00000100                             : arm_common_tables.o (.constdata)
                  0001816c    00000100                             : arm_common_tables.o (.constdata)
                  0001826c    00000080                             : arm_common_tables.o (.constdata)
                  000182ec    00000080                             : arm_common_tables.o (.constdata)
                  0001836c    00000070                             : arm_common_tables.o (.constdata)
                  000183dc    00000060                             : arm_common_tables.o (.constdata)
                  0001843c    00000028                             : arm_common_tables.o (.constdata)

. text     0    00018464    000000c0     
                  00018464    000000c0     arm_cortexM4lf_math.lib : arm_bitreversal2.o (. text)

MODULE SUMMARY

       Module                          code    ro data   rw data
       ------                          ----    -------   -------
    .\
       main.obj                        408     0         1036   
       uartstdio.obj                   1180    46        5      
       tm4c129encpdt_startup_ccs.obj   12      520       0      
    +--+-------------------------------+-------+---------+---------+
       Total:                          1600    566       1041   
                                                                
    .\lib_dsp\
       signals.obj                     0       0         2048   
    +--+-------------------------------+-------+---------+---------+
       Total:                          0       0         2048   
                                                                
    .\mydevices\
       mydevices.obj                   292     0         0      
    +--+-------------------------------+-------+---------+---------+
       Total:                          292     0         0      
                                                                
    C:/Users/jacobo.gonzalez/Downloads/CMSIS-master_4/CMSIS-master/CMSIS/Lib/ARM/arm_cortexM4lf_math.lib
       arm_common_tables.o             0       78936     0      
       arm_cfft_f32.o                  1826    0         0      
       arm_cfft_radix8_f32.o           1244    0         0      
       arm_rfft_fast_f32.o             402     0         0      
       arm_rfft_fast_init_f32.o        296     0         0      
       arm_bitreversal2.o              200     0         0      
    +--+-------------------------------+-------+---------+---------+
       Total:                          3968    78936     0      
                                                                
    C:/ti/TivaWare_C_Series-2.1.2.111/driverlib/ccs/Debug/driverlib.lib
       sysctl.obj                      1056    452       0      
       gpio.obj                        480     144       0      
       uart.obj                        142     0         0      
       fpu.obj                         16      0         0      
    +--+-------------------------------+-------+---------+---------+
       Total:                          1694    596       0      
                                                                
    C:\ti\ccs1040\ccs\tools\compiler\ti-cgt-arm_20.2.7.LTS\lib\rtsv7M4_T_le_v4SPD16_eabi.lib
       _printfi.c.obj                  4851    0         0      
       memory.c.obj                    672     0         8      
       fopen.c.obj                     532     0         4      
       fd_add_t2.asm.obj               438     0         0      
       defs.c.obj                      0       0         416    
       trgmsg.c.obj                    108     0         288    
       fd_div_t2.asm.obj               310     0         0      
       fputs.c.obj                     276     0         0      
       s_scalbn.c.obj                  272     0         0      
       fd_cmp_t2.asm.obj               268     0         0      
       ctype.c.obj                     0       257       0      
       fd_mul_t2.asm.obj               252     0         0      
       setvbuf.c.obj                   220     0         0      
       host_device.c.obj               0       0         200    
       open.c.obj                      188     0         4      
       add_device.c.obj                184     0         4      
       memcpy_t2.asm.obj               156     0         0      
       ull_div_t2.asm.obj              150     0         0      
       fputc.c.obj                     140     0         0      
       memset_t2.asm.obj               122     0         0      
       fclose.c.obj                    116     0         0      
       getdevice.c.obj                 116     0         0      
       printf.c.obj                    112     0         0      
       hostrename.c.obj                108     0         0      
       copy_decompress_lzss.c.obj      104     0         0      
       hostlseek.c.obj                 104     0         0      
       hostopen.c.obj                  96      0         8      
       fseek.c.obj                     100     0         0      
       s_frexp.c.obj                   100     0         0      
       _io_perm.c.obj                  98      0         0      
       close.c.obj                     92      0         0      
       exit.c.obj                      76      0         12     
       hostread.c.obj                  88      0         0      
       hostwrite.c.obj                 88      0         0      
       _ltoa.c.obj                     84      0         0      
       atoi.c.obj                      76      0         0      
       fflush.c.obj                    76      0         0      
       fd_toi_t2.asm.obj               72      0         0      
       autoinit.c.obj                  68      0         0      
       hostclose.c.obj                 68      0         0      
       hostunlink.c.obj                68      0         0      
       u_divt2.asm.obj                 64      0         0      
       fs_tod_t2.asm.obj               56      0         0      
       strncpy.c.obj                   54      0         0      
       boot_cortex_m.c.obj             52      0         0      
       i_tofd_t2.asm.obj               46      0         0      
       unlink.c.obj                    44      0         0      
       lseek.c.obj                     40      0         0      
       write.c.obj                     40      0         0      
       memchr.c.obj                    32      0         0      
       memccpy.c.obj                   28      0         0      
       s_copysign.c.obj                26      0         0      
       strcmp.c.obj                    24      0         0      
       strchr.c.obj                    22      0         0      
       strcpy.c.obj                    20      0         0      
       strlen.c.obj                    20      0         0      
       wcslen.c.obj                    18      0         0      
       copy_decompress_none.c.obj      14      0         0      
       copy_zero_init.c.obj            12      0         0      
       errno.c.obj                     8       0         4      
       _lock.c.obj                     2       0         8      
       pre_init.c.obj                  4       0         0      
       div0.asm.obj                    2       0         0      
    +--+-------------------------------+-------+---------+---------+
       Total:                          11677   257       956    
                                                                
       Heap:                           0       0         1024   
       Stack:                          0       0         512    
       Linker Generated:               0       1151      0      
    +--+-------------------------------+-------+---------+---------+
       Grand Total:                    19231   81506     5581   


LINKER GENERATED COPY TABLES

__TI_cinit_table @ 00018998 records: 2, size/record: 8, table size: 16
	.data: load addr=00018528, load size=0000045b bytes, run addr=20000000, run size=00000a08 bytes, compression=lzss
	.bss: load addr=00018990, load size=00000008 bytes, run addr=20000a08, run size=000005c8 bytes, compression=zero_init


LINKER GENERATED HANDLER TABLE

__TI_handler_table @ 00018984 records: 3, size/record: 4, table size: 12
	index: 0, handler: __TI_decompress_lzss
	index: 1, handler: __TI_decompress_none
	index: 2, handler: __TI_zero_init


FAR CALL TRAMPOLINES

callee name               trampoline name
   callee addr  tramp addr   call addr  call info
--------------  -----------  ---------  ----------------
arm_bitreversal_32        $Tramp$TT$S$$arm_bitreversal_32
   00018465     00004c7c     000012e4   arm_cortexM4lf_math.lib : arm_cfft_f32.o (.text)

[1 trampolines]
[1 trampoline calls]


GLOBAL SYMBOLS: SORTED ALPHABETICALLY BY Name 

address   name                           
-------   ----                           
00004c79  C$$EXIT                        
000047f7  C$$IO$$                        
20000000  FFT_signal                     
00004c11  FPUEnable                      
00004a01  GPIODirModeSet                 
00002a8f  GPIOPadConfigSet               
00004461  GPIOPinConfigure               
00004bd9  GPIOPinTypeGPIOInput           
00004b57  GPIOPinTypeGPIOOutput          
00004beb  GPIOPinTypeUART                
000045c9  HOSTclose                      
00003efd  HOSTlseek                      
00004161  HOSTopen                       
0000421d  HOSTread                       
00003e91  HOSTrename                     
0000460d  HOSTunlink                     
00004275  HOSTwrite                      
00002e0d  Init_Device                    
00002e6b  MYDEVICE_close                 
00002ed1  MYDEVICE_lseek                 
00002e5b  MYDEVICE_open                  
00002e77  MYDEVICE_read                  
00002eed  MYDEVICE_rename                
00002ee1  MYDEVICE_unlink                
00002ea3  MYDEVICE_write                 
00004c3b  ResetISR                       
00001f65  SysCtlClockFreqSet             
00003045  SysCtlClockGet                 
00004871  SysCtlPeripheralEnable         
00004759  SysCtlPeripheralPresent        
00004791  SysCtlPeripheralReady          
00004c47  UARTCharGet                    
00004c51  UARTCharPut                    
00004581  UARTConfigSetExpClk            
00004aa5  UARTDisable                    
00004b9d  UARTEnable                     
00001859  UARTStdioConfig                
0000199f  UARTgetc                       
000018e5  UARTgets                       
00001cbf  UARTprintf                     
000019c5  UARTvprintf                    
0000189f  UARTwrite                      
20000e08  __CIOBUF_                      
200015d0  __STACK_END                    
00000200  __STACK_SIZE                   
200015d0  __STACK_TOP                    
00000400  __SYSMEM_SIZE                  
00018998  __TI_CINIT_Base                
000189a8  __TI_CINIT_Limit               
00018984  __TI_Handler_Table_Base        
00018990  __TI_Handler_Table_Limit       
00004651  __TI_auto_init_nobinit_nopinit 
000048a5  __TI_cleanup                   
200009c8  __TI_cleanup_ptr               
00003d3d  __TI_closefile                 
00003f65  __TI_decompress_lzss           
00004c21  __TI_decompress_none           
000043c9  __TI_doflush                   
200009cc  __TI_dtors_ptr                 
200009d0  __TI_enable_exit_profile_output
200009b8  __TI_ft_end                    
00004323  __TI_ltoa                      
ffffffff  __TI_pprof_out_hndl            
00000209  __TI_printfi                   
ffffffff  __TI_prof_data_size            
ffffffff  __TI_prof_data_start           
000048d9  __TI_readmsg                   
00000000  __TI_static_base__             
20000f28  __TI_tmpnams                   
000047c9  __TI_writemsg                  
000040fd  __TI_wrt_ok                    
00004c2f  __TI_zero_init                 
00003bb5  __aeabi_cdcmpeq                
00003bb5  __aeabi_cdcmple                
00003c3b  __aeabi_cdrcmple               
00004539  __aeabi_d2iz                   
00002343  __aeabi_dadd                   
00002959  __aeabi_ddiv                   
00003475  __aeabi_dmul                   
00002339  __aeabi_dsub                   
00004c5d  __aeabi_errno_addr             
00004801  __aeabi_f2d                    
000049a5  __aeabi_i2d                    
0000137b  __aeabi_idiv0                  
0000137b  __aeabi_ldiv0                  
00003cc1  __aeabi_memclr                 
00003cc1  __aeabi_memclr4                
00003cc1  __aeabi_memclr8                
000039f5  __aeabi_memcpy                 
000039f5  __aeabi_memcpy4                
000039f5  __aeabi_memcpy8                
00003cc3  __aeabi_memset                 
00003cc3  __aeabi_memset4                
00003cc3  __aeabi_memset8                
200009c4  __aeabi_stderr                 
200009bc  __aeabi_stdin                  
200009c0  __aeabi_stdout                 
000046d9  __aeabi_uidiv                  
000046d9  __aeabi_uidivmod               
00003a91  __aeabi_uldivmod               
ffffffff  __binit__                      
ffffffff  __c_args__                     
UNDEFED   __mpu_init                     
200013d0  __stack                        
20000000  __start___llvm_prf_cnts        
20000000  __stop___llvm_prf_cnts         
0000490d  _c_int00_noargs                
00004da4  _ctypes_                       
200008f0  _device                        
20000800  _ftable                        
200009e0  _lock                          
00000c57  _nop                           
20000968  _stream                        
20000fd0  _sys_memory                    
UNDEFED   _system_post_cinit             
00004c75  _system_pre_init               
200009e4  _unlock                        
00004c79  abort                          
000037ed  add_device                     
00003375  aligned_alloc                  
00014dcc  armBitRevIndexTable1024        
00017ecc  armBitRevIndexTable128         
0001843c  armBitRevIndexTable16          
0001100c  armBitRevIndexTable2048        
0001775c  armBitRevIndexTable256         
000183dc  armBitRevIndexTable32          
000173dc  armBitRevIndexTable512         
0001836c  armBitRevIndexTable64          
000184cf  arm_bitreversal_16             
00018465  arm_bitreversal_32             
00001231  arm_cfft_f32                   
00000c59  arm_cfft_radix8by2_f32         
00000de7  arm_cfft_radix8by4_f32         
0000137d  arm_radix8_butterfly_f32       
000027d9  arm_rfft_fast_f32              
00002bc1  arm_rfft_fast_init_f32         
00004415  atoi                           
ffffffff  binit                          
000041c1  close                          
0000259b  configPeripherals              
00004b3d  copysign                       
00004b3d  copysignl                      
200009dc  doBitReverse                   
200009fc  errno                          
000044f1  exit                           
200009d4  fftSize                        
00004975  finddevice                     
00003959  fopen                          
00003b29  fputc                          
00002f31  fputs                          
00003571  free                           
00004941  freopen                        
00004035  frexp                          
00004035  frexpl                         
00004099  fseek                          
00000000  g_pfnVectors                   
00004695  getdevice                      
200009d8  ifftFlag                       
00003265  ldexp                          
00003265  ldexpl                         
00004a55  lseek                          
000024f1  main                           
00004c65  malloc                         
00003375  memalign                       
00004b21  memccpy                        
00004ae5  memchr                         
000039f5  memcpy                         
00003cc9  memset                         
00002731  merge_rfft_f32                 
00003731  open                           
20000fc8  parmbuf                        
00003fcd  printf                         
00002573  pseudo_dly                     
00003b29  putc                           
000049d5  remove                         
00003265  scalbn                         
00003265  scalbnl                        
00002527  serial_plot_magFFT             
00003655  setvbuf                        
00002689  stage_rfft_f32                 
00004b87  strchr                         
00004b6f  strcmp                         
00004bb1  strcpy                         
00004bc5  strlen                         
00004839  strncpy                        
0000d00c  twiddleCoef_1024               
00016bdc  twiddleCoef_128                
0001826c  twiddleCoef_16                 
0000500c  twiddleCoef_2048               
00015bdc  twiddleCoef_256                
0001806c  twiddleCoef_32                 
00012dcc  twiddleCoef_512                
00017acc  twiddleCoef_64                 
00013dcc  twiddleCoef_rfft_1024          
00017ccc  twiddleCoef_rfft_128           
0000f00c  twiddleCoef_rfft_2048          
00016fdc  twiddleCoef_rfft_256           
000182ec  twiddleCoef_rfft_32            
0000900c  twiddleCoef_rfft_4096          
000163dc  twiddleCoef_rfft_512           
0001816c  twiddleCoef_rfft_64            
000049d5  unlink                         
00004bfd  wcslen                         
00004a7d  write                          


GLOBAL SYMBOLS: SORTED BY Symbol Address 

address   name                           
-------   ----                           
00000000  __TI_static_base__             
00000000  g_pfnVectors                   
00000200  __STACK_SIZE                   
00000209  __TI_printfi                   
00000400  __SYSMEM_SIZE                  
00000c57  _nop                           
00000c59  arm_cfft_radix8by2_f32         
00000de7  arm_cfft_radix8by4_f32         
00001231  arm_cfft_f32                   
0000137b  __aeabi_idiv0                  
0000137b  __aeabi_ldiv0                  
0000137d  arm_radix8_butterfly_f32       
00001859  UARTStdioConfig                
0000189f  UARTwrite                      
000018e5  UARTgets                       
0000199f  UARTgetc                       
000019c5  UARTvprintf                    
00001cbf  UARTprintf                     
00001f65  SysCtlClockFreqSet             
00002339  __aeabi_dsub                   
00002343  __aeabi_dadd                   
000024f1  main                           
00002527  serial_plot_magFFT             
00002573  pseudo_dly                     
0000259b  configPeripherals              
00002689  stage_rfft_f32                 
00002731  merge_rfft_f32                 
000027d9  arm_rfft_fast_f32              
00002959  __aeabi_ddiv                   
00002a8f  GPIOPadConfigSet               
00002bc1  arm_rfft_fast_init_f32         
00002e0d  Init_Device                    
00002e5b  MYDEVICE_open                  
00002e6b  MYDEVICE_close                 
00002e77  MYDEVICE_read                  
00002ea3  MYDEVICE_write                 
00002ed1  MYDEVICE_lseek                 
00002ee1  MYDEVICE_unlink                
00002eed  MYDEVICE_rename                
00002f31  fputs                          
00003045  SysCtlClockGet                 
00003265  ldexp                          
00003265  ldexpl                         
00003265  scalbn                         
00003265  scalbnl                        
00003375  aligned_alloc                  
00003375  memalign                       
00003475  __aeabi_dmul                   
00003571  free                           
00003655  setvbuf                        
00003731  open                           
000037ed  add_device                     
00003959  fopen                          
000039f5  __aeabi_memcpy                 
000039f5  __aeabi_memcpy4                
000039f5  __aeabi_memcpy8                
000039f5  memcpy                         
00003a91  __aeabi_uldivmod               
00003b29  fputc                          
00003b29  putc                           
00003bb5  __aeabi_cdcmpeq                
00003bb5  __aeabi_cdcmple                
00003c3b  __aeabi_cdrcmple               
00003cc1  __aeabi_memclr                 
00003cc1  __aeabi_memclr4                
00003cc1  __aeabi_memclr8                
00003cc3  __aeabi_memset                 
00003cc3  __aeabi_memset4                
00003cc3  __aeabi_memset8                
00003cc9  memset                         
00003d3d  __TI_closefile                 
00003e91  HOSTrename                     
00003efd  HOSTlseek                      
00003f65  __TI_decompress_lzss           
00003fcd  printf                         
00004035  frexp                          
00004035  frexpl                         
00004099  fseek                          
000040fd  __TI_wrt_ok                    
00004161  HOSTopen                       
000041c1  close                          
0000421d  HOSTread                       
00004275  HOSTwrite                      
00004323  __TI_ltoa                      
000043c9  __TI_doflush                   
00004415  atoi                           
00004461  GPIOPinConfigure               
000044f1  exit                           
00004539  __aeabi_d2iz                   
00004581  UARTConfigSetExpClk            
000045c9  HOSTclose                      
0000460d  HOSTunlink                     
00004651  __TI_auto_init_nobinit_nopinit 
00004695  getdevice                      
000046d9  __aeabi_uidiv                  
000046d9  __aeabi_uidivmod               
00004759  SysCtlPeripheralPresent        
00004791  SysCtlPeripheralReady          
000047c9  __TI_writemsg                  
000047f7  C$$IO$$                        
00004801  __aeabi_f2d                    
00004839  strncpy                        
00004871  SysCtlPeripheralEnable         
000048a5  __TI_cleanup                   
000048d9  __TI_readmsg                   
0000490d  _c_int00_noargs                
00004941  freopen                        
00004975  finddevice                     
000049a5  __aeabi_i2d                    
000049d5  remove                         
000049d5  unlink                         
00004a01  GPIODirModeSet                 
00004a55  lseek                          
00004a7d  write                          
00004aa5  UARTDisable                    
00004ae5  memchr                         
00004b21  memccpy                        
00004b3d  copysign                       
00004b3d  copysignl                      
00004b57  GPIOPinTypeGPIOOutput          
00004b6f  strcmp                         
00004b87  strchr                         
00004b9d  UARTEnable                     
00004bb1  strcpy                         
00004bc5  strlen                         
00004bd9  GPIOPinTypeGPIOInput           
00004beb  GPIOPinTypeUART                
00004bfd  wcslen                         
00004c11  FPUEnable                      
00004c21  __TI_decompress_none           
00004c2f  __TI_zero_init                 
00004c3b  ResetISR                       
00004c47  UARTCharGet                    
00004c51  UARTCharPut                    
00004c5d  __aeabi_errno_addr             
00004c65  malloc                         
00004c75  _system_pre_init               
00004c79  C$$EXIT                        
00004c79  abort                          
00004da4  _ctypes_                       
0000500c  twiddleCoef_2048               
0000900c  twiddleCoef_rfft_4096          
0000d00c  twiddleCoef_1024               
0000f00c  twiddleCoef_rfft_2048          
0001100c  armBitRevIndexTable2048        
00012dcc  twiddleCoef_512                
00013dcc  twiddleCoef_rfft_1024          
00014dcc  armBitRevIndexTable1024        
00015bdc  twiddleCoef_256                
000163dc  twiddleCoef_rfft_512           
00016bdc  twiddleCoef_128                
00016fdc  twiddleCoef_rfft_256           
000173dc  armBitRevIndexTable512         
0001775c  armBitRevIndexTable256         
00017acc  twiddleCoef_64                 
00017ccc  twiddleCoef_rfft_128           
00017ecc  armBitRevIndexTable128         
0001806c  twiddleCoef_32                 
0001816c  twiddleCoef_rfft_64            
0001826c  twiddleCoef_16                 
000182ec  twiddleCoef_rfft_32            
0001836c  armBitRevIndexTable64          
000183dc  armBitRevIndexTable32          
0001843c  armBitRevIndexTable16          
00018465  arm_bitreversal_32             
000184cf  arm_bitreversal_16             
00018984  __TI_Handler_Table_Base        
00018990  __TI_Handler_Table_Limit       
00018998  __TI_CINIT_Base                
000189a8  __TI_CINIT_Limit               
20000000  FFT_signal                     
20000000  __start___llvm_prf_cnts        
20000000  __stop___llvm_prf_cnts         
20000800  _ftable                        
200008f0  _device                        
20000968  _stream                        
200009b8  __TI_ft_end                    
200009bc  __aeabi_stdin                  
200009c0  __aeabi_stdout                 
200009c4  __aeabi_stderr                 
200009c8  __TI_cleanup_ptr               
200009cc  __TI_dtors_ptr                 
200009d0  __TI_enable_exit_profile_output
200009d4  fftSize                        
200009d8  ifftFlag                       
200009dc  doBitReverse                   
200009e0  _lock                          
200009e4  _unlock                        
200009fc  errno                          
20000e08  __CIOBUF_                      
20000f28  __TI_tmpnams                   
20000fc8  parmbuf                        
20000fd0  _sys_memory                    
200013d0  __stack                        
200015d0  __STACK_END                    
200015d0  __STACK_TOP                    
ffffffff  __TI_pprof_out_hndl            
ffffffff  __TI_prof_data_size            
ffffffff  __TI_prof_data_start           
ffffffff  __binit__                      
ffffffff  __c_args__                     
ffffffff  binit                          
UNDEFED   __mpu_init                     
UNDEFED   _system_post_cinit             

[204 symbols]
