******************************************************************************
                  TI ARM Linker PC v20.2.7                     
******************************************************************************
>> Linked Wed Oct 26 13:02:45 2022

OUTPUT FILE NAME:   <dsp_ver_4.out>
ENTRY POINT SYMBOL: "_c_int00_noargs"  address: 00004011


MEMORY CONFIGURATION

         name            origin    length      used     unused   attr    fill
----------------------  --------  ---------  --------  --------  ----  --------
  FLASH                 00000000   00100000  00004898  000fb768  R  X
  SRAM                  20000000   00040000  000014a8  0003eb58  RW X


SEGMENT ALLOCATION MAP

run origin  load origin   length   init length attrs members
----------  ----------- ---------- ----------- ----- -------
00000000    00000000    00004898   00004898    r-x
  00000000    00000000    00000208   00000208    r-- .intvecs
  00000208    00000208    00004178   00004178    r-x .text
  00004380    00004380    00000388   00000388    r-- .const
  00004708    00004708    00000190   00000190    r-- .cinit
20000000    20000000    000014a8   00000000    rw-
  20000000    20000000    00000770   00000000    rw- .data
  20000770    20000770    00000738   00000000    rw- .bss
  20000ea8    20000ea8    00000400   00000000    rw- .sysmem
  200012a8    200012a8    00000200   00000000    rw- .stack


SECTION ALLOCATION MAP

 output                                  attributes/
section   page    origin      length       input sections
--------  ----  ----------  ----------   ----------------
.intvecs   0    00000000    00000208     
                  00000000    00000208     tm4c129encpdt_startup_ccs.obj (.intvecs)

.text      0    00000208    00004178     
                  00000208    00000a4e     rtsv7M4_T_le_v4SPD16_eabi.lib : _printfi.c.obj (.text:__TI_printfi)
                  00000c56    00000002                                   : _lock.c.obj (.text:_nop)
                  00000c58    0000056e     arm_cortexM4lf_math.lib : arm_conv_f32.o (.text)
                  000011c6    00000002     rtsv7M4_T_le_v4SPD16_eabi.lib : div0.asm.obj (.text)
                  000011c8    0000049c     uartstdio.obj (.text)
                  00001664    00000270     rtsv7M4_T_le_v4SPD16_eabi.lib : _printfi.c.obj (.text:_pconv_a)
                  000018d4    00000204     driverlib.lib : sysctl.obj (.text:SysCtlClockFreqSet)
                  00001ad8    000001e8     main.obj (.text)
                  00001cc0    000001d0     rtsv7M4_T_le_v4SPD16_eabi.lib : _printfi.c.obj (.text:_pconv_g)
                  00001e90    000001b6                                   : fd_add_t2.asm.obj (.text)
                  00002046    00000002     --HOLE-- [fill = 0]
                  00002048    0000013c                                   : _printfi.c.obj (.text:_pconv_e)
                  00002184    00000136                                   : fd_div_t2.asm.obj (.text)
                  000022ba    00000132     driverlib.lib : gpio.obj (.text:GPIOPadConfigSet)
                  000023ec    00000124     rtsv7M4_T_le_v4SPD16_eabi.lib : _printfi.c.obj (.text:fcvt)
                  00002510    00000124     mydevices.obj (.text)
                  00002634    00000114     rtsv7M4_T_le_v4SPD16_eabi.lib : fputs.c.obj (.text:fputs)
                  00002748    00000110     driverlib.lib : sysctl.obj (.text:SysCtlClockGet)
                  00002858    00000110     rtsv7M4_T_le_v4SPD16_eabi.lib : fopen.c.obj (.text:_openfile)
                  00002968    00000110                                   : s_scalbn.c.obj (.text:scalbn)
                  00002a78    00000100                                   : memory.c.obj (.text:aligned_alloc)
                  00002b78    000000fc                                   : fd_mul_t2.asm.obj (.text)
                  00002c74    000000e4                                   : memory.c.obj (.text:free)
                  00002d58    000000dc                                   : setvbuf.c.obj (.text:setvbuf)
                  00002e34    000000bc                                   : open.c.obj (.text:open)
                  00002ef0    000000b8                                   : add_device.c.obj (.text:add_device)
                  00002fa8    000000b1                                   : _printfi.c.obj (.text:_ltostr)
                  00003059    00000003     --HOLE-- [fill = 0]
                  0000305c    0000009c                                   : fopen.c.obj (.text:fopen)
                  000030f8    0000009c                                   : memcpy_t2.asm.obj (.text)
                  00003194    00000096                                   : ull_div_t2.asm.obj (.text)
                  0000322a    00000002     --HOLE-- [fill = 0]
                  0000322c    0000008c                                   : fputc.c.obj (.text:fputc)
                  000032b8    00000086                                   : fd_cmp_t2.asm.obj (.text:__aeabi_cdcmple)
                  0000333e    00000086                                   : fd_cmp_t2.asm.obj (.text:__aeabi_cdrcmple)
                  000033c4    0000007a                                   : memset_t2.asm.obj (.text)
                  0000343e    00000002     --HOLE-- [fill = 0]
                  00003440    00000074                                   : fclose.c.obj (.text:__TI_closefile)
                  000034b4    00000070                                   : memory.c.obj (.text:split)
                  00003524    0000006e                                   : _printfi.c.obj (.text:_mcpy)
                  00003592    00000002     --HOLE-- [fill = 0]
                  00003594    0000006c                                   : hostrename.c.obj (.text:HOSTrename)
                  00003600    00000068                                   : hostlseek.c.obj (.text:HOSTlseek)
                  00003668    00000068                                   : copy_decompress_lzss.c.obj (.text:decompress:lzss:__TI_decompress_lzss)
                  000036d0    00000068                                   : printf.c.obj (.text:printf)
                  00003738    00000064                                   : s_frexp.c.obj (.text:frexp)
                  0000379c    00000064                                   : fseek.c.obj (.text:fseek)
                  00003800    00000062                                   : _io_perm.c.obj (.text:__TI_wrt_ok)
                  00003862    00000002     --HOLE-- [fill = 0]
                  00003864    00000060                                   : hostopen.c.obj (.text:HOSTopen)
                  000038c4    0000005c                                   : close.c.obj (.text:close)
                  00003920    00000058                                   : hostread.c.obj (.text:HOSTread)
                  00003978    00000058                                   : hostwrite.c.obj (.text:HOSTwrite)
                  000039d0    00000056                                   : _printfi.c.obj (.text:_pconv_f)
                  00003a26    00000054                                   : _ltoa.c.obj (.text:__TI_ltoa)
                  00003a7a    00000052                                   : _printfi.c.obj (.text:_ecpy)
                  00003acc    0000004c                                   : fflush.c.obj (.text:__TI_doflush)
                  00003b18    0000004c                                   : atoi.c.obj (.text:atoi)
                  00003b64    00000048     driverlib.lib : gpio.obj (.text:GPIOPinConfigure)
                  00003bac    00000048                   : sysctl.obj (.text:_SysCtlFrequencyGet)
                  00003bf4    00000048     rtsv7M4_T_le_v4SPD16_eabi.lib : exit.c.obj (.text:exit)
                  00003c3c    00000048                                   : fd_toi_t2.asm.obj (.text)
                  00003c84    00000046     driverlib.lib : uart.obj (.text:UARTConfigSetExpClk)
                  00003cca    00000002     --HOLE-- [fill = 0]
                  00003ccc    00000044     rtsv7M4_T_le_v4SPD16_eabi.lib : hostclose.c.obj (.text:HOSTclose)
                  00003d10    00000044                                   : hostunlink.c.obj (.text:HOSTunlink)
                  00003d54    00000044                                   : autoinit.c.obj (.text:__TI_auto_init_nobinit_nopinit:__TI_auto_init_nobinit_nopinit)
                  00003d98    00000044                                   : getdevice.c.obj (.text:getdevice)
                  00003ddc    00000040                                   : u_divt2.asm.obj (.text)
                  00003e1c    0000003e                                   : _printfi.c.obj (.text:_fcpy)
                  00003e5a    00000002     --HOLE-- [fill = 0]
                  00003e5c    00000038     driverlib.lib : sysctl.obj (.text:SysCtlPeripheralPresent)
                  00003e94    00000038                   : sysctl.obj (.text:SysCtlPeripheralReady)
                  00003ecc    00000038     rtsv7M4_T_le_v4SPD16_eabi.lib : trgmsg.c.obj (.text:__TI_writemsg)
                  00003f04    00000038                                   : fs_tod_t2.asm.obj (.text)
                  00003f3c    00000036                                   : strncpy.c.obj (.text:strncpy)
                  00003f72    00000002     --HOLE-- [fill = 0]
                  00003f74    00000034     driverlib.lib : sysctl.obj (.text:SysCtlPeripheralEnable)
                  00003fa8    00000034     rtsv7M4_T_le_v4SPD16_eabi.lib : fopen.c.obj (.text:__TI_cleanup)
                  00003fdc    00000034                                   : trgmsg.c.obj (.text:__TI_readmsg)
                  00004010    00000034                                   : boot_cortex_m.c.obj (.text:_c_int00_noargs:_c_int00_noargs)
                  00004044    00000034                                   : fopen.c.obj (.text:freopen)
                  00004078    00000030                                   : getdevice.c.obj (.text:finddevice)
                  000040a8    0000002e                                   : i_tofd_t2.asm.obj (.text)
                  000040d6    00000002     --HOLE-- [fill = 0]
                  000040d8    0000002c                                   : unlink.c.obj (.text:unlink)
                  00004104    0000002a     driverlib.lib : gpio.obj (.text:GPIODirModeSet)
                  0000412e    00000002     --HOLE-- [fill = 0]
                  00004130    00000028     rtsv7M4_T_le_v4SPD16_eabi.lib : memory.c.obj (.text:free_list_insert)
                  00004158    00000028                                   : lseek.c.obj (.text:lseek)
                  00004180    00000028                                   : write.c.obj (.text:write)
                  000041a8    00000020     driverlib.lib : uart.obj (.text:UARTDisable)
                  000041c8    00000020                   : sysctl.obj (.text:_SysCtlMemTimingGet)
                  000041e8    00000020     rtsv7M4_T_le_v4SPD16_eabi.lib : memchr.c.obj (.text:memchr)
                  00004208    0000001c                                   : memory.c.obj (.text:free_list_remove)
                  00004224    0000001c                                   : memccpy.c.obj (.text:memccpy)
                  00004240    0000001a                                   : s_copysign.c.obj (.text:copysign)
                  0000425a    00000018     driverlib.lib : gpio.obj (.text:GPIOPinTypeGPIOOutput)
                  00004272    00000018     rtsv7M4_T_le_v4SPD16_eabi.lib : strcmp.c.obj (.text:strcmp)
                  0000428a    00000016                                   : strchr.c.obj (.text:strchr)
                  000042a0    00000014     driverlib.lib : uart.obj (.text:UARTEnable)
                  000042b4    00000014     rtsv7M4_T_le_v4SPD16_eabi.lib : strcpy.c.obj (.text:strcpy)
                  000042c8    00000014                                   : strlen.c.obj (.text:strlen)
                  000042dc    00000012     driverlib.lib : gpio.obj (.text:GPIOPinTypeGPIOInput)
                  000042ee    00000012                   : gpio.obj (.text:GPIOPinTypeUART)
                  00004300    00000012     rtsv7M4_T_le_v4SPD16_eabi.lib : wcslen.c.obj (.text:wcslen)
                  00004312    00000002     --HOLE-- [fill = 0]
                  00004314    00000010     driverlib.lib : fpu.obj (.text:FPUEnable)
                  00004324    0000000e     rtsv7M4_T_le_v4SPD16_eabi.lib : copy_decompress_none.c.obj (.text:decompress:none:__TI_decompress_none)
                  00004332    0000000c                                   : copy_zero_init.c.obj (.text:decompress:ZI:__TI_zero_init)
                  0000433e    0000000c     tm4c129encpdt_startup_ccs.obj (.text)
                  0000434a    0000000a     driverlib.lib : uart.obj (.text:UARTCharGet)
                  00004354    0000000a                   : uart.obj (.text:UARTCharPut)
                  0000435e    00000002     --HOLE-- [fill = 0]
                  00004360    00000008     rtsv7M4_T_le_v4SPD16_eabi.lib : errno.c.obj (.text:__aeabi_errno_addr)
                  00004368    00000008                                   : memory.c.obj (.text:malloc)
                  00004370    00000004                                   : printf.c.obj (.text:_outc)
                  00004374    00000004                                   : printf.c.obj (.text:_outs)
                  00004378    00000004                                   : pre_init.c.obj (.text:_system_pre_init)
                  0000437c    00000004                                   : exit.c.obj (.text:abort:abort)

.const     0    00004380    00000388     
                  00004380    00000120     driverlib.lib : sysctl.obj (.const:g_pppui32XTALtoVCO)
                  000044a0    00000101     rtsv7M4_T_le_v4SPD16_eabi.lib : ctype.c.obj (.const:.string:_ctypes_)
                  000045a1    00000003     --HOLE-- [fill = 0]
                  000045a4    00000090     driverlib.lib : gpio.obj (.const:g_pui32GPIOBaseAddrs)
                  00004634    0000006c                   : sysctl.obj (.const:g_pui32Xtals)
                  000046a0    00000030                   : sysctl.obj (.const:g_sXTALtoMEMTIM)
                  000046d0    00000012     uartstdio.obj (.const:.string)
                  000046e2    00000002     --HOLE-- [fill = 0]
                  000046e4    0000000c     uartstdio.obj (.const:g_ui32UARTBase)
                  000046f0    0000000c     uartstdio.obj (.const:g_ui32UARTPeriph)
                  000046fc    00000008     driverlib.lib : sysctl.obj (.const)
                  00004704    00000004     uartstdio.obj (.const)

.cinit     0    00004708    00000190     
                  00004708    0000016b     (.cinit..data.load) [load image, compression = lzss]
                  00004873    00000001     --HOLE-- [fill = 0]
                  00004874    0000000c     (__TI_handler_table)
                  00004880    00000008     (.cinit..bss.load) [load image, compression = zero_init]
                  00004888    00000010     (__TI_cinit_table)

.init_array 
*          0    00000000    00000000     UNINITIALIZED

.data      0    20000000    00000770     UNINITIALIZED
                  20000000    00000500     signals.obj (.data:input_signal_f32_1kHz_15kHz)
                  20000500    000000f0     rtsv7M4_T_le_v4SPD16_eabi.lib : defs.c.obj (.data:_ftable)
                  200005f0    00000078                                   : host_device.c.obj (.data:_device)
                  20000668    00000074     signals.obj (.data:impulse_response)
                  200006dc    00000050     rtsv7M4_T_le_v4SPD16_eabi.lib : host_device.c.obj (.data:_stream)
                  2000072c    00000010                                   : defs.c.obj (.data)
                  2000073c    0000000c                                   : exit.c.obj (.data:$O1$$)
                  20000748    00000008                                   : _lock.c.obj (.data:$O1$$)
                  20000750    00000008                                   : memory.c.obj (.data:$O1$$)
                  20000758    00000005     uartstdio.obj (.data)
                  2000075d    00000003     --HOLE--
                  20000760    00000004     rtsv7M4_T_le_v4SPD16_eabi.lib : add_device.c.obj (.data)
                  20000764    00000004                                   : errno.c.obj (.data)
                  20000768    00000004                                   : fopen.c.obj (.data)
                  2000076c    00000004                                   : open.c.obj (.data)

.bss       0    20000770    00000738     UNINITIALIZED
                  20000770    00000570     (.common:outputConv)
                  20000ce0    00000120     rtsv7M4_T_le_v4SPD16_eabi.lib : trgmsg.c.obj (.bss:_CIOBUF_)
                  20000e00    000000a0     (.common:__TI_tmpnams)
                  20000ea0    00000008     (.common:parmbuf)

.sysmem    0    20000ea8    00000400     UNINITIALIZED
                  20000ea8    00000010     rtsv7M4_T_le_v4SPD16_eabi.lib : memory.c.obj (.sysmem)
                  20000eb8    000003f0     --HOLE--

.stack     0    200012a8    00000200     UNINITIALIZED
                  200012a8    00000004     rtsv7M4_T_le_v4SPD16_eabi.lib : boot_cortex_m.c.obj (.stack)
                  200012ac    000001fc     --HOLE--

__llvm_prf_cnts 
*          0    20000000    00000000     UNINITIALIZED

MODULE SUMMARY

       Module                          code    ro data   rw data
       ------                          ----    -------   -------
    .\
       main.obj                        488     0         1392   
       uartstdio.obj                   1180    46        5      
       tm4c129encpdt_startup_ccs.obj   12      520       0      
    +--+-------------------------------+-------+---------+---------+
       Total:                          1680    566       1397   
                                                                
    .\lib_dsp\
       signals.obj                     0       0         1396   
    +--+-------------------------------+-------+---------+---------+
       Total:                          0       0         1396   
                                                                
    .\mydevices\
       mydevices.obj                   292     0         0      
    +--+-------------------------------+-------+---------+---------+
       Total:                          292     0         0      
                                                                
    C:/Users/jacobo.gonzalez/Downloads/CMSIS-master_4/CMSIS-master/CMSIS/Lib/ARM/arm_cortexM4lf_math.lib
       arm_conv_f32.o                  1390    0         0      
    +--+-------------------------------+-------+---------+---------+
       Total:                          1390    0         0      
                                                                
    C:/ti/TivaWare_C_Series-2.1.2.111/driverlib/ccs/Debug/driverlib.lib
       sysctl.obj                      1056    452       0      
       gpio.obj                        480     144       0      
       uart.obj                        142     0         0      
       fpu.obj                         16      0         0      
    +--+-------------------------------+-------+---------+---------+
       Total:                          1694    596       0      
                                                                
    C:\ti\ccs1040\ccs\tools\compiler\ti-cgt-arm_20.2.7.LTS\lib\rtsv7M4_T_le_v4SPD16_eabi.lib
       _printfi.c.obj                  4851    0         0      
       memory.c.obj                    672     0         8      
       fopen.c.obj                     532     0         4      
       fd_add_t2.asm.obj               438     0         0      
       defs.c.obj                      0       0         416    
       trgmsg.c.obj                    108     0         288    
       fd_div_t2.asm.obj               310     0         0      
       fputs.c.obj                     276     0         0      
       s_scalbn.c.obj                  272     0         0      
       fd_cmp_t2.asm.obj               268     0         0      
       ctype.c.obj                     0       257       0      
       fd_mul_t2.asm.obj               252     0         0      
       setvbuf.c.obj                   220     0         0      
       host_device.c.obj               0       0         200    
       open.c.obj                      188     0         4      
       add_device.c.obj                184     0         4      
       memcpy_t2.asm.obj               156     0         0      
       ull_div_t2.asm.obj              150     0         0      
       fputc.c.obj                     140     0         0      
       memset_t2.asm.obj               122     0         0      
       fclose.c.obj                    116     0         0      
       getdevice.c.obj                 116     0         0      
       printf.c.obj                    112     0         0      
       hostrename.c.obj                108     0         0      
       copy_decompress_lzss.c.obj      104     0         0      
       hostlseek.c.obj                 104     0         0      
       hostopen.c.obj                  96      0         8      
       fseek.c.obj                     100     0         0      
       s_frexp.c.obj                   100     0         0      
       _io_perm.c.obj                  98      0         0      
       close.c.obj                     92      0         0      
       exit.c.obj                      76      0         12     
       hostread.c.obj                  88      0         0      
       hostwrite.c.obj                 88      0         0      
       _ltoa.c.obj                     84      0         0      
       atoi.c.obj                      76      0         0      
       fflush.c.obj                    76      0         0      
       fd_toi_t2.asm.obj               72      0         0      
       autoinit.c.obj                  68      0         0      
       hostclose.c.obj                 68      0         0      
       hostunlink.c.obj                68      0         0      
       u_divt2.asm.obj                 64      0         0      
       fs_tod_t2.asm.obj               56      0         0      
       strncpy.c.obj                   54      0         0      
       boot_cortex_m.c.obj             52      0         0      
       i_tofd_t2.asm.obj               46      0         0      
       unlink.c.obj                    44      0         0      
       lseek.c.obj                     40      0         0      
       write.c.obj                     40      0         0      
       memchr.c.obj                    32      0         0      
       memccpy.c.obj                   28      0         0      
       s_copysign.c.obj                26      0         0      
       strcmp.c.obj                    24      0         0      
       strchr.c.obj                    22      0         0      
       strcpy.c.obj                    20      0         0      
       strlen.c.obj                    20      0         0      
       wcslen.c.obj                    18      0         0      
       copy_decompress_none.c.obj      14      0         0      
       copy_zero_init.c.obj            12      0         0      
       errno.c.obj                     8       0         4      
       _lock.c.obj                     2       0         8      
       pre_init.c.obj                  4       0         0      
       div0.asm.obj                    2       0         0      
    +--+-------------------------------+-------+---------+---------+
       Total:                          11677   257       956    
                                                                
       Heap:                           0       0         1024   
       Stack:                          0       0         512    
       Linker Generated:               0       399       0      
    +--+-------------------------------+-------+---------+---------+
       Grand Total:                    16733   1818      5285   


LINKER GENERATED COPY TABLES

__TI_cinit_table @ 00004888 records: 2, size/record: 8, table size: 16
	.data: load addr=00004708, load size=0000016b bytes, run addr=20000000, run size=00000770 bytes, compression=lzss
	.bss: load addr=00004880, load size=00000008 bytes, run addr=20000770, run size=00000738 bytes, compression=zero_init


LINKER GENERATED HANDLER TABLE

__TI_handler_table @ 00004874 records: 3, size/record: 4, table size: 12
	index: 0, handler: __TI_decompress_lzss
	index: 1, handler: __TI_decompress_none
	index: 2, handler: __TI_zero_init


GLOBAL SYMBOLS: SORTED ALPHABETICALLY BY Name 

address   name                           
-------   ----                           
0000437d  C$$EXIT                        
00003efb  C$$IO$$                        
00004315  FPUEnable                      
00004105  GPIODirModeSet                 
000022bb  GPIOPadConfigSet               
00003b65  GPIOPinConfigure               
000042dd  GPIOPinTypeGPIOInput           
0000425b  GPIOPinTypeGPIOOutput          
000042ef  GPIOPinTypeUART                
00003ccd  HOSTclose                      
00003601  HOSTlseek                      
00003865  HOSTopen                       
00003921  HOSTread                       
00003595  HOSTrename                     
00003d11  HOSTunlink                     
00003979  HOSTwrite                      
00002511  Init_Device                    
0000256f  MYDEVICE_close                 
000025d5  MYDEVICE_lseek                 
0000255f  MYDEVICE_open                  
0000257b  MYDEVICE_read                  
000025f1  MYDEVICE_rename                
000025e5  MYDEVICE_unlink                
000025a7  MYDEVICE_write                 
0000433f  ResetISR                       
000018d5  SysCtlClockFreqSet             
00002749  SysCtlClockGet                 
00003f75  SysCtlPeripheralEnable         
00003e5d  SysCtlPeripheralPresent        
00003e95  SysCtlPeripheralReady          
0000434b  UARTCharGet                    
00004355  UARTCharPut                    
00003c85  UARTConfigSetExpClk            
000041a9  UARTDisable                    
000042a1  UARTEnable                     
000011c9  UARTStdioConfig                
0000130f  UARTgetc                       
00001255  UARTgets                       
0000162f  UARTprintf                     
00001335  UARTvprintf                    
0000120f  UARTwrite                      
20000ce0  __CIOBUF_                      
200014a8  __STACK_END                    
00000200  __STACK_SIZE                   
200014a8  __STACK_TOP                    
00000400  __SYSMEM_SIZE                  
00004888  __TI_CINIT_Base                
00004898  __TI_CINIT_Limit               
00004874  __TI_Handler_Table_Base        
00004880  __TI_Handler_Table_Limit       
00003d55  __TI_auto_init_nobinit_nopinit 
00003fa9  __TI_cleanup                   
2000073c  __TI_cleanup_ptr               
00003441  __TI_closefile                 
00003669  __TI_decompress_lzss           
00004325  __TI_decompress_none           
00003acd  __TI_doflush                   
20000740  __TI_dtors_ptr                 
20000744  __TI_enable_exit_profile_output
2000072c  __TI_ft_end                    
00003a27  __TI_ltoa                      
ffffffff  __TI_pprof_out_hndl            
00000209  __TI_printfi                   
ffffffff  __TI_prof_data_size            
ffffffff  __TI_prof_data_start           
00003fdd  __TI_readmsg                   
00000000  __TI_static_base__             
20000e00  __TI_tmpnams                   
00003ecd  __TI_writemsg                  
00003801  __TI_wrt_ok                    
00004333  __TI_zero_init                 
000032b9  __aeabi_cdcmpeq                
000032b9  __aeabi_cdcmple                
0000333f  __aeabi_cdrcmple               
00003c3d  __aeabi_d2iz                   
00001e9b  __aeabi_dadd                   
00002185  __aeabi_ddiv                   
00002b79  __aeabi_dmul                   
00001e91  __aeabi_dsub                   
00004361  __aeabi_errno_addr             
00003f05  __aeabi_f2d                    
000040a9  __aeabi_i2d                    
000011c7  __aeabi_idiv0                  
000011c7  __aeabi_ldiv0                  
000033c5  __aeabi_memclr                 
000033c5  __aeabi_memclr4                
000033c5  __aeabi_memclr8                
000030f9  __aeabi_memcpy                 
000030f9  __aeabi_memcpy4                
000030f9  __aeabi_memcpy8                
000033c7  __aeabi_memset                 
000033c7  __aeabi_memset4                
000033c7  __aeabi_memset8                
20000738  __aeabi_stderr                 
20000730  __aeabi_stdin                  
20000734  __aeabi_stdout                 
00003ddd  __aeabi_uidiv                  
00003ddd  __aeabi_uidivmod               
00003195  __aeabi_uldivmod               
ffffffff  __binit__                      
ffffffff  __c_args__                     
UNDEFED   __mpu_init                     
200012a8  __stack                        
20000000  __start___llvm_prf_cnts        
20000000  __stop___llvm_prf_cnts         
00004011  _c_int00_noargs                
000044a0  _ctypes_                       
200005f0  _device                        
20000500  _ftable                        
20000748  _lock                          
00000c57  _nop                           
200006dc  _stream                        
20000ea8  _sys_memory                    
UNDEFED   _system_post_cinit             
00004379  _system_pre_init               
2000074c  _unlock                        
0000437d  abort                          
00002ef1  add_device                     
00002a79  aligned_alloc                  
00000c59  arm_conv_f32                   
00003b19  atoi                           
ffffffff  binit                          
000038c5  close                          
00001bd9  configPeripherals              
00004241  copysign                       
00004241  copysignl                      
20000764  errno                          
00003bf5  exit                           
00004079  finddevice                     
0000305d  fopen                          
0000322d  fputc                          
00002635  fputs                          
00002c75  free                           
00004045  freopen                        
00003739  frexp                          
00003739  frexpl                         
0000379d  fseek                          
00000000  g_pfnVectors                   
00003d99  getdevice                      
20000668  impulse_response               
20000000  input_signal_f32_1kHz_15kHz    
00002969  ldexp                          
00002969  ldexpl                         
00004159  lseek                          
00001ad9  main                           
00004369  malloc                         
00002a79  memalign                       
00004225  memccpy                        
000041e9  memchr                         
000030f9  memcpy                         
000033cd  memset                         
00002e35  open                           
20000770  outputConv                     
20000ea0  parmbuf                        
000036d1  printf                         
00001bb1  pseudo_dly                     
0000322d  putc                           
000040d9  remove                         
00002969  scalbn                         
00002969  scalbnl                        
00002d59  setvbuf                        
0000428b  strchr                         
00004273  strcmp                         
000042b5  strcpy                         
000042c9  strlen                         
00003f3d  strncpy                        
000040d9  unlink                         
00004301  wcslen                         
00004181  write                          


GLOBAL SYMBOLS: SORTED BY Symbol Address 

address   name                           
-------   ----                           
00000000  __TI_static_base__             
00000000  g_pfnVectors                   
00000200  __STACK_SIZE                   
00000209  __TI_printfi                   
00000400  __SYSMEM_SIZE                  
00000c57  _nop                           
00000c59  arm_conv_f32                   
000011c7  __aeabi_idiv0                  
000011c7  __aeabi_ldiv0                  
000011c9  UARTStdioConfig                
0000120f  UARTwrite                      
00001255  UARTgets                       
0000130f  UARTgetc                       
00001335  UARTvprintf                    
0000162f  UARTprintf                     
000018d5  SysCtlClockFreqSet             
00001ad9  main                           
00001bb1  pseudo_dly                     
00001bd9  configPeripherals              
00001e91  __aeabi_dsub                   
00001e9b  __aeabi_dadd                   
00002185  __aeabi_ddiv                   
000022bb  GPIOPadConfigSet               
00002511  Init_Device                    
0000255f  MYDEVICE_open                  
0000256f  MYDEVICE_close                 
0000257b  MYDEVICE_read                  
000025a7  MYDEVICE_write                 
000025d5  MYDEVICE_lseek                 
000025e5  MYDEVICE_unlink                
000025f1  MYDEVICE_rename                
00002635  fputs                          
00002749  SysCtlClockGet                 
00002969  ldexp                          
00002969  ldexpl                         
00002969  scalbn                         
00002969  scalbnl                        
00002a79  aligned_alloc                  
00002a79  memalign                       
00002b79  __aeabi_dmul                   
00002c75  free                           
00002d59  setvbuf                        
00002e35  open                           
00002ef1  add_device                     
0000305d  fopen                          
000030f9  __aeabi_memcpy                 
000030f9  __aeabi_memcpy4                
000030f9  __aeabi_memcpy8                
000030f9  memcpy                         
00003195  __aeabi_uldivmod               
0000322d  fputc                          
0000322d  putc                           
000032b9  __aeabi_cdcmpeq                
000032b9  __aeabi_cdcmple                
0000333f  __aeabi_cdrcmple               
000033c5  __aeabi_memclr                 
000033c5  __aeabi_memclr4                
000033c5  __aeabi_memclr8                
000033c7  __aeabi_memset                 
000033c7  __aeabi_memset4                
000033c7  __aeabi_memset8                
000033cd  memset                         
00003441  __TI_closefile                 
00003595  HOSTrename                     
00003601  HOSTlseek                      
00003669  __TI_decompress_lzss           
000036d1  printf                         
00003739  frexp                          
00003739  frexpl                         
0000379d  fseek                          
00003801  __TI_wrt_ok                    
00003865  HOSTopen                       
000038c5  close                          
00003921  HOSTread                       
00003979  HOSTwrite                      
00003a27  __TI_ltoa                      
00003acd  __TI_doflush                   
00003b19  atoi                           
00003b65  GPIOPinConfigure               
00003bf5  exit                           
00003c3d  __aeabi_d2iz                   
00003c85  UARTConfigSetExpClk            
00003ccd  HOSTclose                      
00003d11  HOSTunlink                     
00003d55  __TI_auto_init_nobinit_nopinit 
00003d99  getdevice                      
00003ddd  __aeabi_uidiv                  
00003ddd  __aeabi_uidivmod               
00003e5d  SysCtlPeripheralPresent        
00003e95  SysCtlPeripheralReady          
00003ecd  __TI_writemsg                  
00003efb  C$$IO$$                        
00003f05  __aeabi_f2d                    
00003f3d  strncpy                        
00003f75  SysCtlPeripheralEnable         
00003fa9  __TI_cleanup                   
00003fdd  __TI_readmsg                   
00004011  _c_int00_noargs                
00004045  freopen                        
00004079  finddevice                     
000040a9  __aeabi_i2d                    
000040d9  remove                         
000040d9  unlink                         
00004105  GPIODirModeSet                 
00004159  lseek                          
00004181  write                          
000041a9  UARTDisable                    
000041e9  memchr                         
00004225  memccpy                        
00004241  copysign                       
00004241  copysignl                      
0000425b  GPIOPinTypeGPIOOutput          
00004273  strcmp                         
0000428b  strchr                         
000042a1  UARTEnable                     
000042b5  strcpy                         
000042c9  strlen                         
000042dd  GPIOPinTypeGPIOInput           
000042ef  GPIOPinTypeUART                
00004301  wcslen                         
00004315  FPUEnable                      
00004325  __TI_decompress_none           
00004333  __TI_zero_init                 
0000433f  ResetISR                       
0000434b  UARTCharGet                    
00004355  UARTCharPut                    
00004361  __aeabi_errno_addr             
00004369  malloc                         
00004379  _system_pre_init               
0000437d  C$$EXIT                        
0000437d  abort                          
000044a0  _ctypes_                       
00004874  __TI_Handler_Table_Base        
00004880  __TI_Handler_Table_Limit       
00004888  __TI_CINIT_Base                
00004898  __TI_CINIT_Limit               
20000000  __start___llvm_prf_cnts        
20000000  __stop___llvm_prf_cnts         
20000000  input_signal_f32_1kHz_15kHz    
20000500  _ftable                        
200005f0  _device                        
20000668  impulse_response               
200006dc  _stream                        
2000072c  __TI_ft_end                    
20000730  __aeabi_stdin                  
20000734  __aeabi_stdout                 
20000738  __aeabi_stderr                 
2000073c  __TI_cleanup_ptr               
20000740  __TI_dtors_ptr                 
20000744  __TI_enable_exit_profile_output
20000748  _lock                          
2000074c  _unlock                        
20000764  errno                          
20000770  outputConv                     
20000ce0  __CIOBUF_                      
20000e00  __TI_tmpnams                   
20000ea0  parmbuf                        
20000ea8  _sys_memory                    
200012a8  __stack                        
200014a8  __STACK_END                    
200014a8  __STACK_TOP                    
ffffffff  __TI_pprof_out_hndl            
ffffffff  __TI_prof_data_size            
ffffffff  __TI_prof_data_start           
ffffffff  __binit__                      
ffffffff  __c_args__                     
ffffffff  binit                          
UNDEFED   __mpu_init                     
UNDEFED   _system_post_cinit             

[169 symbols]
