<?xml version="1.0" encoding="ISO-8859-1" ?>
<link_info>
   <banner>TI ARM Linker PC v20.2.7.LTS</banner>
   <copyright>Copyright (c) 1996-2018 Texas Instruments Incorporated</copyright>
   <link_time>0x6367cb1c</link_time>
   <link_errors>0x0</link_errors>
   <output_file>dsp_FFT.out</output_file>
   <entry_point>
      <name>_c_int00_noargs</name>
      <address>0x490d</address>
   </entry_point>
   <input_file_list>
      <input_file id="fl-2">
         <path>.\</path>
         <kind>object</kind>
         <file>main.obj</file>
         <name>main.obj</name>
      </input_file>
      <input_file id="fl-3">
         <path>.\</path>
         <kind>object</kind>
         <file>tm4c129encpdt_startup_ccs.obj</file>
         <name>tm4c129encpdt_startup_ccs.obj</name>
      </input_file>
      <input_file id="fl-4">
         <path>.\</path>
         <kind>object</kind>
         <file>uartstdio.obj</file>
         <name>uartstdio.obj</name>
      </input_file>
      <input_file id="fl-5">
         <path>.\lib_dsp\</path>
         <kind>object</kind>
         <file>signals.obj</file>
         <name>signals.obj</name>
      </input_file>
      <input_file id="fl-6">
         <path>.\mydevices\</path>
         <kind>object</kind>
         <file>mydevices.obj</file>
         <name>mydevices.obj</name>
      </input_file>
      <input_file id="fl-d">
         <kind>object</kind>
         <file>&lt;internal&gt;</file>
         <name>&lt;internal&gt;</name>
      </input_file>
      <input_file id="fl-e">
         <path>C:\Users\jacobo.gonzalez\Downloads\CMSIS-master_4\CMSIS-master\CMSIS\Lib\ARM\</path>
         <kind>archive</kind>
         <file>arm_cortexM4lf_math.lib</file>
         <name>arm_rfft_fast_f32.o</name>
      </input_file>
      <input_file id="fl-f">
         <path>C:\Users\jacobo.gonzalez\Downloads\CMSIS-master_4\CMSIS-master\CMSIS\Lib\ARM\</path>
         <kind>archive</kind>
         <file>arm_cortexM4lf_math.lib</file>
         <name>arm_rfft_fast_init_f32.o</name>
      </input_file>
      <input_file id="fl-10">
         <path>C:\Users\jacobo.gonzalez\Downloads\CMSIS-master_4\CMSIS-master\CMSIS\Lib\ARM\</path>
         <kind>archive</kind>
         <file>arm_cortexM4lf_math.lib</file>
         <name>arm_common_tables.o</name>
      </input_file>
      <input_file id="fl-11">
         <path>C:\Users\jacobo.gonzalez\Downloads\CMSIS-master_4\CMSIS-master\CMSIS\Lib\ARM\</path>
         <kind>archive</kind>
         <file>arm_cortexM4lf_math.lib</file>
         <name>arm_cfft_f32.o</name>
      </input_file>
      <input_file id="fl-12">
         <path>C:\Users\jacobo.gonzalez\Downloads\CMSIS-master_4\CMSIS-master\CMSIS\Lib\ARM\</path>
         <kind>archive</kind>
         <file>arm_cortexM4lf_math.lib</file>
         <name>arm_cfft_radix8_f32.o</name>
      </input_file>
      <input_file id="fl-13">
         <path>C:\Users\jacobo.gonzalez\Downloads\CMSIS-master_4\CMSIS-master\CMSIS\Lib\ARM\</path>
         <kind>archive</kind>
         <file>arm_cortexM4lf_math.lib</file>
         <name>arm_bitreversal2.o</name>
      </input_file>
      <input_file id="fl-14">
         <path>C:\ti\TivaWare_C_Series-2.1.2.111\driverlib\ccs\Debug\</path>
         <kind>archive</kind>
         <file>driverlib.lib</file>
         <name>fpu.obj</name>
      </input_file>
      <input_file id="fl-15">
         <path>C:\ti\TivaWare_C_Series-2.1.2.111\driverlib\ccs\Debug\</path>
         <kind>archive</kind>
         <file>driverlib.lib</file>
         <name>gpio.obj</name>
      </input_file>
      <input_file id="fl-16">
         <path>C:\ti\TivaWare_C_Series-2.1.2.111\driverlib\ccs\Debug\</path>
         <kind>archive</kind>
         <file>driverlib.lib</file>
         <name>interrupt.obj</name>
      </input_file>
      <input_file id="fl-17">
         <path>C:\ti\TivaWare_C_Series-2.1.2.111\driverlib\ccs\Debug\</path>
         <kind>archive</kind>
         <file>driverlib.lib</file>
         <name>sysctl.obj</name>
      </input_file>
      <input_file id="fl-18">
         <path>C:\ti\TivaWare_C_Series-2.1.2.111\driverlib\ccs\Debug\</path>
         <kind>archive</kind>
         <file>driverlib.lib</file>
         <name>uart.obj</name>
      </input_file>
      <input_file id="fl-19">
         <path>C:\ti\TivaWare_C_Series-2.1.2.111\driverlib\ccs\Debug\</path>
         <kind>archive</kind>
         <file>driverlib.lib</file>
         <name>cpu.obj</name>
      </input_file>
      <input_file id="fl-cf">
         <path>C:\ti\ccs1040\ccs\tools\compiler\ti-cgt-arm_20.2.7.LTS\lib\</path>
         <kind>archive</kind>
         <file>rtsv7M4_T_le_v4SPD16_eabi.lib</file>
         <name>printf.c.obj</name>
      </input_file>
      <input_file id="fl-d0">
         <path>C:\ti\ccs1040\ccs\tools\compiler\ti-cgt-arm_20.2.7.LTS\lib\</path>
         <kind>archive</kind>
         <file>rtsv7M4_T_le_v4SPD16_eabi.lib</file>
         <name>_printfi.c.obj</name>
      </input_file>
      <input_file id="fl-d1">
         <path>C:\ti\ccs1040\ccs\tools\compiler\ti-cgt-arm_20.2.7.LTS\lib\</path>
         <kind>archive</kind>
         <file>rtsv7M4_T_le_v4SPD16_eabi.lib</file>
         <name>fopen.c.obj</name>
      </input_file>
      <input_file id="fl-d2">
         <path>C:\ti\ccs1040\ccs\tools\compiler\ti-cgt-arm_20.2.7.LTS\lib\</path>
         <kind>archive</kind>
         <file>rtsv7M4_T_le_v4SPD16_eabi.lib</file>
         <name>fputc.c.obj</name>
      </input_file>
      <input_file id="fl-d3">
         <path>C:\ti\ccs1040\ccs\tools\compiler\ti-cgt-arm_20.2.7.LTS\lib\</path>
         <kind>archive</kind>
         <file>rtsv7M4_T_le_v4SPD16_eabi.lib</file>
         <name>fputs.c.obj</name>
      </input_file>
      <input_file id="fl-d4">
         <path>C:\ti\ccs1040\ccs\tools\compiler\ti-cgt-arm_20.2.7.LTS\lib\</path>
         <kind>archive</kind>
         <file>rtsv7M4_T_le_v4SPD16_eabi.lib</file>
         <name>_io_perm.c.obj</name>
      </input_file>
      <input_file id="fl-d5">
         <path>C:\ti\ccs1040\ccs\tools\compiler\ti-cgt-arm_20.2.7.LTS\lib\</path>
         <kind>archive</kind>
         <file>rtsv7M4_T_le_v4SPD16_eabi.lib</file>
         <name>setvbuf.c.obj</name>
      </input_file>
      <input_file id="fl-d6">
         <path>C:\ti\ccs1040\ccs\tools\compiler\ti-cgt-arm_20.2.7.LTS\lib\</path>
         <kind>archive</kind>
         <file>rtsv7M4_T_le_v4SPD16_eabi.lib</file>
         <name>fd_add_t2.asm.obj</name>
      </input_file>
      <input_file id="fl-d7">
         <path>C:\ti\ccs1040\ccs\tools\compiler\ti-cgt-arm_20.2.7.LTS\lib\</path>
         <kind>archive</kind>
         <file>rtsv7M4_T_le_v4SPD16_eabi.lib</file>
         <name>fd_cmp_t2.asm.obj</name>
      </input_file>
      <input_file id="fl-d8">
         <path>C:\ti\ccs1040\ccs\tools\compiler\ti-cgt-arm_20.2.7.LTS\lib\</path>
         <kind>archive</kind>
         <file>rtsv7M4_T_le_v4SPD16_eabi.lib</file>
         <name>fd_div_t2.asm.obj</name>
      </input_file>
      <input_file id="fl-d9">
         <path>C:\ti\ccs1040\ccs\tools\compiler\ti-cgt-arm_20.2.7.LTS\lib\</path>
         <kind>archive</kind>
         <file>rtsv7M4_T_le_v4SPD16_eabi.lib</file>
         <name>fd_mul_t2.asm.obj</name>
      </input_file>
      <input_file id="fl-da">
         <path>C:\ti\ccs1040\ccs\tools\compiler\ti-cgt-arm_20.2.7.LTS\lib\</path>
         <kind>archive</kind>
         <file>rtsv7M4_T_le_v4SPD16_eabi.lib</file>
         <name>fd_toi_t2.asm.obj</name>
      </input_file>
      <input_file id="fl-db">
         <path>C:\ti\ccs1040\ccs\tools\compiler\ti-cgt-arm_20.2.7.LTS\lib\</path>
         <kind>archive</kind>
         <file>rtsv7M4_T_le_v4SPD16_eabi.lib</file>
         <name>fs_tod_t2.asm.obj</name>
      </input_file>
      <input_file id="fl-dc">
         <path>C:\ti\ccs1040\ccs\tools\compiler\ti-cgt-arm_20.2.7.LTS\lib\</path>
         <kind>archive</kind>
         <file>rtsv7M4_T_le_v4SPD16_eabi.lib</file>
         <name>i_tofd_t2.asm.obj</name>
      </input_file>
      <input_file id="fl-dd">
         <path>C:\ti\ccs1040\ccs\tools\compiler\ti-cgt-arm_20.2.7.LTS\lib\</path>
         <kind>archive</kind>
         <file>rtsv7M4_T_le_v4SPD16_eabi.lib</file>
         <name>memcpy_t2.asm.obj</name>
      </input_file>
      <input_file id="fl-de">
         <path>C:\ti\ccs1040\ccs\tools\compiler\ti-cgt-arm_20.2.7.LTS\lib\</path>
         <kind>archive</kind>
         <file>rtsv7M4_T_le_v4SPD16_eabi.lib</file>
         <name>memset_t2.asm.obj</name>
      </input_file>
      <input_file id="fl-df">
         <path>C:\ti\ccs1040\ccs\tools\compiler\ti-cgt-arm_20.2.7.LTS\lib\</path>
         <kind>archive</kind>
         <file>rtsv7M4_T_le_v4SPD16_eabi.lib</file>
         <name>u_divt2.asm.obj</name>
      </input_file>
      <input_file id="fl-e0">
         <path>C:\ti\ccs1040\ccs\tools\compiler\ti-cgt-arm_20.2.7.LTS\lib\</path>
         <kind>archive</kind>
         <file>rtsv7M4_T_le_v4SPD16_eabi.lib</file>
         <name>ull_div_t2.asm.obj</name>
      </input_file>
      <input_file id="fl-e1">
         <path>C:\ti\ccs1040\ccs\tools\compiler\ti-cgt-arm_20.2.7.LTS\lib\</path>
         <kind>archive</kind>
         <file>rtsv7M4_T_le_v4SPD16_eabi.lib</file>
         <name>copy_zero_init.c.obj</name>
      </input_file>
      <input_file id="fl-e2">
         <path>C:\ti\ccs1040\ccs\tools\compiler\ti-cgt-arm_20.2.7.LTS\lib\</path>
         <kind>archive</kind>
         <file>rtsv7M4_T_le_v4SPD16_eabi.lib</file>
         <name>copy_decompress_none.c.obj</name>
      </input_file>
      <input_file id="fl-e3">
         <path>C:\ti\ccs1040\ccs\tools\compiler\ti-cgt-arm_20.2.7.LTS\lib\</path>
         <kind>archive</kind>
         <file>rtsv7M4_T_le_v4SPD16_eabi.lib</file>
         <name>copy_decompress_lzss.c.obj</name>
      </input_file>
      <input_file id="fl-e4">
         <path>C:\ti\ccs1040\ccs\tools\compiler\ti-cgt-arm_20.2.7.LTS\lib\</path>
         <kind>archive</kind>
         <file>rtsv7M4_T_le_v4SPD16_eabi.lib</file>
         <name>exit.c.obj</name>
      </input_file>
      <input_file id="fl-e5">
         <path>C:\ti\ccs1040\ccs\tools\compiler\ti-cgt-arm_20.2.7.LTS\lib\</path>
         <kind>archive</kind>
         <file>rtsv7M4_T_le_v4SPD16_eabi.lib</file>
         <name>_lock.c.obj</name>
      </input_file>
      <input_file id="fl-e6">
         <path>C:\ti\ccs1040\ccs\tools\compiler\ti-cgt-arm_20.2.7.LTS\lib\</path>
         <kind>archive</kind>
         <file>rtsv7M4_T_le_v4SPD16_eabi.lib</file>
         <name>_ltoa.c.obj</name>
      </input_file>
      <input_file id="fl-e7">
         <path>C:\ti\ccs1040\ccs\tools\compiler\ti-cgt-arm_20.2.7.LTS\lib\</path>
         <kind>archive</kind>
         <file>rtsv7M4_T_le_v4SPD16_eabi.lib</file>
         <name>atoi.c.obj</name>
      </input_file>
      <input_file id="fl-e8">
         <path>C:\ti\ccs1040\ccs\tools\compiler\ti-cgt-arm_20.2.7.LTS\lib\</path>
         <kind>archive</kind>
         <file>rtsv7M4_T_le_v4SPD16_eabi.lib</file>
         <name>ctype.c.obj</name>
      </input_file>
      <input_file id="fl-e9">
         <path>C:\ti\ccs1040\ccs\tools\compiler\ti-cgt-arm_20.2.7.LTS\lib\</path>
         <kind>archive</kind>
         <file>rtsv7M4_T_le_v4SPD16_eabi.lib</file>
         <name>defs.c.obj</name>
      </input_file>
      <input_file id="fl-ea">
         <path>C:\ti\ccs1040\ccs\tools\compiler\ti-cgt-arm_20.2.7.LTS\lib\</path>
         <kind>archive</kind>
         <file>rtsv7M4_T_le_v4SPD16_eabi.lib</file>
         <name>memccpy.c.obj</name>
      </input_file>
      <input_file id="fl-eb">
         <path>C:\ti\ccs1040\ccs\tools\compiler\ti-cgt-arm_20.2.7.LTS\lib\</path>
         <kind>archive</kind>
         <file>rtsv7M4_T_le_v4SPD16_eabi.lib</file>
         <name>memchr.c.obj</name>
      </input_file>
      <input_file id="fl-ec">
         <path>C:\ti\ccs1040\ccs\tools\compiler\ti-cgt-arm_20.2.7.LTS\lib\</path>
         <kind>archive</kind>
         <file>rtsv7M4_T_le_v4SPD16_eabi.lib</file>
         <name>memory.c.obj</name>
      </input_file>
      <input_file id="fl-ed">
         <path>C:\ti\ccs1040\ccs\tools\compiler\ti-cgt-arm_20.2.7.LTS\lib\</path>
         <kind>archive</kind>
         <file>rtsv7M4_T_le_v4SPD16_eabi.lib</file>
         <name>strchr.c.obj</name>
      </input_file>
      <input_file id="fl-ee">
         <path>C:\ti\ccs1040\ccs\tools\compiler\ti-cgt-arm_20.2.7.LTS\lib\</path>
         <kind>archive</kind>
         <file>rtsv7M4_T_le_v4SPD16_eabi.lib</file>
         <name>strlen.c.obj</name>
      </input_file>
      <input_file id="fl-ef">
         <path>C:\ti\ccs1040\ccs\tools\compiler\ti-cgt-arm_20.2.7.LTS\lib\</path>
         <kind>archive</kind>
         <file>rtsv7M4_T_le_v4SPD16_eabi.lib</file>
         <name>boot_cortex_m.c.obj</name>
      </input_file>
      <input_file id="fl-f0">
         <path>C:\ti\ccs1040\ccs\tools\compiler\ti-cgt-arm_20.2.7.LTS\lib\</path>
         <kind>archive</kind>
         <file>rtsv7M4_T_le_v4SPD16_eabi.lib</file>
         <name>write.c.obj</name>
      </input_file>
      <input_file id="fl-f1">
         <path>C:\ti\ccs1040\ccs\tools\compiler\ti-cgt-arm_20.2.7.LTS\lib\</path>
         <kind>archive</kind>
         <file>rtsv7M4_T_le_v4SPD16_eabi.lib</file>
         <name>host_device.c.obj</name>
      </input_file>
      <input_file id="fl-f2">
         <path>C:\ti\ccs1040\ccs\tools\compiler\ti-cgt-arm_20.2.7.LTS\lib\</path>
         <kind>archive</kind>
         <file>rtsv7M4_T_le_v4SPD16_eabi.lib</file>
         <name>open.c.obj</name>
      </input_file>
      <input_file id="fl-f3">
         <path>C:\ti\ccs1040\ccs\tools\compiler\ti-cgt-arm_20.2.7.LTS\lib\</path>
         <kind>archive</kind>
         <file>rtsv7M4_T_le_v4SPD16_eabi.lib</file>
         <name>add_device.c.obj</name>
      </input_file>
      <input_file id="fl-f4">
         <path>C:\ti\ccs1040\ccs\tools\compiler\ti-cgt-arm_20.2.7.LTS\lib\</path>
         <kind>archive</kind>
         <file>rtsv7M4_T_le_v4SPD16_eabi.lib</file>
         <name>errno.c.obj</name>
      </input_file>
      <input_file id="fl-f5">
         <path>C:\ti\ccs1040\ccs\tools\compiler\ti-cgt-arm_20.2.7.LTS\lib\</path>
         <kind>archive</kind>
         <file>rtsv7M4_T_le_v4SPD16_eabi.lib</file>
         <name>wcslen.c.obj</name>
      </input_file>
      <input_file id="fl-f6">
         <path>C:\ti\ccs1040\ccs\tools\compiler\ti-cgt-arm_20.2.7.LTS\lib\</path>
         <kind>archive</kind>
         <file>rtsv7M4_T_le_v4SPD16_eabi.lib</file>
         <name>s_frexp.c.obj</name>
      </input_file>
      <input_file id="fl-f7">
         <path>C:\ti\ccs1040\ccs\tools\compiler\ti-cgt-arm_20.2.7.LTS\lib\</path>
         <kind>archive</kind>
         <file>rtsv7M4_T_le_v4SPD16_eabi.lib</file>
         <name>s_scalbn.c.obj</name>
      </input_file>
      <input_file id="fl-f8">
         <path>C:\ti\ccs1040\ccs\tools\compiler\ti-cgt-arm_20.2.7.LTS\lib\</path>
         <kind>archive</kind>
         <file>rtsv7M4_T_le_v4SPD16_eabi.lib</file>
         <name>fclose.c.obj</name>
      </input_file>
      <input_file id="fl-f9">
         <path>C:\ti\ccs1040\ccs\tools\compiler\ti-cgt-arm_20.2.7.LTS\lib\</path>
         <kind>archive</kind>
         <file>rtsv7M4_T_le_v4SPD16_eabi.lib</file>
         <name>fflush.c.obj</name>
      </input_file>
      <input_file id="fl-fa">
         <path>C:\ti\ccs1040\ccs\tools\compiler\ti-cgt-arm_20.2.7.LTS\lib\</path>
         <kind>archive</kind>
         <file>rtsv7M4_T_le_v4SPD16_eabi.lib</file>
         <name>fseek.c.obj</name>
      </input_file>
      <input_file id="fl-fb">
         <path>C:\ti\ccs1040\ccs\tools\compiler\ti-cgt-arm_20.2.7.LTS\lib\</path>
         <kind>archive</kind>
         <file>rtsv7M4_T_le_v4SPD16_eabi.lib</file>
         <name>getdevice.c.obj</name>
      </input_file>
      <input_file id="fl-fc">
         <path>C:\ti\ccs1040\ccs\tools\compiler\ti-cgt-arm_20.2.7.LTS\lib\</path>
         <kind>archive</kind>
         <file>rtsv7M4_T_le_v4SPD16_eabi.lib</file>
         <name>div0.asm.obj</name>
      </input_file>
      <input_file id="fl-fd">
         <path>C:\ti\ccs1040\ccs\tools\compiler\ti-cgt-arm_20.2.7.LTS\lib\</path>
         <kind>archive</kind>
         <file>rtsv7M4_T_le_v4SPD16_eabi.lib</file>
         <name>autoinit.c.obj</name>
      </input_file>
      <input_file id="fl-fe">
         <path>C:\ti\ccs1040\ccs\tools\compiler\ti-cgt-arm_20.2.7.LTS\lib\</path>
         <kind>archive</kind>
         <file>rtsv7M4_T_le_v4SPD16_eabi.lib</file>
         <name>pre_init.c.obj</name>
      </input_file>
      <input_file id="fl-ff">
         <path>C:\ti\ccs1040\ccs\tools\compiler\ti-cgt-arm_20.2.7.LTS\lib\</path>
         <kind>archive</kind>
         <file>rtsv7M4_T_le_v4SPD16_eabi.lib</file>
         <name>cpy_tbl.c.obj</name>
      </input_file>
      <input_file id="fl-100">
         <path>C:\ti\ccs1040\ccs\tools\compiler\ti-cgt-arm_20.2.7.LTS\lib\</path>
         <kind>archive</kind>
         <file>rtsv7M4_T_le_v4SPD16_eabi.lib</file>
         <name>args_main.c.obj</name>
      </input_file>
      <input_file id="fl-101">
         <path>C:\ti\ccs1040\ccs\tools\compiler\ti-cgt-arm_20.2.7.LTS\lib\</path>
         <kind>archive</kind>
         <file>rtsv7M4_T_le_v4SPD16_eabi.lib</file>
         <name>strcmp.c.obj</name>
      </input_file>
      <input_file id="fl-102">
         <path>C:\ti\ccs1040\ccs\tools\compiler\ti-cgt-arm_20.2.7.LTS\lib\</path>
         <kind>archive</kind>
         <file>rtsv7M4_T_le_v4SPD16_eabi.lib</file>
         <name>strncpy.c.obj</name>
      </input_file>
      <input_file id="fl-103">
         <path>C:\ti\ccs1040\ccs\tools\compiler\ti-cgt-arm_20.2.7.LTS\lib\</path>
         <kind>archive</kind>
         <file>rtsv7M4_T_le_v4SPD16_eabi.lib</file>
         <name>hostclose.c.obj</name>
      </input_file>
      <input_file id="fl-104">
         <path>C:\ti\ccs1040\ccs\tools\compiler\ti-cgt-arm_20.2.7.LTS\lib\</path>
         <kind>archive</kind>
         <file>rtsv7M4_T_le_v4SPD16_eabi.lib</file>
         <name>hostlseek.c.obj</name>
      </input_file>
      <input_file id="fl-105">
         <path>C:\ti\ccs1040\ccs\tools\compiler\ti-cgt-arm_20.2.7.LTS\lib\</path>
         <kind>archive</kind>
         <file>rtsv7M4_T_le_v4SPD16_eabi.lib</file>
         <name>hostopen.c.obj</name>
      </input_file>
      <input_file id="fl-106">
         <path>C:\ti\ccs1040\ccs\tools\compiler\ti-cgt-arm_20.2.7.LTS\lib\</path>
         <kind>archive</kind>
         <file>rtsv7M4_T_le_v4SPD16_eabi.lib</file>
         <name>hostread.c.obj</name>
      </input_file>
      <input_file id="fl-107">
         <path>C:\ti\ccs1040\ccs\tools\compiler\ti-cgt-arm_20.2.7.LTS\lib\</path>
         <kind>archive</kind>
         <file>rtsv7M4_T_le_v4SPD16_eabi.lib</file>
         <name>hostrename.c.obj</name>
      </input_file>
      <input_file id="fl-108">
         <path>C:\ti\ccs1040\ccs\tools\compiler\ti-cgt-arm_20.2.7.LTS\lib\</path>
         <kind>archive</kind>
         <file>rtsv7M4_T_le_v4SPD16_eabi.lib</file>
         <name>hostunlink.c.obj</name>
      </input_file>
      <input_file id="fl-109">
         <path>C:\ti\ccs1040\ccs\tools\compiler\ti-cgt-arm_20.2.7.LTS\lib\</path>
         <kind>archive</kind>
         <file>rtsv7M4_T_le_v4SPD16_eabi.lib</file>
         <name>hostwrite.c.obj</name>
      </input_file>
      <input_file id="fl-10a">
         <path>C:\ti\ccs1040\ccs\tools\compiler\ti-cgt-arm_20.2.7.LTS\lib\</path>
         <kind>archive</kind>
         <file>rtsv7M4_T_le_v4SPD16_eabi.lib</file>
         <name>trgmsg.c.obj</name>
      </input_file>
      <input_file id="fl-10b">
         <path>C:\ti\ccs1040\ccs\tools\compiler\ti-cgt-arm_20.2.7.LTS\lib\</path>
         <kind>archive</kind>
         <file>rtsv7M4_T_le_v4SPD16_eabi.lib</file>
         <name>remove.c.obj</name>
      </input_file>
      <input_file id="fl-10c">
         <path>C:\ti\ccs1040\ccs\tools\compiler\ti-cgt-arm_20.2.7.LTS\lib\</path>
         <kind>archive</kind>
         <file>rtsv7M4_T_le_v4SPD16_eabi.lib</file>
         <name>lseek.c.obj</name>
      </input_file>
      <input_file id="fl-10d">
         <path>C:\ti\ccs1040\ccs\tools\compiler\ti-cgt-arm_20.2.7.LTS\lib\</path>
         <kind>archive</kind>
         <file>rtsv7M4_T_le_v4SPD16_eabi.lib</file>
         <name>close.c.obj</name>
      </input_file>
      <input_file id="fl-10e">
         <path>C:\ti\ccs1040\ccs\tools\compiler\ti-cgt-arm_20.2.7.LTS\lib\</path>
         <kind>archive</kind>
         <file>rtsv7M4_T_le_v4SPD16_eabi.lib</file>
         <name>s_copysign.c.obj</name>
      </input_file>
      <input_file id="fl-10f">
         <path>C:\ti\ccs1040\ccs\tools\compiler\ti-cgt-arm_20.2.7.LTS\lib\</path>
         <kind>archive</kind>
         <file>rtsv7M4_T_le_v4SPD16_eabi.lib</file>
         <name>strcpy.c.obj</name>
      </input_file>
      <input_file id="fl-110">
         <path>C:\ti\ccs1040\ccs\tools\compiler\ti-cgt-arm_20.2.7.LTS\lib\</path>
         <kind>archive</kind>
         <file>rtsv7M4_T_le_v4SPD16_eabi.lib</file>
         <name>unlink.c.obj</name>
      </input_file>
   </input_file_list>
   <object_component_list>
      <object_component id="oc-12">
         <name>.intvecs</name>
         <load_address>0x0</load_address>
         <run_address>0x0</run_address>
         <size>0x208</size>
         <input_file_ref idref="fl-3"/>
      </object_component>
      <object_component id="oc-1f1">
         <name>.text:__TI_printfi</name>
         <load_address>0x208</load_address>
         <run_address>0x208</run_address>
         <size>0xa4e</size>
         <input_file_ref idref="fl-d0"/>
      </object_component>
      <object_component id="oc-333">
         <name>.text:_nop</name>
         <load_address>0xc56</load_address>
         <run_address>0xc56</run_address>
         <size>0x2</size>
         <input_file_ref idref="fl-e5"/>
      </object_component>
      <object_component id="oc-1e5">
         <name>.text</name>
         <load_address>0xc58</load_address>
         <run_address>0xc58</run_address>
         <size>0x722</size>
         <input_file_ref idref="fl-11"/>
      </object_component>
      <object_component id="oc-375">
         <name>.text</name>
         <load_address>0x137a</load_address>
         <run_address>0x137a</run_address>
         <size>0x2</size>
         <input_file_ref idref="fl-fc"/>
      </object_component>
      <object_component id="oc-2d9">
         <name>.text</name>
         <load_address>0x137c</load_address>
         <run_address>0x137c</run_address>
         <size>0x4dc</size>
         <input_file_ref idref="fl-12"/>
      </object_component>
      <object_component id="oc-143">
         <name>.text</name>
         <load_address>0x1858</load_address>
         <run_address>0x1858</run_address>
         <size>0x49c</size>
         <input_file_ref idref="fl-4"/>
      </object_component>
      <object_component id="oc-30f">
         <name>.text:_pconv_a</name>
         <load_address>0x1cf4</load_address>
         <run_address>0x1cf4</run_address>
         <size>0x270</size>
         <input_file_ref idref="fl-d0"/>
      </object_component>
      <object_component id="oc-101">
         <name>.text:SysCtlClockFreqSet</name>
         <load_address>0x1f64</load_address>
         <run_address>0x1f64</run_address>
         <size>0x204</size>
         <input_file_ref idref="fl-17"/>
      </object_component>
      <object_component id="oc-2fd">
         <name>.text:_pconv_g</name>
         <load_address>0x2168</load_address>
         <run_address>0x2168</run_address>
         <size>0x1d0</size>
         <input_file_ref idref="fl-d0"/>
      </object_component>
      <object_component id="oc-440">
         <name>.text</name>
         <load_address>0x2338</load_address>
         <run_address>0x2338</run_address>
         <size>0x1b6</size>
         <input_file_ref idref="fl-d6"/>
      </object_component>
      <object_component id="oc-a2">
         <name>.text</name>
         <load_address>0x24f0</load_address>
         <run_address>0x24f0</run_address>
         <size>0x198</size>
         <input_file_ref idref="fl-2"/>
      </object_component>
      <object_component id="oc-ec">
         <name>.text</name>
         <load_address>0x2688</load_address>
         <run_address>0x2688</run_address>
         <size>0x192</size>
         <input_file_ref idref="fl-e"/>
      </object_component>
      <object_component id="oc-309">
         <name>.text:_pconv_e</name>
         <load_address>0x281c</load_address>
         <run_address>0x281c</run_address>
         <size>0x13c</size>
         <input_file_ref idref="fl-d0"/>
      </object_component>
      <object_component id="oc-f6">
         <name>.text</name>
         <load_address>0x2958</load_address>
         <run_address>0x2958</run_address>
         <size>0x136</size>
         <input_file_ref idref="fl-d8"/>
      </object_component>
      <object_component id="oc-11f">
         <name>.text:GPIOPadConfigSet</name>
         <load_address>0x2a8e</load_address>
         <run_address>0x2a8e</run_address>
         <size>0x132</size>
         <input_file_ref idref="fl-15"/>
      </object_component>
      <object_component id="oc-e7">
         <name>.text</name>
         <load_address>0x2bc0</load_address>
         <run_address>0x2bc0</run_address>
         <size>0x128</size>
         <input_file_ref idref="fl-f"/>
      </object_component>
      <object_component id="oc-452">
         <name>.text:fcvt</name>
         <load_address>0x2ce8</load_address>
         <run_address>0x2ce8</run_address>
         <size>0x124</size>
         <input_file_ref idref="fl-d0"/>
      </object_component>
      <object_component id="oc-e1">
         <name>.text</name>
         <load_address>0x2e0c</load_address>
         <run_address>0x2e0c</run_address>
         <size>0x124</size>
         <input_file_ref idref="fl-6"/>
      </object_component>
      <object_component id="oc-33d">
         <name>.text:fputs</name>
         <load_address>0x2f30</load_address>
         <run_address>0x2f30</run_address>
         <size>0x114</size>
         <input_file_ref idref="fl-d3"/>
      </object_component>
      <object_component id="oc-131">
         <name>.text:SysCtlClockGet</name>
         <load_address>0x3044</load_address>
         <run_address>0x3044</run_address>
         <size>0x110</size>
         <input_file_ref idref="fl-17"/>
      </object_component>
      <object_component id="oc-29f">
         <name>.text:_openfile</name>
         <load_address>0x3154</load_address>
         <run_address>0x3154</run_address>
         <size>0x110</size>
         <input_file_ref idref="fl-d1"/>
      </object_component>
      <object_component id="oc-466">
         <name>.text:scalbn</name>
         <load_address>0x3264</load_address>
         <run_address>0x3264</run_address>
         <size>0x110</size>
         <input_file_ref idref="fl-f7"/>
      </object_component>
      <object_component id="oc-409">
         <name>.text:aligned_alloc</name>
         <load_address>0x3374</load_address>
         <run_address>0x3374</run_address>
         <size>0x100</size>
         <input_file_ref idref="fl-ec"/>
      </object_component>
      <object_component id="oc-426">
         <name>.text</name>
         <load_address>0x3474</load_address>
         <run_address>0x3474</run_address>
         <size>0xfc</size>
         <input_file_ref idref="fl-d9"/>
      </object_component>
      <object_component id="oc-2b2">
         <name>.text:free</name>
         <load_address>0x3570</load_address>
         <run_address>0x3570</run_address>
         <size>0xe4</size>
         <input_file_ref idref="fl-ec"/>
      </object_component>
      <object_component id="oc-1b0">
         <name>.text:setvbuf</name>
         <load_address>0x3654</load_address>
         <run_address>0x3654</run_address>
         <size>0xdc</size>
         <input_file_ref idref="fl-d5"/>
      </object_component>
      <object_component id="oc-3dc">
         <name>.text:open</name>
         <load_address>0x3730</load_address>
         <run_address>0x3730</run_address>
         <size>0xbc</size>
         <input_file_ref idref="fl-f2"/>
      </object_component>
      <object_component id="oc-19e">
         <name>.text:add_device</name>
         <load_address>0x37ec</load_address>
         <run_address>0x37ec</run_address>
         <size>0xb8</size>
         <input_file_ref idref="fl-f3"/>
      </object_component>
      <object_component id="oc-2f2">
         <name>.text:_ltostr</name>
         <load_address>0x38a4</load_address>
         <run_address>0x38a4</run_address>
         <size>0xb1</size>
         <input_file_ref idref="fl-d0"/>
      </object_component>
      <object_component id="oc-1a4">
         <name>.text:fopen</name>
         <load_address>0x3958</load_address>
         <run_address>0x3958</run_address>
         <size>0x9c</size>
         <input_file_ref idref="fl-d1"/>
      </object_component>
      <object_component id="oc-3e">
         <name>.text</name>
         <load_address>0x39f4</load_address>
         <run_address>0x39f4</run_address>
         <size>0x9c</size>
         <input_file_ref idref="fl-dd"/>
      </object_component>
      <object_component id="oc-41f">
         <name>.text</name>
         <load_address>0x3a90</load_address>
         <run_address>0x3a90</run_address>
         <size>0x96</size>
         <input_file_ref idref="fl-e0"/>
      </object_component>
      <object_component id="oc-344">
         <name>.text:fputc</name>
         <load_address>0x3b28</load_address>
         <run_address>0x3b28</run_address>
         <size>0x8c</size>
         <input_file_ref idref="fl-d2"/>
      </object_component>
      <object_component id="oc-2f8">
         <name>.text:__aeabi_cdcmple</name>
         <load_address>0x3bb4</load_address>
         <run_address>0x3bb4</run_address>
         <size>0x86</size>
         <input_file_ref idref="fl-d7"/>
      </object_component>
      <object_component id="oc-42b">
         <name>.text:__aeabi_cdrcmple</name>
         <load_address>0x3c3a</load_address>
         <run_address>0x3c3a</run_address>
         <size>0x86</size>
         <input_file_ref idref="fl-d7"/>
      </object_component>
      <object_component id="oc-96">
         <name>.text</name>
         <load_address>0x3cc0</load_address>
         <run_address>0x3cc0</run_address>
         <size>0x7a</size>
         <input_file_ref idref="fl-de"/>
      </object_component>
      <object_component id="oc-2ab">
         <name>.text:__TI_closefile</name>
         <load_address>0x3d3c</load_address>
         <run_address>0x3d3c</run_address>
         <size>0x74</size>
         <input_file_ref idref="fl-f8"/>
      </object_component>
      <object_component id="oc-4fd">
         <name>.text:split</name>
         <load_address>0x3db0</load_address>
         <run_address>0x3db0</run_address>
         <size>0x70</size>
         <input_file_ref idref="fl-ec"/>
      </object_component>
      <object_component id="oc-44b">
         <name>.text:_mcpy</name>
         <load_address>0x3e20</load_address>
         <run_address>0x3e20</run_address>
         <size>0x6e</size>
         <input_file_ref idref="fl-d0"/>
      </object_component>
      <object_component id="oc-3c7">
         <name>.text:HOSTrename</name>
         <load_address>0x3e90</load_address>
         <run_address>0x3e90</run_address>
         <size>0x6c</size>
         <input_file_ref idref="fl-107"/>
      </object_component>
      <object_component id="oc-3bb">
         <name>.text:HOSTlseek</name>
         <load_address>0x3efc</load_address>
         <run_address>0x3efc</run_address>
         <size>0x68</size>
         <input_file_ref idref="fl-104"/>
      </object_component>
      <object_component id="oc-15">
         <name>.text:decompress:lzss:__TI_decompress_lzss</name>
         <load_address>0x3f64</load_address>
         <run_address>0x3f64</run_address>
         <size>0x68</size>
         <input_file_ref idref="fl-e3"/>
      </object_component>
      <object_component id="oc-fb">
         <name>.text:printf</name>
         <load_address>0x3fcc</load_address>
         <run_address>0x3fcc</run_address>
         <size>0x68</size>
         <input_file_ref idref="fl-cf"/>
      </object_component>
      <object_component id="oc-460">
         <name>.text:frexp</name>
         <load_address>0x4034</load_address>
         <run_address>0x4034</run_address>
         <size>0x64</size>
         <input_file_ref idref="fl-f6"/>
      </object_component>
      <object_component id="oc-53c">
         <name>.text:fseek</name>
         <load_address>0x4098</load_address>
         <run_address>0x4098</run_address>
         <size>0x64</size>
         <input_file_ref idref="fl-fa"/>
      </object_component>
      <object_component id="oc-490">
         <name>.text:__TI_wrt_ok</name>
         <load_address>0x40fc</load_address>
         <run_address>0x40fc</run_address>
         <size>0x62</size>
         <input_file_ref idref="fl-d4"/>
      </object_component>
      <object_component id="oc-3a3">
         <name>.text:HOSTopen</name>
         <load_address>0x4160</load_address>
         <run_address>0x4160</run_address>
         <size>0x60</size>
         <input_file_ref idref="fl-105"/>
      </object_component>
      <object_component id="oc-3ed">
         <name>.text:close</name>
         <load_address>0x41c0</load_address>
         <run_address>0x41c0</run_address>
         <size>0x5c</size>
         <input_file_ref idref="fl-10d"/>
      </object_component>
      <object_component id="oc-3af">
         <name>.text:HOSTread</name>
         <load_address>0x421c</load_address>
         <run_address>0x421c</run_address>
         <size>0x58</size>
         <input_file_ref idref="fl-106"/>
      </object_component>
      <object_component id="oc-3b5">
         <name>.text:HOSTwrite</name>
         <load_address>0x4274</load_address>
         <run_address>0x4274</run_address>
         <size>0x58</size>
         <input_file_ref idref="fl-109"/>
      </object_component>
      <object_component id="oc-303">
         <name>.text:_pconv_f</name>
         <load_address>0x42cc</load_address>
         <run_address>0x42cc</run_address>
         <size>0x56</size>
         <input_file_ref idref="fl-d0"/>
      </object_component>
      <object_component id="oc-435">
         <name>.text:__TI_ltoa</name>
         <load_address>0x4322</load_address>
         <run_address>0x4322</run_address>
         <size>0x54</size>
         <input_file_ref idref="fl-e6"/>
      </object_component>
      <object_component id="oc-445">
         <name>.text:_ecpy</name>
         <load_address>0x4376</load_address>
         <run_address>0x4376</run_address>
         <size>0x52</size>
         <input_file_ref idref="fl-d0"/>
      </object_component>
      <object_component id="oc-3e7">
         <name>.text:__TI_doflush</name>
         <load_address>0x43c8</load_address>
         <run_address>0x43c8</run_address>
         <size>0x4c</size>
         <input_file_ref idref="fl-f9"/>
      </object_component>
      <object_component id="oc-2ec">
         <name>.text:atoi</name>
         <load_address>0x4414</load_address>
         <run_address>0x4414</run_address>
         <size>0x4c</size>
         <input_file_ref idref="fl-e7"/>
      </object_component>
      <object_component id="oc-12b">
         <name>.text:GPIOPinConfigure</name>
         <load_address>0x4460</load_address>
         <run_address>0x4460</run_address>
         <size>0x48</size>
         <input_file_ref idref="fl-15"/>
      </object_component>
      <object_component id="oc-213">
         <name>.text:_SysCtlFrequencyGet</name>
         <load_address>0x44a8</load_address>
         <run_address>0x44a8</run_address>
         <size>0x48</size>
         <input_file_ref idref="fl-17"/>
      </object_component>
      <object_component id="oc-15e">
         <name>.text:exit</name>
         <load_address>0x44f0</load_address>
         <run_address>0x44f0</run_address>
         <size>0x48</size>
         <input_file_ref idref="fl-e4"/>
      </object_component>
      <object_component id="oc-430">
         <name>.text</name>
         <load_address>0x4538</load_address>
         <run_address>0x4538</run_address>
         <size>0x48</size>
         <input_file_ref idref="fl-da"/>
      </object_component>
      <object_component id="oc-137">
         <name>.text:UARTConfigSetExpClk</name>
         <load_address>0x4580</load_address>
         <run_address>0x4580</run_address>
         <size>0x46</size>
         <input_file_ref idref="fl-18"/>
      </object_component>
      <object_component id="oc-3a9">
         <name>.text:HOSTclose</name>
         <load_address>0x45c8</load_address>
         <run_address>0x45c8</run_address>
         <size>0x44</size>
         <input_file_ref idref="fl-103"/>
      </object_component>
      <object_component id="oc-3c1">
         <name>.text:HOSTunlink</name>
         <load_address>0x460c</load_address>
         <run_address>0x460c</run_address>
         <size>0x44</size>
         <input_file_ref idref="fl-108"/>
      </object_component>
      <object_component id="oc-164">
         <name>.text:__TI_auto_init_nobinit_nopinit:__TI_auto_init_nobinit_nopinit</name>
         <load_address>0x4650</load_address>
         <run_address>0x4650</run_address>
         <size>0x44</size>
         <input_file_ref idref="fl-fd"/>
      </object_component>
      <object_component id="oc-4e4">
         <name>.text:getdevice</name>
         <load_address>0x4694</load_address>
         <run_address>0x4694</run_address>
         <size>0x44</size>
         <input_file_ref idref="fl-fb"/>
      </object_component>
      <object_component id="oc-25f">
         <name>.text</name>
         <load_address>0x46d8</load_address>
         <run_address>0x46d8</run_address>
         <size>0x40</size>
         <input_file_ref idref="fl-df"/>
      </object_component>
      <object_component id="oc-458">
         <name>.text:_fcpy</name>
         <load_address>0x4718</load_address>
         <run_address>0x4718</run_address>
         <size>0x3e</size>
         <input_file_ref idref="fl-d0"/>
      </object_component>
      <object_component id="oc-244">
         <name>.text:SysCtlPeripheralPresent</name>
         <load_address>0x4758</load_address>
         <run_address>0x4758</run_address>
         <size>0x38</size>
         <input_file_ref idref="fl-17"/>
      </object_component>
      <object_component id="oc-10d">
         <name>.text:SysCtlPeripheralReady</name>
         <load_address>0x4790</load_address>
         <run_address>0x4790</run_address>
         <size>0x38</size>
         <input_file_ref idref="fl-17"/>
      </object_component>
      <object_component id="oc-4bb">
         <name>.text:__TI_writemsg</name>
         <load_address>0x47c8</load_address>
         <run_address>0x47c8</run_address>
         <size>0x38</size>
         <input_file_ref idref="fl-10a"/>
      </object_component>
      <object_component id="oc-f1">
         <name>.text</name>
         <load_address>0x4800</load_address>
         <run_address>0x4800</run_address>
         <size>0x38</size>
         <input_file_ref idref="fl-db"/>
      </object_component>
      <object_component id="oc-293">
         <name>.text:strncpy</name>
         <load_address>0x4838</load_address>
         <run_address>0x4838</run_address>
         <size>0x36</size>
         <input_file_ref idref="fl-102"/>
      </object_component>
      <object_component id="oc-107">
         <name>.text:SysCtlPeripheralEnable</name>
         <load_address>0x4870</load_address>
         <run_address>0x4870</run_address>
         <size>0x34</size>
         <input_file_ref idref="fl-17"/>
      </object_component>
      <object_component id="oc-2be">
         <name>.text:__TI_cleanup</name>
         <load_address>0x48a4</load_address>
         <run_address>0x48a4</run_address>
         <size>0x34</size>
         <input_file_ref idref="fl-d1"/>
      </object_component>
      <object_component id="oc-4c1">
         <name>.text:__TI_readmsg</name>
         <load_address>0x48d8</load_address>
         <run_address>0x48d8</run_address>
         <size>0x34</size>
         <input_file_ref idref="fl-10a"/>
      </object_component>
      <object_component id="oc-5c">
         <name>.text:_c_int00_noargs:_c_int00_noargs</name>
         <load_address>0x490c</load_address>
         <run_address>0x490c</run_address>
         <size>0x34</size>
         <input_file_ref idref="fl-ef"/>
      </object_component>
      <object_component id="oc-1aa">
         <name>.text:freopen</name>
         <load_address>0x4940</load_address>
         <run_address>0x4940</run_address>
         <size>0x34</size>
         <input_file_ref idref="fl-d1"/>
      </object_component>
      <object_component id="oc-28d">
         <name>.text:finddevice</name>
         <load_address>0x4974</load_address>
         <run_address>0x4974</run_address>
         <size>0x30</size>
         <input_file_ref idref="fl-fb"/>
      </object_component>
      <object_component id="oc-43b">
         <name>.text</name>
         <load_address>0x49a4</load_address>
         <run_address>0x49a4</run_address>
         <size>0x2e</size>
         <input_file_ref idref="fl-dc"/>
      </object_component>
      <object_component id="oc-3f3">
         <name>.text:unlink</name>
         <load_address>0x49d4</load_address>
         <run_address>0x49d4</run_address>
         <size>0x2c</size>
         <input_file_ref idref="fl-110"/>
      </object_component>
      <object_component id="oc-22b">
         <name>.text:GPIODirModeSet</name>
         <load_address>0x4a00</load_address>
         <run_address>0x4a00</run_address>
         <size>0x2a</size>
         <input_file_ref idref="fl-15"/>
      </object_component>
      <object_component id="oc-402">
         <name>.text:free_list_insert</name>
         <load_address>0x4a2c</load_address>
         <run_address>0x4a2c</run_address>
         <size>0x28</size>
         <input_file_ref idref="fl-ec"/>
      </object_component>
      <object_component id="oc-581">
         <name>.text:lseek</name>
         <load_address>0x4a54</load_address>
         <run_address>0x4a54</run_address>
         <size>0x28</size>
         <input_file_ref idref="fl-10c"/>
      </object_component>
      <object_component id="oc-49c">
         <name>.text:write</name>
         <load_address>0x4a7c</load_address>
         <run_address>0x4a7c</run_address>
         <size>0x28</size>
         <input_file_ref idref="fl-f0"/>
      </object_component>
      <object_component id="oc-23b">
         <name>.text:UARTDisable</name>
         <load_address>0x4aa4</load_address>
         <run_address>0x4aa4</run_address>
         <size>0x20</size>
         <input_file_ref idref="fl-18"/>
      </object_component>
      <object_component id="oc-20d">
         <name>.text:_SysCtlMemTimingGet</name>
         <load_address>0x4ac4</load_address>
         <run_address>0x4ac4</run_address>
         <size>0x20</size>
         <input_file_ref idref="fl-17"/>
      </object_component>
      <object_component id="oc-496">
         <name>.text:memchr</name>
         <load_address>0x4ae4</load_address>
         <run_address>0x4ae4</run_address>
         <size>0x20</size>
         <input_file_ref idref="fl-eb"/>
      </object_component>
      <object_component id="oc-3fc">
         <name>.text:free_list_remove</name>
         <load_address>0x4b04</load_address>
         <run_address>0x4b04</run_address>
         <size>0x1c</size>
         <input_file_ref idref="fl-ec"/>
      </object_component>
      <object_component id="oc-315">
         <name>.text:memccpy</name>
         <load_address>0x4b20</load_address>
         <run_address>0x4b20</run_address>
         <size>0x1c</size>
         <input_file_ref idref="fl-ea"/>
      </object_component>
      <object_component id="oc-520">
         <name>.text:copysign</name>
         <load_address>0x4b3c</load_address>
         <run_address>0x4b3c</run_address>
         <size>0x1a</size>
         <input_file_ref idref="fl-10e"/>
      </object_component>
      <object_component id="oc-113">
         <name>.text:GPIOPinTypeGPIOOutput</name>
         <load_address>0x4b56</load_address>
         <run_address>0x4b56</run_address>
         <size>0x18</size>
         <input_file_ref idref="fl-15"/>
      </object_component>
      <object_component id="oc-399">
         <name>.text:strcmp</name>
         <load_address>0x4b6e</load_address>
         <run_address>0x4b6e</run_address>
         <size>0x18</size>
         <input_file_ref idref="fl-101"/>
      </object_component>
      <object_component id="oc-46c">
         <name>.text:strchr</name>
         <load_address>0x4b86</load_address>
         <run_address>0x4b86</run_address>
         <size>0x16</size>
         <input_file_ref idref="fl-ed"/>
      </object_component>
      <object_component id="oc-13d">
         <name>.text:UARTEnable</name>
         <load_address>0x4b9c</load_address>
         <run_address>0x4b9c</run_address>
         <size>0x14</size>
         <input_file_ref idref="fl-18"/>
      </object_component>
      <object_component id="oc-4d5">
         <name>.text:strcpy</name>
         <load_address>0x4bb0</load_address>
         <run_address>0x4bb0</run_address>
         <size>0x14</size>
         <input_file_ref idref="fl-10f"/>
      </object_component>
      <object_component id="oc-2e6">
         <name>.text:strlen</name>
         <load_address>0x4bc4</load_address>
         <run_address>0x4bc4</run_address>
         <size>0x14</size>
         <input_file_ref idref="fl-ee"/>
      </object_component>
      <object_component id="oc-119">
         <name>.text:GPIOPinTypeGPIOInput</name>
         <load_address>0x4bd8</load_address>
         <run_address>0x4bd8</run_address>
         <size>0x12</size>
         <input_file_ref idref="fl-15"/>
      </object_component>
      <object_component id="oc-125">
         <name>.text:GPIOPinTypeUART</name>
         <load_address>0x4bea</load_address>
         <run_address>0x4bea</run_address>
         <size>0x12</size>
         <input_file_ref idref="fl-15"/>
      </object_component>
      <object_component id="oc-31b">
         <name>.text:wcslen</name>
         <load_address>0x4bfc</load_address>
         <run_address>0x4bfc</run_address>
         <size>0x12</size>
         <input_file_ref idref="fl-f5"/>
      </object_component>
      <object_component id="oc-db">
         <name>.text:FPUEnable</name>
         <load_address>0x4c10</load_address>
         <run_address>0x4c10</run_address>
         <size>0x10</size>
         <input_file_ref idref="fl-14"/>
      </object_component>
      <object_component id="oc-1b">
         <name>.text:decompress:none:__TI_decompress_none</name>
         <load_address>0x4c20</load_address>
         <run_address>0x4c20</run_address>
         <size>0xe</size>
         <input_file_ref idref="fl-e2"/>
      </object_component>
      <object_component id="oc-50">
         <name>.text:decompress:ZI:__TI_zero_init</name>
         <load_address>0x4c2e</load_address>
         <run_address>0x4c2e</run_address>
         <size>0xc</size>
         <input_file_ref idref="fl-e1"/>
      </object_component>
      <object_component id="oc-2a">
         <name>.text</name>
         <load_address>0x4c3a</load_address>
         <run_address>0x4c3a</run_address>
         <size>0xc</size>
         <input_file_ref idref="fl-3"/>
      </object_component>
      <object_component id="oc-250">
         <name>.text:UARTCharGet</name>
         <load_address>0x4c46</load_address>
         <run_address>0x4c46</run_address>
         <size>0xa</size>
         <input_file_ref idref="fl-18"/>
      </object_component>
      <object_component id="oc-24a">
         <name>.text:UARTCharPut</name>
         <load_address>0x4c50</load_address>
         <run_address>0x4c50</run_address>
         <size>0xa</size>
         <input_file_ref idref="fl-18"/>
      </object_component>
      <object_component id="oc-321">
         <name>.text:__aeabi_errno_addr</name>
         <load_address>0x4c5c</load_address>
         <run_address>0x4c5c</run_address>
         <size>0x8</size>
         <input_file_ref idref="fl-f4"/>
      </object_component>
      <object_component id="oc-2b8">
         <name>.text:malloc</name>
         <load_address>0x4c64</load_address>
         <run_address>0x4c64</run_address>
         <size>0x8</size>
         <input_file_ref idref="fl-ec"/>
      </object_component>
      <object_component id="oc-200">
         <name>.text:_outc</name>
         <load_address>0x4c6c</load_address>
         <run_address>0x4c6c</run_address>
         <size>0x4</size>
         <input_file_ref idref="fl-cf"/>
      </object_component>
      <object_component id="oc-1fa">
         <name>.text:_outs</name>
         <load_address>0x4c70</load_address>
         <run_address>0x4c70</run_address>
         <size>0x4</size>
         <input_file_ref idref="fl-cf"/>
      </object_component>
      <object_component id="oc-9c">
         <name>.text:_system_pre_init</name>
         <load_address>0x4c74</load_address>
         <run_address>0x4c74</run_address>
         <size>0x4</size>
         <input_file_ref idref="fl-fe"/>
      </object_component>
      <object_component id="oc-158">
         <name>.text:abort:abort</name>
         <load_address>0x4c78</load_address>
         <run_address>0x4c78</run_address>
         <size>0x4</size>
         <input_file_ref idref="fl-e4"/>
      </object_component>
      <object_component id="oc-5d1">
         <name>.tramp.arm_bitreversal_32.1</name>
         <load_address>0x4c7c</load_address>
         <run_address>0x4c7c</run_address>
         <size>0x8</size>
         <input_file_ref idref="fl-13"/>
      </object_component>
      <object_component id="oc-21c">
         <name>.const:g_pppui32XTALtoVCO</name>
         <load_address>0x4c84</load_address>
         <run_address>0x4c84</run_address>
         <size>0x120</size>
         <input_file_ref idref="fl-17"/>
      </object_component>
      <object_component id="oc-41a">
         <name>.const:.string:_ctypes_</name>
         <load_address>0x4da4</load_address>
         <run_address>0x4da4</run_address>
         <size>0x101</size>
         <input_file_ref idref="fl-e8"/>
      </object_component>
      <object_component id="oc-236">
         <name>.const:g_pui32GPIOBaseAddrs</name>
         <load_address>0x4ea8</load_address>
         <run_address>0x4ea8</run_address>
         <size>0x90</size>
         <input_file_ref idref="fl-15"/>
      </object_component>
      <object_component id="oc-219">
         <name>.const:g_pui32Xtals</name>
         <load_address>0x4f38</load_address>
         <run_address>0x4f38</run_address>
         <size>0x6c</size>
         <input_file_ref idref="fl-17"/>
      </object_component>
      <object_component id="oc-352">
         <name>.const:g_sXTALtoMEMTIM</name>
         <load_address>0x4fa4</load_address>
         <run_address>0x4fa4</run_address>
         <size>0x30</size>
         <input_file_ref idref="fl-17"/>
      </object_component>
      <object_component id="oc-37b">
         <name>.const:.string</name>
         <load_address>0x4fd4</load_address>
         <run_address>0x4fd4</run_address>
         <size>0x12</size>
         <input_file_ref idref="fl-4"/>
      </object_component>
      <object_component id="oc-25c">
         <name>.const:g_ui32UARTBase</name>
         <load_address>0x4fe8</load_address>
         <run_address>0x4fe8</run_address>
         <size>0xc</size>
         <input_file_ref idref="fl-4"/>
      </object_component>
      <object_component id="oc-256">
         <name>.const:g_ui32UARTPeriph</name>
         <load_address>0x4ff4</load_address>
         <run_address>0x4ff4</run_address>
         <size>0xc</size>
         <input_file_ref idref="fl-4"/>
      </object_component>
      <object_component id="oc-21f">
         <name>.const</name>
         <load_address>0x5000</load_address>
         <run_address>0x5000</run_address>
         <size>0x8</size>
         <input_file_ref idref="fl-17"/>
      </object_component>
      <object_component id="oc-264">
         <name>.const</name>
         <load_address>0x5008</load_address>
         <run_address>0x5008</run_address>
         <size>0x4</size>
         <input_file_ref idref="fl-4"/>
      </object_component>
      <object_component id="oc-5cc">
         <name>.cinit..data.load</name>
         <load_address>0x18528</load_address>
         <run_address>0x18528</run_address>
         <size>0x45b</size>
      </object_component>
      <object_component id="oc-5ca">
         <name>__TI_handler_table</name>
         <load_address>0x18984</load_address>
         <run_address>0x18984</run_address>
         <size>0xc</size>
      </object_component>
      <object_component id="oc-5cd">
         <name>.cinit..bss.load</name>
         <load_address>0x18990</load_address>
         <run_address>0x18990</run_address>
         <size>0x8</size>
      </object_component>
      <object_component id="oc-5cb">
         <name>__TI_cinit_table</name>
         <load_address>0x18998</load_address>
         <run_address>0x18998</run_address>
         <size>0x10</size>
      </object_component>
      <object_component id="oc-149">
         <name>.data</name>
         <load_address>0x200009d4</load_address>
         <run_address>0x200009d4</run_address>
         <size>0xc</size>
         <input_file_ref idref="fl-2"/>
      </object_component>
      <object_component id="oc-259">
         <name>.data</name>
         <load_address>0x200009f0</load_address>
         <run_address>0x200009f0</run_address>
         <size>0x5</size>
         <input_file_ref idref="fl-4"/>
      </object_component>
      <object_component id="oc-14c">
         <name>.data:FFT_signal</name>
         <load_address>0x20000000</load_address>
         <run_address>0x20000000</run_address>
         <size>0x800</size>
         <input_file_ref idref="fl-5"/>
      </object_component>
      <object_component id="oc-2a5">
         <name>.data</name>
         <load_address>0x20000a00</load_address>
         <run_address>0x20000a00</run_address>
         <size>0x4</size>
         <input_file_ref idref="fl-d1"/>
      </object_component>
      <object_component id="oc-271">
         <name>.data:$O1$$</name>
         <load_address>0x200009c8</load_address>
         <run_address>0x200009c8</run_address>
         <size>0xc</size>
         <input_file_ref idref="fl-e4"/>
      </object_component>
      <object_component id="oc-1f7">
         <name>.data:$O1$$</name>
         <load_address>0x200009e0</load_address>
         <run_address>0x200009e0</run_address>
         <size>0x8</size>
         <input_file_ref idref="fl-e5"/>
      </object_component>
      <object_component id="oc-1b6">
         <name>.data:_ftable</name>
         <load_address>0x20000800</load_address>
         <run_address>0x20000800</run_address>
         <size>0xf0</size>
         <input_file_ref idref="fl-e9"/>
      </object_component>
      <object_component id="oc-2a6">
         <name>.data</name>
         <load_address>0x200009b8</load_address>
         <run_address>0x200009b8</run_address>
         <size>0x10</size>
         <input_file_ref idref="fl-e9"/>
      </object_component>
      <object_component id="oc-4f8">
         <name>.data:$O1$$</name>
         <load_address>0x200009e8</load_address>
         <run_address>0x200009e8</run_address>
         <size>0x8</size>
         <input_file_ref idref="fl-ec"/>
      </object_component>
      <object_component id="oc-29a">
         <name>.data:_device</name>
         <load_address>0x200008f0</load_address>
         <run_address>0x200008f0</run_address>
         <size>0x78</size>
         <input_file_ref idref="fl-f1"/>
      </object_component>
      <object_component id="oc-4eb">
         <name>.data:_stream</name>
         <load_address>0x20000968</load_address>
         <run_address>0x20000968</run_address>
         <size>0x50</size>
         <input_file_ref idref="fl-f1"/>
      </object_component>
      <object_component id="oc-4ea">
         <name>.data</name>
         <load_address>0x20000a04</load_address>
         <run_address>0x20000a04</run_address>
         <size>0x4</size>
         <input_file_ref idref="fl-f2"/>
      </object_component>
      <object_component id="oc-299">
         <name>.data</name>
         <load_address>0x200009f8</load_address>
         <run_address>0x200009f8</run_address>
         <size>0x4</size>
         <input_file_ref idref="fl-f3"/>
      </object_component>
      <object_component id="oc-47c">
         <name>.data</name>
         <load_address>0x200009fc</load_address>
         <run_address>0x200009fc</run_address>
         <size>0x4</size>
         <input_file_ref idref="fl-f4"/>
      </object_component>
      <object_component id="oc-14f">
         <name>.bss:outputFFT</name>
         <uninitialized>true</uninitialized>
         <run_address>0x20000a08</run_address>
         <size>0x400</size>
         <input_file_ref idref="fl-2"/>
      </object_component>
      <object_component id="oc-54d">
         <name>.bss:_CIOBUF_</name>
         <uninitialized>true</uninitialized>
         <run_address>0x20000e08</run_address>
         <size>0x120</size>
         <input_file_ref idref="fl-10a"/>
      </object_component>
      <object_component id="oc-3f9">
         <name>.common:__TI_tmpnams</name>
         <uninitialized>true</uninitialized>
         <run_address>0x20000f28</run_address>
         <size>0xa0</size>
      </object_component>
      <object_component id="oc-4c7">
         <name>.common:parmbuf</name>
         <uninitialized>true</uninitialized>
         <run_address>0x20000fc8</run_address>
         <size>0x8</size>
      </object_component>
      <object_component id="oc-24">
         <name>.sysmem</name>
         <uninitialized>true</uninitialized>
         <run_address>0x20000fd0</run_address>
         <size>0x10</size>
         <input_file_ref idref="fl-ec"/>
      </object_component>
      <object_component id="oc-5d0">
         <name>.sysmem</name>
         <uninitialized>true</uninitialized>
         <run_address>0x20000fd0</run_address>
         <size>0x0</size>
      </object_component>
      <object_component id="oc-27">
         <name>.stack</name>
         <uninitialized>true</uninitialized>
         <run_address>0x200013d0</run_address>
         <size>0x4</size>
         <input_file_ref idref="fl-ef"/>
      </object_component>
      <object_component id="oc-5cf">
         <name>.stack</name>
         <uninitialized>true</uninitialized>
         <run_address>0x200013d0</run_address>
         <size>0x0</size>
      </object_component>
      <object_component id="oc-ca">
         <name>.debug_info</name>
         <load_address>0x0</load_address>
         <run_address>0x0</run_address>
         <size>0x723</size>
         <input_file_ref idref="fl-2"/>
      </object_component>
      <object_component id="oc-150">
         <name>.debug_info</name>
         <load_address>0x723</load_address>
         <run_address>0x723</run_address>
         <size>0xd5</size>
         <input_file_ref idref="fl-2"/>
      </object_component>
      <object_component id="oc-14a">
         <name>.debug_info</name>
         <load_address>0x7f8</load_address>
         <run_address>0x7f8</run_address>
         <size>0x11c</size>
         <input_file_ref idref="fl-2"/>
      </object_component>
      <object_component id="oc-a6">
         <name>.debug_info</name>
         <load_address>0x914</load_address>
         <run_address>0x914</run_address>
         <size>0x4f4</size>
         <input_file_ref idref="fl-2"/>
      </object_component>
      <object_component id="oc-153">
         <name>.debug_info</name>
         <load_address>0xe08</load_address>
         <run_address>0xe08</run_address>
         <size>0x1ea6</size>
         <input_file_ref idref="fl-2"/>
      </object_component>
      <object_component id="oc-77">
         <name>.debug_info</name>
         <load_address>0x2cae</load_address>
         <run_address>0x2cae</run_address>
         <size>0x26b</size>
         <input_file_ref idref="fl-2"/>
      </object_component>
      <object_component id="oc-c5">
         <name>.debug_info</name>
         <load_address>0x2f19</load_address>
         <run_address>0x2f19</run_address>
         <size>0x8b</size>
         <input_file_ref idref="fl-2"/>
      </object_component>
      <object_component id="oc-c0">
         <name>.debug_info</name>
         <load_address>0x2fa4</load_address>
         <run_address>0x2fa4</run_address>
         <size>0x2a4</size>
         <input_file_ref idref="fl-2"/>
      </object_component>
      <object_component id="oc-7c">
         <name>.debug_info</name>
         <load_address>0x3248</load_address>
         <run_address>0x3248</run_address>
         <size>0xbb</size>
         <input_file_ref idref="fl-2"/>
      </object_component>
      <object_component id="oc-2d1">
         <name>.debug_info</name>
         <load_address>0x3303</load_address>
         <run_address>0x3303</run_address>
         <size>0xcc</size>
         <input_file_ref idref="fl-2"/>
      </object_component>
      <object_component id="oc-1bb">
         <name>.debug_info</name>
         <load_address>0x33cf</load_address>
         <run_address>0x33cf</run_address>
         <size>0x2c</size>
         <input_file_ref idref="fl-2"/>
      </object_component>
      <object_component id="oc-208">
         <name>.debug_info</name>
         <load_address>0x33fb</load_address>
         <run_address>0x33fb</run_address>
         <size>0x2c</size>
         <input_file_ref idref="fl-2"/>
      </object_component>
      <object_component id="oc-198">
         <name>.debug_info</name>
         <load_address>0x3427</load_address>
         <run_address>0x3427</run_address>
         <size>0x35</size>
         <input_file_ref idref="fl-2"/>
      </object_component>
      <object_component id="oc-32">
         <name>.debug_info</name>
         <load_address>0x345c</load_address>
         <run_address>0x345c</run_address>
         <size>0x2b2</size>
         <input_file_ref idref="fl-3"/>
      </object_component>
      <object_component id="oc-13">
         <name>.debug_info</name>
         <load_address>0x370e</load_address>
         <run_address>0x370e</run_address>
         <size>0xf1</size>
         <input_file_ref idref="fl-3"/>
      </object_component>
      <object_component id="oc-2e">
         <name>.debug_info</name>
         <load_address>0x37ff</load_address>
         <run_address>0x37ff</run_address>
         <size>0x270</size>
         <input_file_ref idref="fl-3"/>
      </object_component>
      <object_component id="oc-39">
         <name>.debug_info</name>
         <load_address>0x3a6f</load_address>
         <run_address>0x3a6f</run_address>
         <size>0x84</size>
         <input_file_ref idref="fl-3"/>
      </object_component>
      <object_component id="oc-268">
         <name>.debug_info</name>
         <load_address>0x3af3</load_address>
         <run_address>0x3af3</run_address>
         <size>0x40a</size>
         <input_file_ref idref="fl-4"/>
      </object_component>
      <object_component id="oc-25a">
         <name>.debug_info</name>
         <load_address>0x3efd</load_address>
         <run_address>0x3efd</run_address>
         <size>0x101</size>
         <input_file_ref idref="fl-4"/>
      </object_component>
      <object_component id="oc-265">
         <name>.debug_info</name>
         <load_address>0x3ffe</load_address>
         <run_address>0x3ffe</run_address>
         <size>0xfb</size>
         <input_file_ref idref="fl-4"/>
      </object_component>
      <object_component id="oc-25d">
         <name>.debug_info</name>
         <load_address>0x40f9</load_address>
         <run_address>0x40f9</run_address>
         <size>0x109</size>
         <input_file_ref idref="fl-4"/>
      </object_component>
      <object_component id="oc-257">
         <name>.debug_info</name>
         <load_address>0x4202</load_address>
         <run_address>0x4202</run_address>
         <size>0x10d</size>
         <input_file_ref idref="fl-4"/>
      </object_component>
      <object_component id="oc-147">
         <name>.debug_info</name>
         <load_address>0x430f</load_address>
         <run_address>0x430f</run_address>
         <size>0x966</size>
         <input_file_ref idref="fl-4"/>
      </object_component>
      <object_component id="oc-26d">
         <name>.debug_info</name>
         <load_address>0x4c75</load_address>
         <run_address>0x4c75</run_address>
         <size>0x36e</size>
         <input_file_ref idref="fl-5"/>
      </object_component>
      <object_component id="oc-14d">
         <name>.debug_info</name>
         <load_address>0x4fe3</load_address>
         <run_address>0x4fe3</run_address>
         <size>0xe3</size>
         <input_file_ref idref="fl-5"/>
      </object_component>
      <object_component id="oc-d2">
         <name>.debug_info</name>
         <load_address>0x50c6</load_address>
         <run_address>0x50c6</run_address>
         <size>0x2c</size>
         <input_file_ref idref="fl-5"/>
      </object_component>
      <object_component id="oc-1ba">
         <name>.debug_info</name>
         <load_address>0x50f2</load_address>
         <run_address>0x50f2</run_address>
         <size>0x4b9</size>
         <input_file_ref idref="fl-6"/>
      </object_component>
      <object_component id="oc-e2">
         <name>.debug_info</name>
         <load_address>0x55ab</load_address>
         <run_address>0x55ab</run_address>
         <size>0x750</size>
         <input_file_ref idref="fl-6"/>
      </object_component>
      <object_component id="oc-ed">
         <name>.debug_info</name>
         <load_address>0x5cfb</load_address>
         <run_address>0x5cfb</run_address>
         <size>0x244</size>
         <input_file_ref idref="fl-e"/>
      </object_component>
      <object_component id="oc-1e2">
         <name>.debug_info</name>
         <load_address>0x5f3f</load_address>
         <run_address>0x5f3f</run_address>
         <size>0x2fc</size>
         <input_file_ref idref="fl-e"/>
      </object_component>
      <object_component id="oc-1db">
         <name>.debug_info</name>
         <load_address>0x623b</load_address>
         <run_address>0x623b</run_address>
         <size>0x2d3c</size>
         <input_file_ref idref="fl-e"/>
      </object_component>
      <object_component id="oc-1ea">
         <name>.debug_info</name>
         <load_address>0x8f77</load_address>
         <run_address>0x8f77</run_address>
         <size>0x254</size>
         <input_file_ref idref="fl-e"/>
      </object_component>
      <object_component id="oc-e9">
         <name>.debug_info</name>
         <load_address>0x91cb</load_address>
         <run_address>0x91cb</run_address>
         <size>0x140</size>
         <input_file_ref idref="fl-f"/>
      </object_component>
      <object_component id="oc-1df">
         <name>.debug_info</name>
         <load_address>0x930b</load_address>
         <run_address>0x930b</run_address>
         <size>0xc4</size>
         <input_file_ref idref="fl-f"/>
      </object_component>
      <object_component id="oc-1c1">
         <name>.debug_info</name>
         <load_address>0x93cf</load_address>
         <run_address>0x93cf</run_address>
         <size>0x87c</size>
         <input_file_ref idref="fl-10"/>
      </object_component>
      <object_component id="oc-2d6">
         <name>.debug_info</name>
         <load_address>0x9c4b</load_address>
         <run_address>0x9c4b</run_address>
         <size>0x33c</size>
         <input_file_ref idref="fl-10"/>
      </object_component>
      <object_component id="oc-1e8">
         <name>.debug_info</name>
         <load_address>0x9f87</load_address>
         <run_address>0x9f87</run_address>
         <size>0x4a0</size>
         <input_file_ref idref="fl-11"/>
      </object_component>
      <object_component id="oc-2e3">
         <name>.debug_info</name>
         <load_address>0xa427</load_address>
         <run_address>0xa427</run_address>
         <size>0xcc</size>
         <input_file_ref idref="fl-11"/>
      </object_component>
      <object_component id="oc-2da">
         <name>.debug_info</name>
         <load_address>0xa4f3</load_address>
         <run_address>0xa4f3</run_address>
         <size>0x394</size>
         <input_file_ref idref="fl-12"/>
      </object_component>
      <object_component id="oc-2e1">
         <name>.debug_info</name>
         <load_address>0xa887</load_address>
         <run_address>0xa887</run_address>
         <size>0xf0</size>
         <input_file_ref idref="fl-13"/>
      </object_component>
      <object_component id="oc-de">
         <name>.debug_info</name>
         <load_address>0xa977</load_address>
         <run_address>0xa977</run_address>
         <size>0x20d</size>
         <input_file_ref idref="fl-14"/>
      </object_component>
      <object_component id="oc-223">
         <name>.debug_info</name>
         <load_address>0xab84</load_address>
         <run_address>0xab84</run_address>
         <size>0x18b</size>
         <input_file_ref idref="fl-14"/>
      </object_component>
      <object_component id="oc-232">
         <name>.debug_info</name>
         <load_address>0xad0f</load_address>
         <run_address>0xad0f</run_address>
         <size>0x230</size>
         <input_file_ref idref="fl-15"/>
      </object_component>
      <object_component id="oc-237">
         <name>.debug_info</name>
         <load_address>0xaf3f</load_address>
         <run_address>0xaf3f</run_address>
         <size>0x15b</size>
         <input_file_ref idref="fl-15"/>
      </object_component>
      <object_component id="oc-22c">
         <name>.debug_info</name>
         <load_address>0xb09a</load_address>
         <run_address>0xb09a</run_address>
         <size>0x2b3</size>
         <input_file_ref idref="fl-15"/>
      </object_component>
      <object_component id="oc-120">
         <name>.debug_info</name>
         <load_address>0xb34d</load_address>
         <run_address>0xb34d</run_address>
         <size>0x316</size>
         <input_file_ref idref="fl-15"/>
      </object_component>
      <object_component id="oc-126">
         <name>.debug_info</name>
         <load_address>0xb663</load_address>
         <run_address>0xb663</run_address>
         <size>0x27b</size>
         <input_file_ref idref="fl-15"/>
      </object_component>
      <object_component id="oc-115">
         <name>.debug_info</name>
         <load_address>0xb8de</load_address>
         <run_address>0xb8de</run_address>
         <size>0x2b7</size>
         <input_file_ref idref="fl-15"/>
      </object_component>
      <object_component id="oc-11b">
         <name>.debug_info</name>
         <load_address>0xbb95</load_address>
         <run_address>0xbb95</run_address>
         <size>0x285</size>
         <input_file_ref idref="fl-15"/>
      </object_component>
      <object_component id="oc-12d">
         <name>.debug_info</name>
         <load_address>0xbe1a</load_address>
         <run_address>0xbe1a</run_address>
         <size>0x280</size>
         <input_file_ref idref="fl-15"/>
      </object_component>
      <object_component id="oc-228">
         <name>.debug_info</name>
         <load_address>0xc09a</load_address>
         <run_address>0xc09a</run_address>
         <size>0x27f</size>
         <input_file_ref idref="fl-17"/>
      </object_component>
      <object_component id="oc-21a">
         <name>.debug_info</name>
         <load_address>0xc319</load_address>
         <run_address>0xc319</run_address>
         <size>0x14d</size>
         <input_file_ref idref="fl-17"/>
      </object_component>
      <object_component id="oc-21d">
         <name>.debug_info</name>
         <load_address>0xc466</load_address>
         <run_address>0xc466</run_address>
         <size>0x159</size>
         <input_file_ref idref="fl-17"/>
      </object_component>
      <object_component id="oc-353">
         <name>.debug_info</name>
         <load_address>0xc5bf</load_address>
         <run_address>0xc5bf</run_address>
         <size>0x153</size>
         <input_file_ref idref="fl-17"/>
      </object_component>
      <object_component id="oc-220">
         <name>.debug_info</name>
         <load_address>0xc712</load_address>
         <run_address>0xc712</run_address>
         <size>0x160</size>
         <input_file_ref idref="fl-17"/>
      </object_component>
      <object_component id="oc-110">
         <name>.debug_info</name>
         <load_address>0xc872</load_address>
         <run_address>0xc872</run_address>
         <size>0x27f</size>
         <input_file_ref idref="fl-17"/>
      </object_component>
      <object_component id="oc-247">
         <name>.debug_info</name>
         <load_address>0xcaf1</load_address>
         <run_address>0xcaf1</run_address>
         <size>0x283</size>
         <input_file_ref idref="fl-17"/>
      </object_component>
      <object_component id="oc-10a">
         <name>.debug_info</name>
         <load_address>0xcd74</load_address>
         <run_address>0xcd74</run_address>
         <size>0x27d</size>
         <input_file_ref idref="fl-17"/>
      </object_component>
      <object_component id="oc-133">
         <name>.debug_info</name>
         <load_address>0xcff1</load_address>
         <run_address>0xcff1</run_address>
         <size>0x2b5</size>
         <input_file_ref idref="fl-17"/>
      </object_component>
      <object_component id="oc-20f">
         <name>.debug_info</name>
         <load_address>0xd2a6</load_address>
         <run_address>0xd2a6</run_address>
         <size>0x270</size>
         <input_file_ref idref="fl-17"/>
      </object_component>
      <object_component id="oc-215">
         <name>.debug_info</name>
         <load_address>0xd516</load_address>
         <run_address>0xd516</run_address>
         <size>0x2ba</size>
         <input_file_ref idref="fl-17"/>
      </object_component>
      <object_component id="oc-103">
         <name>.debug_info</name>
         <load_address>0xd7d0</load_address>
         <run_address>0xd7d0</run_address>
         <size>0x4cf</size>
         <input_file_ref idref="fl-17"/>
      </object_component>
      <object_component id="oc-35f">
         <name>.debug_info</name>
         <load_address>0xdc9f</load_address>
         <run_address>0xdc9f</run_address>
         <size>0x5f</size>
         <input_file_ref idref="fl-17"/>
      </object_component>
      <object_component id="oc-242">
         <name>.debug_info</name>
         <load_address>0xdcfe</load_address>
         <run_address>0xdcfe</run_address>
         <size>0x227</size>
         <input_file_ref idref="fl-18"/>
      </object_component>
      <object_component id="oc-13e">
         <name>.debug_info</name>
         <load_address>0xdf25</load_address>
         <run_address>0xdf25</run_address>
         <size>0x247</size>
         <input_file_ref idref="fl-18"/>
      </object_component>
      <object_component id="oc-23c">
         <name>.debug_info</name>
         <load_address>0xe16c</load_address>
         <run_address>0xe16c</run_address>
         <size>0x249</size>
         <input_file_ref idref="fl-18"/>
      </object_component>
      <object_component id="oc-138">
         <name>.debug_info</name>
         <load_address>0xe3b5</load_address>
         <run_address>0xe3b5</run_address>
         <size>0x326</size>
         <input_file_ref idref="fl-18"/>
      </object_component>
      <object_component id="oc-24b">
         <name>.debug_info</name>
         <load_address>0xe6db</load_address>
         <run_address>0xe6db</run_address>
         <size>0x273</size>
         <input_file_ref idref="fl-18"/>
      </object_component>
      <object_component id="oc-251">
         <name>.debug_info</name>
         <load_address>0xe94e</load_address>
         <run_address>0xe94e</run_address>
         <size>0x24d</size>
         <input_file_ref idref="fl-18"/>
      </object_component>
      <object_component id="oc-207">
         <name>.debug_info</name>
         <load_address>0xeb9b</load_address>
         <run_address>0xeb9b</run_address>
         <size>0x3e5</size>
         <input_file_ref idref="fl-cf"/>
      </object_component>
      <object_component id="oc-202">
         <name>.debug_info</name>
         <load_address>0xef80</load_address>
         <run_address>0xef80</run_address>
         <size>0x157</size>
         <input_file_ref idref="fl-cf"/>
      </object_component>
      <object_component id="oc-1fb">
         <name>.debug_info</name>
         <load_address>0xf0d7</load_address>
         <run_address>0xf0d7</run_address>
         <size>0x166</size>
         <input_file_ref idref="fl-cf"/>
      </object_component>
      <object_component id="oc-ff">
         <name>.debug_info</name>
         <load_address>0xf23d</load_address>
         <run_address>0xf23d</run_address>
         <size>0x1ac</size>
         <input_file_ref idref="fl-cf"/>
      </object_component>
      <object_component id="oc-34d">
         <name>.debug_info</name>
         <load_address>0xf3e9</load_address>
         <run_address>0xf3e9</run_address>
         <size>0xb2</size>
         <input_file_ref idref="fl-cf"/>
      </object_component>
      <object_component id="oc-328">
         <name>.debug_info</name>
         <load_address>0xf49b</load_address>
         <run_address>0xf49b</run_address>
         <size>0x590</size>
         <input_file_ref idref="fl-d0"/>
      </object_component>
      <object_component id="oc-2f6">
         <name>.debug_info</name>
[...]
         <object_component_ref idref="oc-113"/>
      </symbol>
      <symbol id="sm-265">
         <name>GPIODirModeSet</name>
         <value>0x4a01</value>
         <object_component_ref idref="oc-22b"/>
      </symbol>
      <symbol id="sm-266">
         <name>GPIOPadConfigSet</name>
         <value>0x2a8f</value>
         <object_component_ref idref="oc-11f"/>
      </symbol>
      <symbol id="sm-30b">
         <name>SysCtlPeripheralPresent</name>
         <value>0x4759</value>
         <object_component_ref idref="oc-244"/>
      </symbol>
      <symbol id="sm-30c">
         <name>SysCtlPeripheralEnable</name>
         <value>0x4871</value>
         <object_component_ref idref="oc-107"/>
      </symbol>
      <symbol id="sm-30d">
         <name>SysCtlClockGet</name>
         <value>0x3045</value>
         <object_component_ref idref="oc-131"/>
      </symbol>
      <symbol id="sm-30e">
         <name>SysCtlPeripheralReady</name>
         <value>0x4791</value>
         <object_component_ref idref="oc-10d"/>
      </symbol>
      <symbol id="sm-30f">
         <name>SysCtlClockFreqSet</name>
         <value>0x1f65</value>
         <object_component_ref idref="oc-101"/>
      </symbol>
      <symbol id="sm-342">
         <name>UARTConfigSetExpClk</name>
         <value>0x4581</value>
         <object_component_ref idref="oc-137"/>
      </symbol>
      <symbol id="sm-343">
         <name>UARTDisable</name>
         <value>0x4aa5</value>
         <object_component_ref idref="oc-23b"/>
      </symbol>
      <symbol id="sm-344">
         <name>UARTCharPut</name>
         <value>0x4c51</value>
         <object_component_ref idref="oc-24a"/>
      </symbol>
      <symbol id="sm-345">
         <name>UARTEnable</name>
         <value>0x4b9d</value>
         <object_component_ref idref="oc-13d"/>
      </symbol>
      <symbol id="sm-346">
         <name>UARTCharGet</name>
         <value>0x4c47</value>
         <object_component_ref idref="oc-250"/>
      </symbol>
      <symbol id="sm-373">
         <name>printf</name>
         <value>0x3fcd</value>
         <object_component_ref idref="oc-fb"/>
      </symbol>
      <symbol id="sm-4dd">
         <name>__TI_printfi</name>
         <value>0x209</value>
         <object_component_ref idref="oc-1f1"/>
      </symbol>
      <symbol id="sm-534">
         <name>__TI_cleanup</name>
         <value>0x48a5</value>
         <object_component_ref idref="oc-2be"/>
      </symbol>
      <symbol id="sm-535">
         <name>freopen</name>
         <value>0x4941</value>
         <object_component_ref idref="oc-1aa"/>
      </symbol>
      <symbol id="sm-536">
         <name>fopen</name>
         <value>0x3959</value>
         <object_component_ref idref="oc-1a4"/>
      </symbol>
      <symbol id="sm-54b">
         <name>putc</name>
         <value>0x3b29</value>
         <object_component_ref idref="oc-344"/>
      </symbol>
      <symbol id="sm-54c">
         <name>fputc</name>
         <value>0x3b29</value>
         <object_component_ref idref="oc-344"/>
      </symbol>
      <symbol id="sm-56a">
         <name>fputs</name>
         <value>0x2f31</value>
         <object_component_ref idref="oc-33d"/>
      </symbol>
      <symbol id="sm-582">
         <name>__TI_wrt_ok</name>
         <value>0x40fd</value>
         <object_component_ref idref="oc-490"/>
      </symbol>
      <symbol id="sm-59e">
         <name>setvbuf</name>
         <value>0x3655</value>
         <object_component_ref idref="oc-1b0"/>
      </symbol>
      <symbol id="sm-5b5">
         <name>__aeabi_dsub</name>
         <value>0x2339</value>
         <object_component_ref idref="oc-440"/>
      </symbol>
      <symbol id="sm-5b6">
         <name>__aeabi_dadd</name>
         <value>0x2343</value>
         <object_component_ref idref="oc-440"/>
      </symbol>
      <symbol id="sm-5d8">
         <name>__aeabi_cdcmpeq</name>
         <value>0x3bb5</value>
         <object_component_ref idref="oc-2f8"/>
      </symbol>
      <symbol id="sm-5d9">
         <name>__aeabi_cdcmple</name>
         <value>0x3bb5</value>
         <object_component_ref idref="oc-2f8"/>
      </symbol>
      <symbol id="sm-5da">
         <name>__aeabi_cdrcmple</name>
         <value>0x3c3b</value>
         <object_component_ref idref="oc-42b"/>
      </symbol>
      <symbol id="sm-5ee">
         <name>__aeabi_ddiv</name>
         <value>0x2959</value>
         <object_component_ref idref="oc-f6"/>
      </symbol>
      <symbol id="sm-5f9">
         <name>__aeabi_dmul</name>
         <value>0x3475</value>
         <object_component_ref idref="oc-426"/>
      </symbol>
      <symbol id="sm-603">
         <name>__aeabi_d2iz</name>
         <value>0x4539</value>
         <object_component_ref idref="oc-430"/>
      </symbol>
      <symbol id="sm-60e">
         <name>__aeabi_f2d</name>
         <value>0x4801</value>
         <object_component_ref idref="oc-f1"/>
      </symbol>
      <symbol id="sm-618">
         <name>__aeabi_i2d</name>
         <value>0x49a5</value>
         <object_component_ref idref="oc-43b"/>
      </symbol>
      <symbol id="sm-633">
         <name>memcpy</name>
         <value>0x39f5</value>
         <object_component_ref idref="oc-3e"/>
      </symbol>
      <symbol id="sm-634">
         <name>__aeabi_memcpy</name>
         <value>0x39f5</value>
         <object_component_ref idref="oc-3e"/>
      </symbol>
      <symbol id="sm-635">
         <name>__aeabi_memcpy8</name>
         <value>0x39f5</value>
         <object_component_ref idref="oc-3e"/>
      </symbol>
      <symbol id="sm-636">
         <name>__aeabi_memcpy4</name>
         <value>0x39f5</value>
         <object_component_ref idref="oc-3e"/>
      </symbol>
      <symbol id="sm-645">
         <name>__aeabi_memset</name>
         <value>0x3cc3</value>
         <object_component_ref idref="oc-96"/>
      </symbol>
      <symbol id="sm-646">
         <name>memset</name>
         <value>0x3cc9</value>
         <object_component_ref idref="oc-96"/>
      </symbol>
      <symbol id="sm-647">
         <name>__aeabi_memset8</name>
         <value>0x3cc3</value>
         <object_component_ref idref="oc-96"/>
      </symbol>
      <symbol id="sm-648">
         <name>__aeabi_memset4</name>
         <value>0x3cc3</value>
         <object_component_ref idref="oc-96"/>
      </symbol>
      <symbol id="sm-649">
         <name>__aeabi_memclr8</name>
         <value>0x3cc1</value>
         <object_component_ref idref="oc-96"/>
      </symbol>
      <symbol id="sm-64a">
         <name>__aeabi_memclr4</name>
         <value>0x3cc1</value>
         <object_component_ref idref="oc-96"/>
      </symbol>
      <symbol id="sm-64b">
         <name>__aeabi_memclr</name>
         <value>0x3cc1</value>
         <object_component_ref idref="oc-96"/>
      </symbol>
      <symbol id="sm-65a">
         <name>__aeabi_uidivmod</name>
         <value>0x46d9</value>
         <object_component_ref idref="oc-25f"/>
      </symbol>
      <symbol id="sm-65b">
         <name>__aeabi_uidiv</name>
         <value>0x46d9</value>
         <object_component_ref idref="oc-25f"/>
      </symbol>
      <symbol id="sm-668">
         <name>__aeabi_uldivmod</name>
         <value>0x3a91</value>
         <object_component_ref idref="oc-41f"/>
      </symbol>
      <symbol id="sm-67a">
         <name>__TI_zero_init</name>
         <value>0x4c2f</value>
         <object_component_ref idref="oc-50"/>
      </symbol>
      <symbol id="sm-691">
         <name>__TI_decompress_none</name>
         <value>0x4c21</value>
         <object_component_ref idref="oc-1b"/>
      </symbol>
      <symbol id="sm-6b4">
         <name>__TI_decompress_lzss</name>
         <value>0x3f65</value>
         <object_component_ref idref="oc-15"/>
      </symbol>
      <symbol id="sm-6da">
         <name>C$$EXIT</name>
         <value>0x4c79</value>
         <object_component_ref idref="oc-158"/>
      </symbol>
      <symbol id="sm-6db">
         <name>abort</name>
         <value>0x4c79</value>
         <object_component_ref idref="oc-158"/>
      </symbol>
      <symbol id="sm-6dc">
         <name>__TI_dtors_ptr</name>
         <value>0x200009cc</value>
         <object_component_ref idref="oc-271"/>
      </symbol>
      <symbol id="sm-6dd">
         <name>__TI_cleanup_ptr</name>
         <value>0x200009c8</value>
         <object_component_ref idref="oc-271"/>
      </symbol>
      <symbol id="sm-6de">
         <name>__TI_enable_exit_profile_output</name>
         <value>0x200009d0</value>
         <object_component_ref idref="oc-271"/>
      </symbol>
      <symbol id="sm-6df">
         <name>exit</name>
         <value>0x44f1</value>
         <object_component_ref idref="oc-15e"/>
      </symbol>
      <symbol id="sm-6f4">
         <name>_nop</name>
         <value>0xc57</value>
         <object_component_ref idref="oc-333"/>
      </symbol>
      <symbol id="sm-6f5">
         <name>_lock</name>
         <value>0x200009e0</value>
         <object_component_ref idref="oc-1f7"/>
      </symbol>
      <symbol id="sm-6f6">
         <name>_unlock</name>
         <value>0x200009e4</value>
         <object_component_ref idref="oc-1f7"/>
      </symbol>
      <symbol id="sm-705">
         <name>__TI_ltoa</name>
         <value>0x4323</value>
         <object_component_ref idref="oc-435"/>
      </symbol>
      <symbol id="sm-71b">
         <name>atoi</name>
         <value>0x4415</value>
         <object_component_ref idref="oc-2ec"/>
      </symbol>
      <symbol id="sm-726">
         <name>_ctypes_</name>
         <value>0x4da4</value>
         <object_component_ref idref="oc-41a"/>
      </symbol>
      <symbol id="sm-73b">
         <name>__TI_tmpnams</name>
         <value>0x20000f28</value>
      </symbol>
      <symbol id="sm-73c">
         <name>__aeabi_stdout</name>
         <value>0x200009c0</value>
         <object_component_ref idref="oc-2a6"/>
      </symbol>
      <symbol id="sm-73d">
         <name>__aeabi_stderr</name>
         <value>0x200009c4</value>
         <object_component_ref idref="oc-2a6"/>
      </symbol>
      <symbol id="sm-73e">
         <name>__aeabi_stdin</name>
         <value>0x200009bc</value>
         <object_component_ref idref="oc-2a6"/>
      </symbol>
      <symbol id="sm-73f">
         <name>_ftable</name>
         <value>0x20000800</value>
         <object_component_ref idref="oc-1b6"/>
      </symbol>
      <symbol id="sm-740">
         <name>__TI_ft_end</name>
         <value>0x200009b8</value>
         <object_component_ref idref="oc-2a6"/>
      </symbol>
      <symbol id="sm-750">
         <name>memccpy</name>
         <value>0x4b21</value>
         <object_component_ref idref="oc-315"/>
      </symbol>
      <symbol id="sm-760">
         <name>memchr</name>
         <value>0x4ae5</value>
         <object_component_ref idref="oc-496"/>
      </symbol>
      <symbol id="sm-7e4">
         <name>_sys_memory</name>
         <value>0x20000fd0</value>
         <object_component_ref idref="oc-24"/>
      </symbol>
      <symbol id="sm-7e5">
         <name>free</name>
         <value>0x3571</value>
         <object_component_ref idref="oc-2b2"/>
      </symbol>
      <symbol id="sm-7e6">
         <name>memalign</name>
         <value>0x3375</value>
         <object_component_ref idref="oc-409"/>
      </symbol>
      <symbol id="sm-7e7">
         <name>malloc</name>
         <value>0x4c65</value>
         <object_component_ref idref="oc-2b8"/>
      </symbol>
      <symbol id="sm-7e8">
         <name>aligned_alloc</name>
         <value>0x3375</value>
         <object_component_ref idref="oc-409"/>
      </symbol>
      <symbol id="sm-7f8">
         <name>strchr</name>
         <value>0x4b87</value>
         <object_component_ref idref="oc-46c"/>
      </symbol>
      <symbol id="sm-806">
         <name>strlen</name>
         <value>0x4bc5</value>
         <object_component_ref idref="oc-2e6"/>
      </symbol>
      <symbol id="sm-819">
         <name>__stack</name>
         <value>0x200013d0</value>
         <object_component_ref idref="oc-27"/>
      </symbol>
      <symbol id="sm-81a">
         <name>_c_int00_noargs</name>
         <value>0x490d</value>
         <object_component_ref idref="oc-5c"/>
      </symbol>
      <symbol id="sm-82f">
         <name>write</name>
         <value>0x4a7d</value>
         <object_component_ref idref="oc-49c"/>
      </symbol>
      <symbol id="sm-840">
         <name>_stream</name>
         <value>0x20000968</value>
         <object_component_ref idref="oc-4eb"/>
      </symbol>
      <symbol id="sm-841">
         <name>_device</name>
         <value>0x200008f0</value>
         <object_component_ref idref="oc-29a"/>
      </symbol>
      <symbol id="sm-85e">
         <name>open</name>
         <value>0x3731</value>
         <object_component_ref idref="oc-3dc"/>
      </symbol>
      <symbol id="sm-87e">
         <name>add_device</name>
         <value>0x37ed</value>
         <object_component_ref idref="oc-19e"/>
      </symbol>
      <symbol id="sm-894">
         <name>__aeabi_errno_addr</name>
         <value>0x4c5d</value>
         <object_component_ref idref="oc-321"/>
      </symbol>
      <symbol id="sm-895">
         <name>errno</name>
         <value>0x200009fc</value>
         <object_component_ref idref="oc-47c"/>
      </symbol>
      <symbol id="sm-8ae">
         <name>wcslen</name>
         <value>0x4bfd</value>
         <object_component_ref idref="oc-31b"/>
      </symbol>
      <symbol id="sm-8ce">
         <name>frexpl</name>
         <value>0x4035</value>
         <object_component_ref idref="oc-460"/>
      </symbol>
      <symbol id="sm-8cf">
         <name>frexp</name>
         <value>0x4035</value>
         <object_component_ref idref="oc-460"/>
      </symbol>
      <symbol id="sm-8ec">
         <name>scalbn</name>
         <value>0x3265</value>
         <object_component_ref idref="oc-466"/>
      </symbol>
      <symbol id="sm-8ed">
         <name>scalbnl</name>
         <value>0x3265</value>
         <object_component_ref idref="oc-466"/>
      </symbol>
      <symbol id="sm-8ee">
         <name>ldexpl</name>
         <value>0x3265</value>
         <object_component_ref idref="oc-466"/>
      </symbol>
      <symbol id="sm-8ef">
         <name>ldexp</name>
         <value>0x3265</value>
         <object_component_ref idref="oc-466"/>
      </symbol>
      <symbol id="sm-904">
         <name>__TI_closefile</name>
         <value>0x3d3d</value>
         <object_component_ref idref="oc-2ab"/>
      </symbol>
      <symbol id="sm-914">
         <name>__TI_doflush</name>
         <value>0x43c9</value>
         <object_component_ref idref="oc-3e7"/>
      </symbol>
      <symbol id="sm-926">
         <name>fseek</name>
         <value>0x4099</value>
         <object_component_ref idref="oc-53c"/>
      </symbol>
      <symbol id="sm-944">
         <name>finddevice</name>
         <value>0x4975</value>
         <object_component_ref idref="oc-28d"/>
      </symbol>
      <symbol id="sm-945">
         <name>getdevice</name>
         <value>0x4695</value>
         <object_component_ref idref="oc-4e4"/>
      </symbol>
      <symbol id="sm-94f">
         <name>__aeabi_idiv0</name>
         <value>0x137b</value>
         <object_component_ref idref="oc-375"/>
      </symbol>
      <symbol id="sm-950">
         <name>__aeabi_ldiv0</name>
         <value>0x137b</value>
         <object_component_ref idref="oc-375"/>
      </symbol>
      <symbol id="sm-978">
         <name>__TI_auto_init_nobinit_nopinit</name>
         <value>0x4651</value>
         <object_component_ref idref="oc-164"/>
      </symbol>
      <symbol id="sm-982">
         <name>_system_pre_init</name>
         <value>0x4c75</value>
         <object_component_ref idref="oc-9c"/>
      </symbol>
      <symbol id="sm-993">
         <name>strcmp</name>
         <value>0x4b6f</value>
         <object_component_ref idref="oc-399"/>
      </symbol>
      <symbol id="sm-9a3">
         <name>strncpy</name>
         <value>0x4839</value>
         <object_component_ref idref="oc-293"/>
      </symbol>
      <symbol id="sm-9b4">
         <name>HOSTclose</name>
         <value>0x45c9</value>
         <object_component_ref idref="oc-3a9"/>
      </symbol>
      <symbol id="sm-9c5">
         <name>HOSTlseek</name>
         <value>0x3efd</value>
         <object_component_ref idref="oc-3bb"/>
      </symbol>
      <symbol id="sm-9d7">
         <name>parmbuf</name>
         <value>0x20000fc8</value>
      </symbol>
      <symbol id="sm-9d8">
         <name>HOSTopen</name>
         <value>0x4161</value>
         <object_component_ref idref="oc-3a3"/>
      </symbol>
      <symbol id="sm-9e9">
         <name>HOSTread</name>
         <value>0x421d</value>
         <object_component_ref idref="oc-3af"/>
      </symbol>
      <symbol id="sm-9fa">
         <name>HOSTrename</name>
         <value>0x3e91</value>
         <object_component_ref idref="oc-3c7"/>
      </symbol>
      <symbol id="sm-a0b">
         <name>HOSTunlink</name>
         <value>0x460d</value>
         <object_component_ref idref="oc-3c1"/>
      </symbol>
      <symbol id="sm-a1c">
         <name>HOSTwrite</name>
         <value>0x4275</value>
         <object_component_ref idref="oc-3b5"/>
      </symbol>
      <symbol id="sm-a40">
         <name>__TI_readmsg</name>
         <value>0x48d9</value>
         <object_component_ref idref="oc-4c1"/>
      </symbol>
      <symbol id="sm-a41">
         <name>C$$IO$$</name>
         <value>0x47f7</value>
         <object_component_ref idref="oc-4bb"/>
      </symbol>
      <symbol id="sm-a42">
         <name>__CIOBUF_</name>
         <value>0x20000e08</value>
         <object_component_ref idref="oc-54d"/>
      </symbol>
      <symbol id="sm-a43">
         <name>__TI_writemsg</name>
         <value>0x47c9</value>
         <object_component_ref idref="oc-4bb"/>
      </symbol>
      <symbol id="sm-a54">
         <name>lseek</name>
         <value>0x4a55</value>
         <object_component_ref idref="oc-581"/>
      </symbol>
      <symbol id="sm-a68">
         <name>close</name>
         <value>0x41c1</value>
         <object_component_ref idref="oc-3ed"/>
      </symbol>
      <symbol id="sm-a72">
         <name>copysign</name>
         <value>0x4b3d</value>
         <object_component_ref idref="oc-520"/>
      </symbol>
      <symbol id="sm-a73">
         <name>copysignl</name>
         <value>0x4b3d</value>
         <object_component_ref idref="oc-520"/>
      </symbol>
      <symbol id="sm-a81">
         <name>strcpy</name>
         <value>0x4bb1</value>
         <object_component_ref idref="oc-4d5"/>
      </symbol>
      <symbol id="sm-a91">
         <name>unlink</name>
         <value>0x49d5</value>
         <object_component_ref idref="oc-3f3"/>
      </symbol>
      <symbol id="sm-a92">
         <name>__TI_static_base__</name>
         <value>0x0</value>
      </symbol>
      <symbol id="sm-a97">
         <name>__mpu_init</name>
         <value>0x0</value>
      </symbol>
      <symbol id="sm-a98">
         <name>_system_post_cinit</name>
         <value>0x0</value>
      </symbol>
      <symbol id="sm-a99">
         <name>remove</name>
         <value>0x49d5</value>
      </symbol>
   </symbol_table>
   <title>Link successful</title>
</link_info>
