******************************************************************************
                  TI ARM Linker PC v20.2.7                     
******************************************************************************
>> Linked Wed Oct 26 15:16:50 2022

OUTPUT FILE NAME:   <dsp_DFT.out>
ENTRY POINT SYMBOL: "_c_int00_noargs"  address: 000054f9


MEMORY CONFIGURATION

         name            origin    length      used     unused   attr    fill
----------------------  --------  ---------  --------  --------  ----  --------
  FLASH                 00000000   00100000  000062a0  000f9d60  R  X
  SRAM                  20000000   00040000  00001634  0003e9cc  RW X


SEGMENT ALLOCATION MAP

run origin  load origin   length   init length attrs members
----------  ----------- ---------- ----------- ----- -------
00000000    00000000    000062a0   000062a0    r-x
  00000000    00000000    00000208   00000208    r-- .intvecs
  00000208    00000208    00005660   00005660    r-x .text
  00005868    00005868    000004e0   000004e0    r-- .const
  00005d48    00005d48    00000558   00000558    r-- .cinit
20000000    20000000    00001638   00000000    rw-
  20000000    20000000    0000093c   00000000    rw- .bss
  2000093c    2000093c    000006f8   00000000    rw- .data
  20001038    20001038    00000400   00000000    rw- .sysmem
  20001438    20001438    00000200   00000000    rw- .stack


SECTION ALLOCATION MAP

 output                                  attributes/
section   page    origin      length       input sections
--------  ----  ----------  ----------   ----------------
.intvecs   0    00000000    00000208     
                  00000000    00000208     tm4c129encpdt_startup_ccs.obj (.intvecs)

.text      0    00000208    00005660     
                  00000208    00000a4e     rtsv7M4_T_le_v4SPD16_eabi.lib : _printfi.c.obj (.text:__TI_printfi)
                  00000c56    00000002                                   : _lock.c.obj (.text:_nop)
                  00000c58    00000738                                   : k_rem_pio2.c.obj (.text:__kernel_rem_pio2)
                  00001390    000005e0                                   : s_sin.c.obj (.text:sin)
                  00001970    000005dc                                   : s_cos.c.obj (.text:cos)
                  00001f4c    0000049c     uartstdio.obj (.text)
                  000023e8    000003ac     main.obj (.text)
                  00002794    00000270     rtsv7M4_T_le_v4SPD16_eabi.lib : _printfi.c.obj (.text:_pconv_a)
                  00002a04    00000204     driverlib.lib : sysctl.obj (.text:SysCtlClockFreqSet)
                  00002c08    000001d0     rtsv7M4_T_le_v4SPD16_eabi.lib : _printfi.c.obj (.text:_pconv_g)
                  00002dd8    000001b6                                   : fd_add_t2.asm.obj (.text)
                  00002f8e    00000002                                   : div0.asm.obj (.text)
                  00002f90    00000174                                   : k_sin.c.obj (.text:__kernel_sin)
                  00003104    00000170                                   : k_cos.c.obj (.text:__kernel_cos)
                  00003274    00000158                                   : e_sqrt.c.obj (.text:sqrt)
                  000033cc    0000013c                                   : _printfi.c.obj (.text:_pconv_e)
                  00003508    00000136                                   : fd_div_t2.asm.obj (.text)
                  0000363e    00000132     driverlib.lib : gpio.obj (.text:GPIOPadConfigSet)
                  00003770    00000124     rtsv7M4_T_le_v4SPD16_eabi.lib : _printfi.c.obj (.text:fcvt)
                  00003894    00000124     mydevices.obj (.text)
                  000039b8    00000114     rtsv7M4_T_le_v4SPD16_eabi.lib : fputs.c.obj (.text:fputs)
                  00003acc    00000110     driverlib.lib : sysctl.obj (.text:SysCtlClockGet)
                  00003bdc    00000110     rtsv7M4_T_le_v4SPD16_eabi.lib : fopen.c.obj (.text:_openfile)
                  00003cec    00000110                                   : s_scalbn.c.obj (.text:scalbn)
                  00003dfc    00000100                                   : memory.c.obj (.text:aligned_alloc)
                  00003efc    000000fc                                   : fd_mul_t2.asm.obj (.text)
                  00003ff8    000000f8                                   : s_floor.c.obj (.text:floor)
                  000040f0    000000e4                                   : memory.c.obj (.text:free)
                  000041d4    000000dc                                   : setvbuf.c.obj (.text:setvbuf)
                  000042b0    000000bc                                   : open.c.obj (.text:open)
                  0000436c    000000b8                                   : add_device.c.obj (.text:add_device)
                  00004424    000000b1                                   : _printfi.c.obj (.text:_ltostr)
                  000044d5    00000003     --HOLE-- [fill = 0]
                  000044d8    0000009c                                   : fopen.c.obj (.text:fopen)
                  00004574    0000009c                                   : memcpy_t2.asm.obj (.text)
                  00004610    00000096                                   : ull_div_t2.asm.obj (.text)
                  000046a6    00000002     --HOLE-- [fill = 0]
                  000046a8    0000008c                                   : fputc.c.obj (.text:fputc)
                  00004734    00000086                                   : fd_cmp_t2.asm.obj (.text:__aeabi_cdcmple)
                  000047ba    00000086                                   : fd_cmp_t2.asm.obj (.text:__aeabi_cdrcmple)
                  00004840    0000007a                                   : memset_t2.asm.obj (.text)
                  000048ba    00000002     --HOLE-- [fill = 0]
                  000048bc    00000074                                   : fclose.c.obj (.text:__TI_closefile)
                  00004930    00000070                                   : memory.c.obj (.text:split)
                  000049a0    0000006e                                   : _printfi.c.obj (.text:_mcpy)
                  00004a0e    0000006e                                   : fd_tos_t2.asm.obj (.text)
                  00004a7c    0000006c                                   : hostrename.c.obj (.text:HOSTrename)
                  00004ae8    00000068                                   : hostlseek.c.obj (.text:HOSTlseek)
                  00004b50    00000068                                   : copy_decompress_lzss.c.obj (.text:decompress:lzss:__TI_decompress_lzss)
                  00004bb8    00000068                                   : printf.c.obj (.text:printf)
                  00004c20    00000064                                   : s_frexp.c.obj (.text:frexp)
                  00004c84    00000064                                   : fseek.c.obj (.text:fseek)
                  00004ce8    00000062                                   : _io_perm.c.obj (.text:__TI_wrt_ok)
                  00004d4a    00000002     --HOLE-- [fill = 0]
                  00004d4c    00000060                                   : hostopen.c.obj (.text:HOSTopen)
                  00004dac    0000005c                                   : close.c.obj (.text:close)
                  00004e08    00000058                                   : hostread.c.obj (.text:HOSTread)
                  00004e60    00000058                                   : hostwrite.c.obj (.text:HOSTwrite)
                  00004eb8    00000056                                   : _printfi.c.obj (.text:_pconv_f)
                  00004f0e    00000054                                   : _ltoa.c.obj (.text:__TI_ltoa)
                  00004f62    00000052                                   : _printfi.c.obj (.text:_ecpy)
                  00004fb4    0000004c                                   : fflush.c.obj (.text:__TI_doflush)
                  00005000    0000004c                                   : atoi.c.obj (.text:atoi)
                  0000504c    00000048     driverlib.lib : gpio.obj (.text:GPIOPinConfigure)
                  00005094    00000048                   : sysctl.obj (.text:_SysCtlFrequencyGet)
                  000050dc    00000048     rtsv7M4_T_le_v4SPD16_eabi.lib : exit.c.obj (.text:exit)
                  00005124    00000048                                   : fd_toi_t2.asm.obj (.text)
                  0000516c    00000046     driverlib.lib : uart.obj (.text:UARTConfigSetExpClk)
                  000051b2    00000002     --HOLE-- [fill = 0]
                  000051b4    00000044     rtsv7M4_T_le_v4SPD16_eabi.lib : hostclose.c.obj (.text:HOSTclose)
                  000051f8    00000044                                   : hostunlink.c.obj (.text:HOSTunlink)
                  0000523c    00000044                                   : autoinit.c.obj (.text:__TI_auto_init_nobinit_nopinit:__TI_auto_init_nobinit_nopinit)
                  00005280    00000044                                   : getdevice.c.obj (.text:getdevice)
                  000052c4    00000040                                   : u_divt2.asm.obj (.text)
                  00005304    0000003e                                   : _printfi.c.obj (.text:_fcpy)
                  00005342    00000002     --HOLE-- [fill = 0]
                  00005344    00000038     driverlib.lib : sysctl.obj (.text:SysCtlPeripheralPresent)
                  0000537c    00000038                   : sysctl.obj (.text:SysCtlPeripheralReady)
                  000053b4    00000038     rtsv7M4_T_le_v4SPD16_eabi.lib : trgmsg.c.obj (.text:__TI_writemsg)
                  000053ec    00000038                                   : fs_tod_t2.asm.obj (.text)
                  00005424    00000036                                   : strncpy.c.obj (.text:strncpy)
                  0000545a    00000002     --HOLE-- [fill = 0]
                  0000545c    00000034     driverlib.lib : sysctl.obj (.text:SysCtlPeripheralEnable)
                  00005490    00000034     rtsv7M4_T_le_v4SPD16_eabi.lib : fopen.c.obj (.text:__TI_cleanup)
                  000054c4    00000034                                   : trgmsg.c.obj (.text:__TI_readmsg)
                  000054f8    00000034                                   : boot_cortex_m.c.obj (.text:_c_int00_noargs:_c_int00_noargs)
                  0000552c    00000034                                   : fopen.c.obj (.text:freopen)
                  00005560    00000030                                   : getdevice.c.obj (.text:finddevice)
                  00005590    0000002e                                   : i_tofd_t2.asm.obj (.text)
                  000055be    00000002     --HOLE-- [fill = 0]
                  000055c0    0000002c                                   : unlink.c.obj (.text:unlink)
                  000055ec    0000002a     driverlib.lib : gpio.obj (.text:GPIODirModeSet)
                  00005616    00000002     --HOLE-- [fill = 0]
                  00005618    00000028     rtsv7M4_T_le_v4SPD16_eabi.lib : memory.c.obj (.text:free_list_insert)
                  00005640    00000028                                   : lseek.c.obj (.text:lseek)
                  00005668    00000028                                   : write.c.obj (.text:write)
                  00005690    00000020     driverlib.lib : uart.obj (.text:UARTDisable)
                  000056b0    00000020                   : sysctl.obj (.text:_SysCtlMemTimingGet)
                  000056d0    00000020     rtsv7M4_T_le_v4SPD16_eabi.lib : memchr.c.obj (.text:memchr)
                  000056f0    0000001c                                   : memory.c.obj (.text:free_list_remove)
                  0000570c    0000001c                                   : memccpy.c.obj (.text:memccpy)
                  00005728    0000001a                                   : s_copysign.c.obj (.text:copysign)
                  00005742    00000018     driverlib.lib : gpio.obj (.text:GPIOPinTypeGPIOOutput)
                  0000575a    00000018     rtsv7M4_T_le_v4SPD16_eabi.lib : strcmp.c.obj (.text:strcmp)
                  00005772    00000016                                   : strchr.c.obj (.text:strchr)
                  00005788    00000014     driverlib.lib : uart.obj (.text:UARTEnable)
                  0000579c    00000014     rtsv7M4_T_le_v4SPD16_eabi.lib : strcpy.c.obj (.text:strcpy)
                  000057b0    00000014                                   : strlen.c.obj (.text:strlen)
                  000057c4    00000012     driverlib.lib : gpio.obj (.text:GPIOPinTypeGPIOInput)
                  000057d6    00000012                   : gpio.obj (.text:GPIOPinTypeUART)
                  000057e8    00000012     rtsv7M4_T_le_v4SPD16_eabi.lib : wcslen.c.obj (.text:wcslen)
                  000057fa    00000002     --HOLE-- [fill = 0]
                  000057fc    00000010     driverlib.lib : fpu.obj (.text:FPUEnable)
                  0000580c    0000000e     rtsv7M4_T_le_v4SPD16_eabi.lib : copy_decompress_none.c.obj (.text:decompress:none:__TI_decompress_none)
                  0000581a    0000000c                                   : copy_zero_init.c.obj (.text:decompress:ZI:__TI_zero_init)
                  00005826    0000000c     tm4c129encpdt_startup_ccs.obj (.text)
                  00005832    0000000a     driverlib.lib : uart.obj (.text:UARTCharGet)
                  0000583c    0000000a                   : uart.obj (.text:UARTCharPut)
                  00005846    00000002     --HOLE-- [fill = 0]
                  00005848    00000008     rtsv7M4_T_le_v4SPD16_eabi.lib : errno.c.obj (.text:__aeabi_errno_addr)
                  00005850    00000008                                   : memory.c.obj (.text:malloc)
                  00005858    00000004                                   : printf.c.obj (.text:_outc)
                  0000585c    00000004                                   : printf.c.obj (.text:_outs)
                  00005860    00000004                                   : pre_init.c.obj (.text:_system_pre_init)
                  00005864    00000004                                   : exit.c.obj (.text:abort:abort)

.const     0    00005868    000004e0     
                  00005868    00000158     rtsv7M4_T_le_v4SPD16_eabi.lib : k_rem_pio2.c.obj (.const:$O1$$)
                  000059c0    00000120     driverlib.lib : sysctl.obj (.const:g_pppui32XTALtoVCO)
                  00005ae0    00000101     rtsv7M4_T_le_v4SPD16_eabi.lib : ctype.c.obj (.const:.string:_ctypes_)
                  00005be1    00000003     --HOLE-- [fill = 0]
                  00005be4    00000090     driverlib.lib : gpio.obj (.const:g_pui32GPIOBaseAddrs)
                  00005c74    0000006c                   : sysctl.obj (.const:g_pui32Xtals)
                  00005ce0    00000030                   : sysctl.obj (.const:g_sXTALtoMEMTIM)
                  00005d10    00000012     uartstdio.obj (.const:.string)
                  00005d22    00000002     --HOLE-- [fill = 0]
                  00005d24    0000000c     uartstdio.obj (.const:g_ui32UARTBase)
                  00005d30    0000000c     uartstdio.obj (.const:g_ui32UARTPeriph)
                  00005d3c    00000008     driverlib.lib : sysctl.obj (.const)
                  00005d44    00000004     uartstdio.obj (.const)

.cinit     0    00005d48    00000558     
                  00005d48    00000531     (.cinit..data.load) [load image, compression = lzss]
                  00006279    00000003     --HOLE-- [fill = 0]
                  0000627c    0000000c     (__TI_handler_table)
                  00006288    00000008     (.cinit..bss.load) [load image, compression = zero_init]
                  00006290    00000010     (__TI_cinit_table)

.init_array 
*          0    00000000    00000000     UNINITIALIZED

.bss       0    20000000    0000093c     UNINITIALIZED
                  20000000    0000027c     (.common:IMX)
                  2000027c    0000027c     (.common:MAG)
                  200004f8    0000027c     (.common:REX)
                  20000774    00000120     rtsv7M4_T_le_v4SPD16_eabi.lib : trgmsg.c.obj (.bss:_CIOBUF_)
                  20000894    000000a0     (.common:__TI_tmpnams)
                  20000934    00000008     (.common:parmbuf)

.data      0    2000093c    000006f8     UNINITIALIZED
                  2000093c    000004fc     signals.obj (.data:signal_2)
                  20000e38    000000f0     rtsv7M4_T_le_v4SPD16_eabi.lib : defs.c.obj (.data:_ftable)
                  20000f28    00000078                                   : host_device.c.obj (.data:_device)
                  20000fa0    00000050                                   : host_device.c.obj (.data:_stream)
                  20000ff0    00000010                                   : defs.c.obj (.data)
                  20001000    0000000c                                   : exit.c.obj (.data:$O1$$)
                  2000100c    00000008                                   : _lock.c.obj (.data:$O1$$)
                  20001014    00000008                                   : memory.c.obj (.data:$O1$$)
                  2000101c    00000005     uartstdio.obj (.data)
                  20001021    00000003     --HOLE--
                  20001024    00000004     rtsv7M4_T_le_v4SPD16_eabi.lib : add_device.c.obj (.data)
                  20001028    00000004                                   : errno.c.obj (.data)
                  2000102c    00000004                                   : fopen.c.obj (.data)
                  20001030    00000004                                   : open.c.obj (.data)

.sysmem    0    20001038    00000400     UNINITIALIZED
                  20001038    00000010     rtsv7M4_T_le_v4SPD16_eabi.lib : memory.c.obj (.sysmem)
                  20001048    000003f0     --HOLE--

.stack     0    20001438    00000200     UNINITIALIZED
                  20001438    00000004     rtsv7M4_T_le_v4SPD16_eabi.lib : boot_cortex_m.c.obj (.stack)
                  2000143c    000001fc     --HOLE--

__llvm_prf_cnts 
*          0    20000000    00000000     UNINITIALIZED

MODULE SUMMARY

       Module                          code    ro data   rw data
       ------                          ----    -------   -------
    .\
       main.obj                        940     0         1908   
       uartstdio.obj                   1180    46        5      
       tm4c129encpdt_startup_ccs.obj   12      520       0      
    +--+-------------------------------+-------+---------+---------+
       Total:                          2132    566       1913   
                                                                
    .\lib_dsp\
       signals.obj                     0       0         1276   
    +--+-------------------------------+-------+---------+---------+
       Total:                          0       0         1276   
                                                                
    .\mydevices\
       mydevices.obj                   292     0         0      
    +--+-------------------------------+-------+---------+---------+
       Total:                          292     0         0      
                                                                
    C:/ti/TivaWare_C_Series-2.1.2.111/driverlib/ccs/Debug/driverlib.lib
       sysctl.obj                      1056    452       0      
       gpio.obj                        480     144       0      
       uart.obj                        142     0         0      
       fpu.obj                         16      0         0      
    +--+-------------------------------+-------+---------+---------+
       Total:                          1694    596       0      
                                                                
    C:\ti\ccs1040\ccs\tools\compiler\ti-cgt-arm_20.2.7.LTS\lib\rtsv7M4_T_le_v4SPD16_eabi.lib
       _printfi.c.obj                  4851    0         0      
       k_rem_pio2.c.obj                1848    344       0      
       s_sin.c.obj                     1504    0         0      
       s_cos.c.obj                     1500    0         0      
       memory.c.obj                    672     0         8      
       fopen.c.obj                     532     0         4      
       fd_add_t2.asm.obj               438     0         0      
       defs.c.obj                      0       0         416    
       trgmsg.c.obj                    108     0         288    
       k_sin.c.obj                     372     0         0      
       k_cos.c.obj                     368     0         0      
       e_sqrt.c.obj                    344     0         0      
       fd_div_t2.asm.obj               310     0         0      
       fputs.c.obj                     276     0         0      
       s_scalbn.c.obj                  272     0         0      
       fd_cmp_t2.asm.obj               268     0         0      
       ctype.c.obj                     0       257       0      
       fd_mul_t2.asm.obj               252     0         0      
       s_floor.c.obj                   248     0         0      
       setvbuf.c.obj                   220     0         0      
       host_device.c.obj               0       0         200    
       open.c.obj                      188     0         4      
       add_device.c.obj                184     0         4      
       memcpy_t2.asm.obj               156     0         0      
       ull_div_t2.asm.obj              150     0         0      
       fputc.c.obj                     140     0         0      
       memset_t2.asm.obj               122     0         0      
       fclose.c.obj                    116     0         0      
       getdevice.c.obj                 116     0         0      
       printf.c.obj                    112     0         0      
       fd_tos_t2.asm.obj               110     0         0      
       hostrename.c.obj                108     0         0      
       copy_decompress_lzss.c.obj      104     0         0      
       hostlseek.c.obj                 104     0         0      
       hostopen.c.obj                  96      0         8      
       fseek.c.obj                     100     0         0      
       s_frexp.c.obj                   100     0         0      
       _io_perm.c.obj                  98      0         0      
       close.c.obj                     92      0         0      
       exit.c.obj                      76      0         12     
       hostread.c.obj                  88      0         0      
       hostwrite.c.obj                 88      0         0      
       _ltoa.c.obj                     84      0         0      
       atoi.c.obj                      76      0         0      
       fflush.c.obj                    76      0         0      
       fd_toi_t2.asm.obj               72      0         0      
       autoinit.c.obj                  68      0         0      
       hostclose.c.obj                 68      0         0      
       hostunlink.c.obj                68      0         0      
       u_divt2.asm.obj                 64      0         0      
       fs_tod_t2.asm.obj               56      0         0      
       strncpy.c.obj                   54      0         0      
       boot_cortex_m.c.obj             52      0         0      
       i_tofd_t2.asm.obj               46      0         0      
       unlink.c.obj                    44      0         0      
       lseek.c.obj                     40      0         0      
       write.c.obj                     40      0         0      
       memchr.c.obj                    32      0         0      
       memccpy.c.obj                   28      0         0      
       s_copysign.c.obj                26      0         0      
       strcmp.c.obj                    24      0         0      
       strchr.c.obj                    22      0         0      
       strcpy.c.obj                    20      0         0      
       strlen.c.obj                    20      0         0      
       wcslen.c.obj                    18      0         0      
       copy_decompress_none.c.obj      14      0         0      
       copy_zero_init.c.obj            12      0         0      
       errno.c.obj                     8       0         4      
       _lock.c.obj                     2       0         8      
       pre_init.c.obj                  4       0         0      
       div0.asm.obj                    2       0         0      
    +--+-------------------------------+-------+---------+---------+
       Total:                          17971   601       956    
                                                                
       Heap:                           0       0         1024   
       Stack:                          0       0         512    
       Linker Generated:               0       1365      0      
    +--+-------------------------------+-------+---------+---------+
       Grand Total:                    22089   3128      5681   


LINKER GENERATED COPY TABLES

__TI_cinit_table @ 00006290 records: 2, size/record: 8, table size: 16
	.data: load addr=00005d48, load size=00000531 bytes, run addr=2000093c, run size=000006f8 bytes, compression=lzss
	.bss: load addr=00006288, load size=00000008 bytes, run addr=20000000, run size=0000093c bytes, compression=zero_init


LINKER GENERATED HANDLER TABLE

__TI_handler_table @ 0000627c records: 3, size/record: 4, table size: 12
	index: 0, handler: __TI_decompress_lzss
	index: 1, handler: __TI_decompress_none
	index: 2, handler: __TI_zero_init


GLOBAL SYMBOLS: SORTED ALPHABETICALLY BY Name 

address   name                           
-------   ----                           
00005865  C$$EXIT                        
000053e3  C$$IO$$                        
000057fd  FPUEnable                      
000055ed  GPIODirModeSet                 
0000363f  GPIOPadConfigSet               
0000504d  GPIOPinConfigure               
000057c5  GPIOPinTypeGPIOInput           
00005743  GPIOPinTypeGPIOOutput          
000057d7  GPIOPinTypeUART                
000051b5  HOSTclose                      
00004ae9  HOSTlseek                      
00004d4d  HOSTopen                       
00004e09  HOSTread                       
00004a7d  HOSTrename                     
000051f9  HOSTunlink                     
00004e61  HOSTwrite                      
20000000  IMX                            
00003895  Init_Device                    
2000027c  MAG                            
000038f3  MYDEVICE_close                 
00003959  MYDEVICE_lseek                 
000038e3  MYDEVICE_open                  
000038ff  MYDEVICE_read                  
00003975  MYDEVICE_rename                
00003969  MYDEVICE_unlink                
0000392b  MYDEVICE_write                 
200004f8  REX                            
00005827  ResetISR                       
00002a05  SysCtlClockFreqSet             
00003acd  SysCtlClockGet                 
0000545d  SysCtlPeripheralEnable         
00005345  SysCtlPeripheralPresent        
0000537d  SysCtlPeripheralReady          
00005833  UARTCharGet                    
0000583d  UARTCharPut                    
0000516d  UARTConfigSetExpClk            
00005691  UARTDisable                    
00005789  UARTEnable                     
00001f4d  UARTStdioConfig                
00002093  UARTgetc                       
00001fd9  UARTgets                       
000023b3  UARTprintf                     
000020b9  UARTvprintf                    
00001f93  UARTwrite                      
20000774  __CIOBUF_                      
20001638  __STACK_END                    
00000200  __STACK_SIZE                   
20001638  __STACK_TOP                    
00000400  __SYSMEM_SIZE                  
00006290  __TI_CINIT_Base                
000062a0  __TI_CINIT_Limit               
0000627c  __TI_Handler_Table_Base        
00006288  __TI_Handler_Table_Limit       
0000523d  __TI_auto_init_nobinit_nopinit 
00005491  __TI_cleanup                   
20001000  __TI_cleanup_ptr               
000048bd  __TI_closefile                 
00004b51  __TI_decompress_lzss           
0000580d  __TI_decompress_none           
00004fb5  __TI_doflush                   
20001004  __TI_dtors_ptr                 
20001008  __TI_enable_exit_profile_output
20000ff0  __TI_ft_end                    
00004f0f  __TI_ltoa                      
ffffffff  __TI_pprof_out_hndl            
00000209  __TI_printfi                   
ffffffff  __TI_prof_data_size            
ffffffff  __TI_prof_data_start           
000054c5  __TI_readmsg                   
00000000  __TI_static_base__             
20000894  __TI_tmpnams                   
000053b5  __TI_writemsg                  
00004ce9  __TI_wrt_ok                    
0000581b  __TI_zero_init                 
00004735  __aeabi_cdcmpeq                
00004735  __aeabi_cdcmple                
000047bb  __aeabi_cdrcmple               
00004a0f  __aeabi_d2f                    
00005125  __aeabi_d2iz                   
00002de3  __aeabi_dadd                   
00003509  __aeabi_ddiv                   
00003efd  __aeabi_dmul                   
00002dd9  __aeabi_dsub                   
00005849  __aeabi_errno_addr             
000053ed  __aeabi_f2d                    
00005591  __aeabi_i2d                    
00002f8f  __aeabi_idiv0                  
00002f8f  __aeabi_ldiv0                  
00004841  __aeabi_memclr                 
00004841  __aeabi_memclr4                
00004841  __aeabi_memclr8                
00004575  __aeabi_memcpy                 
00004575  __aeabi_memcpy4                
00004575  __aeabi_memcpy8                
00004843  __aeabi_memset                 
00004843  __aeabi_memset4                
00004843  __aeabi_memset8                
20000ffc  __aeabi_stderr                 
20000ff4  __aeabi_stdin                  
20000ff8  __aeabi_stdout                 
000052c5  __aeabi_uidiv                  
000052c5  __aeabi_uidivmod               
00004611  __aeabi_uldivmod               
ffffffff  __binit__                      
ffffffff  __c_args__                     
00003105  __kernel_cos                   
00000c59  __kernel_rem_pio2              
00002f91  __kernel_sin                   
UNDEFED   __mpu_init                     
20001438  __stack                        
20000000  __start___llvm_prf_cnts        
20000000  __stop___llvm_prf_cnts         
000054f9  _c_int00_noargs                
00005ae0  _ctypes_                       
20000f28  _device                        
20000e38  _ftable                        
2000100c  _lock                          
00000c57  _nop                           
20000fa0  _stream                        
20001038  _sys_memory                    
UNDEFED   _system_post_cinit             
00005861  _system_pre_init               
20001010  _unlock                        
00005865  abort                          
0000436d  add_device                     
00003dfd  aligned_alloc                  
00005001  atoi                           
ffffffff  binit                          
00004dad  close                          
000024e5  computeDFT_forcebrute          
000026a5  configPeripherals              
00005729  copysign                       
00005729  copysignl                      
00001971  cos                            
00001971  cosl                           
20001028  errno                          
000050dd  exit                           
00005561  finddevice                     
00003ff9  floor                          
00003ff9  floorl                         
000044d9  fopen                          
000046a9  fputc                          
000039b9  fputs                          
000040f1  free                           
0000552d  freopen                        
00004c21  frexp                          
00004c21  frexpl                         
00004c85  fseek                          
00000000  g_pfnVectors                   
0000240f  get_DFT_magnitud               
00005281  getdevice                      
00003ced  ldexp                          
00003ced  ldexpl                         
00005641  lseek                          
000023e9  main                           
00005851  malloc                         
00003dfd  memalign                       
0000570d  memccpy                        
000056d1  memchr                         
00004575  memcpy                         
00004849  memset                         
000042b1  open                           
20000934  parmbuf                        
00004bb9  printf                         
0000266f  pseudo_dly                     
000046a9  putc                           
000055c1  remove                         
00003ced  scalbn                         
00003ced  scalbnl                        
000024a9  serial_plot_magnitud           
000041d5  setvbuf                        
2000093c  signal_2                       
00001391  sin                            
00001391  sinl                           
00003275  sqrt                           
00003275  sqrtl                          
00005773  strchr                         
0000575b  strcmp                         
0000579d  strcpy                         
000057b1  strlen                         
00005425  strncpy                        
000055c1  unlink                         
000057e9  wcslen                         
00005669  write                          


GLOBAL SYMBOLS: SORTED BY Symbol Address 

address   name                           
-------   ----                           
00000000  __TI_static_base__             
00000000  g_pfnVectors                   
00000200  __STACK_SIZE                   
00000209  __TI_printfi                   
00000400  __SYSMEM_SIZE                  
00000c57  _nop                           
00000c59  __kernel_rem_pio2              
00001391  sin                            
00001391  sinl                           
00001971  cos                            
00001971  cosl                           
00001f4d  UARTStdioConfig                
00001f93  UARTwrite                      
00001fd9  UARTgets                       
00002093  UARTgetc                       
000020b9  UARTvprintf                    
000023b3  UARTprintf                     
000023e9  main                           
0000240f  get_DFT_magnitud               
000024a9  serial_plot_magnitud           
000024e5  computeDFT_forcebrute          
0000266f  pseudo_dly                     
000026a5  configPeripherals              
00002a05  SysCtlClockFreqSet             
00002dd9  __aeabi_dsub                   
00002de3  __aeabi_dadd                   
00002f8f  __aeabi_idiv0                  
00002f8f  __aeabi_ldiv0                  
00002f91  __kernel_sin                   
00003105  __kernel_cos                   
00003275  sqrt                           
00003275  sqrtl                          
00003509  __aeabi_ddiv                   
0000363f  GPIOPadConfigSet               
00003895  Init_Device                    
000038e3  MYDEVICE_open                  
000038f3  MYDEVICE_close                 
000038ff  MYDEVICE_read                  
0000392b  MYDEVICE_write                 
00003959  MYDEVICE_lseek                 
00003969  MYDEVICE_unlink                
00003975  MYDEVICE_rename                
000039b9  fputs                          
00003acd  SysCtlClockGet                 
00003ced  ldexp                          
00003ced  ldexpl                         
00003ced  scalbn                         
00003ced  scalbnl                        
00003dfd  aligned_alloc                  
00003dfd  memalign                       
00003efd  __aeabi_dmul                   
00003ff9  floor                          
00003ff9  floorl                         
000040f1  free                           
000041d5  setvbuf                        
000042b1  open                           
0000436d  add_device                     
000044d9  fopen                          
00004575  __aeabi_memcpy                 
00004575  __aeabi_memcpy4                
00004575  __aeabi_memcpy8                
00004575  memcpy                         
00004611  __aeabi_uldivmod               
000046a9  fputc                          
000046a9  putc                           
00004735  __aeabi_cdcmpeq                
00004735  __aeabi_cdcmple                
000047bb  __aeabi_cdrcmple               
00004841  __aeabi_memclr                 
00004841  __aeabi_memclr4                
00004841  __aeabi_memclr8                
00004843  __aeabi_memset                 
00004843  __aeabi_memset4                
00004843  __aeabi_memset8                
00004849  memset                         
000048bd  __TI_closefile                 
00004a0f  __aeabi_d2f                    
00004a7d  HOSTrename                     
00004ae9  HOSTlseek                      
00004b51  __TI_decompress_lzss           
00004bb9  printf                         
00004c21  frexp                          
00004c21  frexpl                         
00004c85  fseek                          
00004ce9  __TI_wrt_ok                    
00004d4d  HOSTopen                       
00004dad  close                          
00004e09  HOSTread                       
00004e61  HOSTwrite                      
00004f0f  __TI_ltoa                      
00004fb5  __TI_doflush                   
00005001  atoi                           
0000504d  GPIOPinConfigure               
000050dd  exit                           
00005125  __aeabi_d2iz                   
0000516d  UARTConfigSetExpClk            
000051b5  HOSTclose                      
000051f9  HOSTunlink                     
0000523d  __TI_auto_init_nobinit_nopinit 
00005281  getdevice                      
000052c5  __aeabi_uidiv                  
000052c5  __aeabi_uidivmod               
00005345  SysCtlPeripheralPresent        
0000537d  SysCtlPeripheralReady          
000053b5  __TI_writemsg                  
000053e3  C$$IO$$                        
000053ed  __aeabi_f2d                    
00005425  strncpy                        
0000545d  SysCtlPeripheralEnable         
00005491  __TI_cleanup                   
000054c5  __TI_readmsg                   
000054f9  _c_int00_noargs                
0000552d  freopen                        
00005561  finddevice                     
00005591  __aeabi_i2d                    
000055c1  remove                         
000055c1  unlink                         
000055ed  GPIODirModeSet                 
00005641  lseek                          
00005669  write                          
00005691  UARTDisable                    
000056d1  memchr                         
0000570d  memccpy                        
00005729  copysign                       
00005729  copysignl                      
00005743  GPIOPinTypeGPIOOutput          
0000575b  strcmp                         
00005773  strchr                         
00005789  UARTEnable                     
0000579d  strcpy                         
000057b1  strlen                         
000057c5  GPIOPinTypeGPIOInput           
000057d7  GPIOPinTypeUART                
000057e9  wcslen                         
000057fd  FPUEnable                      
0000580d  __TI_decompress_none           
0000581b  __TI_zero_init                 
00005827  ResetISR                       
00005833  UARTCharGet                    
0000583d  UARTCharPut                    
00005849  __aeabi_errno_addr             
00005851  malloc                         
00005861  _system_pre_init               
00005865  C$$EXIT                        
00005865  abort                          
00005ae0  _ctypes_                       
0000627c  __TI_Handler_Table_Base        
00006288  __TI_Handler_Table_Limit       
00006290  __TI_CINIT_Base                
000062a0  __TI_CINIT_Limit               
20000000  IMX                            
20000000  __start___llvm_prf_cnts        
20000000  __stop___llvm_prf_cnts         
2000027c  MAG                            
200004f8  REX                            
20000774  __CIOBUF_                      
20000894  __TI_tmpnams                   
20000934  parmbuf                        
2000093c  signal_2                       
20000e38  _ftable                        
20000f28  _device                        
20000fa0  _stream                        
20000ff0  __TI_ft_end                    
20000ff4  __aeabi_stdin                  
20000ff8  __aeabi_stdout                 
20000ffc  __aeabi_stderr                 
20001000  __TI_cleanup_ptr               
20001004  __TI_dtors_ptr                 
20001008  __TI_enable_exit_profile_output
2000100c  _lock                          
20001010  _unlock                        
20001028  errno                          
20001038  _sys_memory                    
20001438  __stack                        
20001638  __STACK_END                    
20001638  __STACK_TOP                    
ffffffff  __TI_pprof_out_hndl            
ffffffff  __TI_prof_data_size            
ffffffff  __TI_prof_data_start           
ffffffff  __binit__                      
ffffffff  __c_args__                     
ffffffff  binit                          
UNDEFED   __mpu_init                     
UNDEFED   _system_post_cinit             

[184 symbols]
